06-06 05:40:12.147 I/Finsky  ( 5919): [2] Received an install/uninstall event for package com.instagram.lite with replacing being false
06-06 05:40:12.147 I/Finsky  ( 5919): [2] SCH: jobFinished: 37-53. TimeElapsed: 0ms.
06-06 05:40:12.152 I/Finsky  ( 5919): [325] Not an active Cubes user. Ignoring package install/uninstall event.
06-06 05:40:12.153 I/Icing   ( 2903): Usage reports ok 0, Failed Usage reports 0, indexed 0, rejected 0
06-06 05:40:12.192 I/Finsky  ( 5919): [332] SCH: Scheduling phonesky job Id: 26-1414141414, CT: 1749187448578, Constraints: [{ L: 43200000, D: 44100000, C: CHARGING_NONE, I: IDLE_NONE, N: NET_NONE, B: BATTERY_ANY }]
06-06 05:40:12.192 I/Finsky  ( 5919): [332] SCH: Scheduling phonesky job Id: 50-1029, CT: 1749188162017, Constraints: [{ L: 85690080, D: 87490080, C: CHARGING_NONE, I: IDLE_NONE, N: NET_NONE, B: BATTERY_ANY }]
06-06 05:40:12.198 I/Finsky  ( 5919): [335] SCH: Scheduling 1 system job(s)
06-06 05:40:12.198 I/Finsky  ( 5919): [335] SCH: Scheduling system job Id: 9190, L: 42236380, D: 43136380, C: false, I: false, N: 0
06-06 05:40:12.207 I/Finsky  ( 5919): [507] SCH: job service finished with id 9180.
06-06 05:40:12.248 I/gle.android.gm( 2903): Background concurrent copying GC freed 52795(2935KB) AllocSpace objects, 10(324KB) LOS objects, 43% free, 31MB/55MB, paused 1.180ms total 2.126s
06-06 05:40:12.252 I/Icing   ( 2903): Usage reports ok 0, Failed Usage reports 0, indexed 0, rejected 0
06-06 05:40:12.274 W/Conscrypt( 2903): Could not set socket write timeout: java.net.SocketException: Socket closed
06-06 05:40:12.275 W/Conscrypt( 2903): 	at com.google.android.gms.org.conscrypt.Platform.setSocketWriteTimeout(:com.google.android.gms@251833022@25.18.33 (150400-756823100):219)
06-06 05:40:12.275 W/Conscrypt( 2903): 	at com.google.android.gms.org.conscrypt.ConscryptFileDescriptorSocket.setSoWriteTimeout(:com.google.android.gms@251833022@25.18.33 (150400-756823100):4)
06-06 05:40:12.281 I/Finsky  ( 5919): [335] SCH: Scheduling phonesky job Id: 37-52, CT: 1749188411694, Constraints: [{ L: 0, D: 0, C: CHARGING_NONE, I: IDLE_NONE, N: NET_NONE, B: BATTERY_ANY }, { L: 0, D: 0, C: CHARGING_NONE, I: IDLE_NONE, N: NET_NONE, B: BATTERY_ANY }]
06-06 05:40:12.283 I/Finsky  ( 5919): [332] SCH: Scheduling 1 system job(s)
06-06 05:40:12.284 I/Finsky  ( 5919): [332] SCH: Scheduling system job Id: 9190, L: 0, D: 0, C: false, I: false, N: 0
06-06 05:40:12.287 I/Icing   ( 2903): Indexing com.google.android.gms-apps from com.google.android.gms
06-06 05:40:12.288 I/Finsky  ( 5919): [2] SCH: job service start with id 9190.
06-06 05:40:12.294 I/Icing   ( 2903): Indexing done com.google.android.gms-apps
06-06 05:40:12.298 I/Finsky  ( 5919): [497] SCH: Satisfied jobs for 9190 are: 37-52
06-06 05:40:12.298 I/Finsky  ( 5919): [507] SCH: Job 37-52 starting
06-06 05:40:12.298 I/Finsky  ( 5919): [2] Received an install/uninstall event for package com.facebook.katana with replacing being false
06-06 05:40:12.298 I/Finsky  ( 5919): [2] SCH: jobFinished: 37-52. TimeElapsed: 0ms.
06-06 05:40:12.300 I/Finsky  ( 5919): [332] Not an active Cubes user. Ignoring package install/uninstall event.
06-06 05:40:12.317 I/Finsky  ( 5919): [325] SCH: Scheduling phonesky job Id: 26-1414141414, CT: 1749187448578, Constraints: [{ L: 43200000, D: 44100000, C: CHARGING_NONE, I: IDLE_NONE, N: NET_NONE, B: BATTERY_ANY }]
06-06 05:40:12.317 I/Finsky  ( 5919): [325] SCH: Scheduling phonesky job Id: 50-1029, CT: 1749188162017, Constraints: [{ L: 85690080, D: 87490080, C: CHARGING_NONE, I: IDLE_NONE, N: NET_NONE, B: BATTERY_ANY }]
06-06 05:40:12.330 I/Finsky  ( 5919): [319] SCH: Scheduling 1 system job(s)
06-06 05:40:12.330 I/Finsky  ( 5919): [319] SCH: Scheduling system job Id: 9194, L: 42236248, D: 43136248, C: false, I: false, N: 0
06-06 05:40:12.336 I/Finsky  ( 5919): [507] SCH: job service finished with id 9190.
06-06 05:40:12.361 W/Conscrypt( 2903): Could not set socket write timeout: java.net.SocketException: Socket closed
06-06 05:40:12.361 W/Conscrypt( 2903): 	at com.google.android.gms.org.conscrypt.Platform.setSocketWriteTimeout(:com.google.android.gms@251833022@25.18.33 (150400-756823100):219)
06-06 05:40:12.361 W/Conscrypt( 2903): 	at com.google.android.gms.org.conscrypt.ConscryptFileDescriptorSocket.setSoWriteTimeout(:com.google.android.gms@251833022@25.18.33 (150400-756823100):4)
06-06 05:40:12.462 I/android.vendin( 5919): WaitForGcToComplete blocked ProfileSaver on ProfileSaver for 1.003s
06-06 05:40:12.516 E/Finsky  ( 5919): [2] Failed to load an Item com.android.vending, missing shared fields: [4], missing type-specific fields: [0, 0, 0, 0, 0, 0, 0, 0, 64]
06-06 05:40:12.516 E/Finsky  ( 5919): [2] Required items [com.android.vending]
06-06 05:40:12.516 E/Finsky  ( 5919): [2] Requested items [[com.android.vending]]
06-06 05:40:12.516 E/Finsky  ( 5919): [2] Retrieved items []
06-06 05:40:12.602 I/IntentFilterIntentOp( 2903): Verification 5 complete. Success:true. Failed hosts:. [CONTEXT service_id=244 ]
06-06 05:40:12.602 I/PackageManager( 1954): autoVerify ignored when installing for all users
06-06 05:40:22.048 W/gle.android.gm( 2903): Profile data size exceeds 500000 bytes. It has 605571 bytes.
06-06 05:40:22.133 I/NetworkScheduler.Stats( 2173): Task com.google.android.gms/com.google.android.gms.games.chimera.GamesSyncServiceMainProxy started execution. cause:4 exec_start_elapsed_seconds: 990 [CONTEXT service_id=218 ]
06-06 05:40:22.142 I/PlayGamesServices[GamesSyncAdapter]( 2903): Starting sync for fcb9e26a
06-06 05:40:22.145 I/PlayGamesServices[GamesSyncAdapter]( 2903): Sync duration for fcb9e26a: 2
06-06 05:40:22.148 I/NetworkScheduler.Stats( 2173): Task com.google.android.gms/com.google.android.gms.games.chimera.GamesSyncServiceMainProxy finished executing. cause:4 result: 1 elapsed_millis: 43 uptime_millis: 43 exec_start_elapsed_seconds: 990 [CONTEXT service_id=218 ]
06-06 05:40:22.153 W/PlayGamesServices[UiUtils]( 2903): AppVersion: Cannot find the installed destination app.
06-06 05:40:22.153 I/GetServiceValidatorImpl( 2903): onGetService() from Client SDK version [251833000], Module version [251833022], PGA version [0], Account [Account {name=<<default account>>, type=com.google}], Calling package [com.google.android.gms], Game package [com.google.android.gms] [CONTEXT service_id=1 ]
06-06 05:40:22.154 W/GetGamesServiceReqFacto( 2903): Parsing request with ignored arguments. signInOptionsBundle [Bundle[{com.google.android.gms.signin.internal.serverClientId=null, com.google.android.gms.signin.internal.usePromptModeForAuthCode=true, com.google.android.gms.signin.internal.logSessionId=null, com.google.android.gms.signin.internal.hostedDomain=null, com.google.android.gms.signin.internal.offlineAccessRequested=false, com.google.android.gms.signin.internal.waitForAccessTokenRefresh=false, com.google.android.gms.signin.internal.clientRequestedAccount=Account {name=<<default account>>, type=com.google}, com.google.android.gms.signin.internal.idTokenRequested=false, com.google.android.gms.signin.internal.forceCodeForRefreshToken=false}]], isRetryingSignIn [false], skipWelcomePopup [false], requireGooglePlus [false]
06-06 05:40:22.155 I/GetGamesServiceReqFacto( 2903): Replacing request for `games` scope with `games_lite`
06-06 05:40:22.159 I/SignInPerformer-5( 2903): Handling request [GetGamesServiceRequest{gamePackageName=com.google.android.gms, gameUid=10132, gamePlayServicesClientLibraryVersion=251833000, sdkVariation=1052947, requestedScopes=[https://www.googleapis.com/auth/games_lite], callingIdentity=CallingIdentity{uid=10132, pid=2903, packageName=com.google.android.gms, playServicesClientLibraryVersion=251833000}, requestedAccount=Optional.absent(), forceResolveAccountKey=null, requestedServiceMode=2, initiatorCategory=1}], isFirstPartyCaller [true] [CONTEXT service_id=1 ]
06-06 05:40:22.160 I/SignInPerformer-5( 2903): Successfully brokered first-party unauthenticated GamesService [CONTEXT service_id=1 ]
06-06 05:40:22.162 I/GetGamesServiceV2Op( 2903): Successfully brokered GamesService for request flr{gamePackageName=com.google.android.gms, gameUid=10132, gamePlayServicesClientLibraryVersion=251833000, sdkVariation=1052947, requestedScopes=[https://www.googleapis.com/auth/games_lite], callingIdentity=CallingIdentity{uid=10132, pid=2903, packageName=com.google.android.gms, playServicesClientLibraryVersion=251833000}, requestedAccount=Optional.absent(), forceResolveAccountKey=null, requestedServiceMode=2, initiatorCategory=1} [CONTEXT service_id=1 ]
06-06 05:40:22.162 W/PlayGamesServices[UiUtils]( 2903): AppVersion: Cannot find the installed destination app.
06-06 05:40:22.162 W/PlayGamesServices[UiUtils]( 2903): AppVersionName: Cannot find the installed destination app.
06-06 05:40:22.542 W/.gms.persisten( 2173): Profile data size exceeds 500000 bytes. It has 605571 bytes.
06-06 05:40:26.490 I/Finsky  ( 5919): [2] SCH: job service start with id 9182.
06-06 05:40:26.520 I/Finsky  ( 5919): [332] SCH: Scheduling phonesky job Id: 1-1337, CT: 1749187448490, Constraints: [{ L: 14399998, D: 46786610, C: CHARGING_NONE, I: IDLE_NONE, N: NET_ANY, B: BATTERY_ANY }]
06-06 05:40:26.520 I/Finsky  ( 5919): [332] SCH: Scheduling phonesky job Id: 10-4, CT: 1749187447510, Constraints: [{ L: 1200000, D: 86400000, C: CHARGING_NONE, I: IDLE_NONE, N: NET_ANY, B: BATTERY_ANY }]
06-06 05:40:26.520 I/Finsky  ( 5919): [332] SCH: Scheduling phonesky job Id: 12-1, CT: 1749188411759, Constraints: [{ L: 15000, D: 86400000, C: CHARGING_NONE, I: IDLE_NONE, N: NET_ANY, B: BATTERY_ANY }]
06-06 05:40:26.520 I/Finsky  ( 5919): [332] SCH: Scheduling phonesky job Id: 34-91, CT: 1749187453129, Constraints: [{ L: 79199832, D: 1375199832, C: CHARGING_NONE, I: IDLE_NONE, N: NET_ANY, B: BATTERY_ANY }]
06-06 05:40:26.520 I/Finsky  ( 5919): [332] SCH: Scheduling phonesky job Id: 34-94, CT: 1749187453472, Constraints: [{ L: 604800000, D: 2591999860, C: CHARGING_NONE, I: IDLE_NONE, N: NET_ANY, B: BATTERY_ANY }]
06-06 05:40:26.526 I/Finsky  ( 5919): [319] SCH: Scheduling 1 system job(s)
06-06 05:40:26.527 I/Finsky  ( 5919): [319] SCH: Scheduling system job Id: 9196, L: 0, D: 45808574, C: false, I: false, N: 1
06-06 05:40:26.535 I/Finsky  ( 5919): [2] SCH: job service start with id 9196.
06-06 05:40:26.541 I/Finsky  ( 5919): [507] SCH: job service finished with id 9182.
06-06 05:40:26.553 I/Finsky  ( 5919): [325] SCH: Scheduling phonesky job Id: 1-1337, CT: 1749187448490, Constraints: [{ L: 14399998, D: 46786610, C: CHARGING_NONE, I: IDLE_NONE, N: NET_ANY, B: BATTERY_ANY }]
06-06 05:40:26.553 I/Finsky  ( 5919): [325] SCH: Scheduling phonesky job Id: 10-4, CT: 1749187447510, Constraints: [{ L: 1200000, D: 86400000, C: CHARGING_NONE, I: IDLE_NONE, N: NET_ANY, B: BATTERY_ANY }]
06-06 05:40:26.553 I/Finsky  ( 5919): [325] SCH: Scheduling phonesky job Id: 12-1, CT: 1749188411759, Constraints: [{ L: 15000, D: 86400000, C: CHARGING_NONE, I: IDLE_NONE, N: NET_ANY, B: BATTERY_ANY }]
06-06 05:40:26.553 I/Finsky  ( 5919): [325] SCH: Scheduling phonesky job Id: 34-91, CT: 1749187453129, Constraints: [{ L: 79199832, D: 1375199832, C: CHARGING_NONE, I: IDLE_NONE, N: NET_ANY, B: BATTERY_ANY }]
06-06 05:40:26.553 I/Finsky  ( 5919): [325] SCH: Scheduling phonesky job Id: 34-94, CT: 1749187453472, Constraints: [{ L: 604800000, D: 2591999860, C: CHARGING_NONE, I: IDLE_NONE, N: NET_ANY, B: BATTERY_ANY }]
06-06 05:40:26.556 I/Finsky  ( 5919): [319] SCH: Scheduling 1 system job(s)
06-06 05:40:26.556 I/Finsky  ( 5919): [319] SCH: Scheduling system job Id: 9201, L: 0, D: 45808544, C: false, I: false, N: 1
06-06 05:40:26.557 I/Finsky  ( 5919): [2] SCH: job service start with id 9201.
06-06 05:40:26.563 I/Finsky  ( 5919): [507] SCH: job service finished with id 9196.
06-06 05:40:26.573 I/Finsky  ( 5919): [325] SCH: Scheduling phonesky job Id: 1-1337, CT: 1749187448490, Constraints: [{ L: 14399998, D: 46786610, C: CHARGING_NONE, I: IDLE_NONE, N: NET_ANY, B: BATTERY_ANY }]
06-06 05:40:26.573 I/Finsky  ( 5919): [325] SCH: Scheduling phonesky job Id: 10-4, CT: 1749187447510, Constraints: [{ L: 1200000, D: 86400000, C: CHARGING_NONE, I: IDLE_NONE, N: NET_ANY, B: BATTERY_ANY }]
06-06 05:40:26.573 I/Finsky  ( 5919): [325] SCH: Scheduling phonesky job Id: 12-1, CT: 1749188411759, Constraints: [{ L: 15000, D: 86400000, C: CHARGING_NONE, I: IDLE_NONE, N: NET_ANY, B: BATTERY_ANY }]
06-06 05:40:26.573 I/Finsky  ( 5919): [325] SCH: Scheduling phonesky job Id: 34-91, CT: 1749187453129, Constraints: [{ L: 79199832, D: 1375199832, C: CHARGING_NONE, I: IDLE_NONE, N: NET_ANY, B: BATTERY_ANY }]
06-06 05:40:26.573 I/Finsky  ( 5919): [325] SCH: Scheduling phonesky job Id: 34-94, CT: 1749187453472, Constraints: [{ L: 604800000, D: 2591999860, C: CHARGING_NONE, I: IDLE_NONE, N: NET_ANY, B: BATTERY_ANY }]
06-06 05:40:26.576 I/Finsky  ( 5919): [319] SCH: Scheduling 1 system job(s)
06-06 05:40:26.576 I/Finsky  ( 5919): [319] SCH: Scheduling system job Id: 9206, L: 0, D: 45808524, C: false, I: false, N: 1
06-06 05:40:26.577 I/Finsky  ( 5919): [2] SCH: job service start with id 9206.
06-06 05:40:26.578 I/Finsky  ( 5919): [507] SCH: job service finished with id 9201.
06-06 05:40:26.582 I/Finsky  ( 5919): [335] SCH: Scheduling phonesky job Id: 1-1337, CT: 1749187448490, Constraints: [{ L: 14399998, D: 46786610, C: CHARGING_NONE, I: IDLE_NONE, N: NET_ANY, B: BATTERY_ANY }]
06-06 05:40:26.582 I/Finsky  ( 5919): [335] SCH: Scheduling phonesky job Id: 10-4, CT: 1749187447510, Constraints: [{ L: 1200000, D: 86400000, C: CHARGING_NONE, I: IDLE_NONE, N: NET_ANY, B: BATTERY_ANY }]
06-06 05:40:26.582 I/Finsky  ( 5919): [335] SCH: Scheduling phonesky job Id: 12-1, CT: 1749188411759, Constraints: [{ L: 15000, D: 86400000, C: CHARGING_NONE, I: IDLE_NONE, N: NET_ANY, B: BATTERY_ANY }]
06-06 05:40:26.582 I/Finsky  ( 5919): [335] SCH: Scheduling phonesky job Id: 34-91, CT: 1749187453129, Constraints: [{ L: 79199832, D: 1375199832, C: CHARGING_NONE, I: IDLE_NONE, N: NET_ANY, B: BATTERY_ANY }]
06-06 05:40:26.583 I/Finsky  ( 5919): [335] SCH: Scheduling phonesky job Id: 34-94, CT: 1749187453472, Constraints: [{ L: 604800000, D: 2591999860, C: CHARGING_NONE, I: IDLE_NONE, N: NET_ANY, B: BATTERY_ANY }]
06-06 05:40:26.585 I/Finsky  ( 5919): [319] SCH: Scheduling 1 system job(s)
06-06 05:40:26.585 I/Finsky  ( 5919): [319] SCH: Scheduling system job Id: 9211, L: 0, D: 45808515, C: false, I: false, N: 1
06-06 05:40:26.586 I/Finsky  ( 5919): [2] SCH: job service start with id 9211.
06-06 05:40:26.588 I/Finsky  ( 5919): [507] SCH: job service finished with id 9206.
06-06 05:40:26.594 I/Finsky  ( 5919): [332] SCH: Scheduling phonesky job Id: 1-1337, CT: 1749187448490, Constraints: [{ L: 14399998, D: 46786610, C: CHARGING_NONE, I: IDLE_NONE, N: NET_ANY, B: BATTERY_ANY }]
06-06 05:40:26.594 I/Finsky  ( 5919): [332] SCH: Scheduling phonesky job Id: 10-4, CT: 1749187447510, Constraints: [{ L: 1200000, D: 86400000, C: CHARGING_NONE, I: IDLE_NONE, N: NET_ANY, B: BATTERY_ANY }]
06-06 05:40:26.594 I/Finsky  ( 5919): [332] SCH: Scheduling phonesky job Id: 12-1, CT: 1749188411759, Constraints: [{ L: 15000, D: 86400000, C: CHARGING_NONE, I: IDLE_NONE, N: NET_ANY, B: BATTERY_ANY }]
06-06 05:40:26.594 I/Finsky  ( 5919): [332] SCH: Scheduling phonesky job Id: 34-91, CT: 1749187453129, Constraints: [{ L: 79199832, D: 1375199832, C: CHARGING_NONE, I: IDLE_NONE, N: NET_ANY, B: BATTERY_ANY }]
06-06 05:40:26.594 I/Finsky  ( 5919): [332] SCH: Scheduling phonesky job Id: 34-94, CT: 1749187453472, Constraints: [{ L: 604800000, D: 2591999860, C: CHARGING_NONE, I: IDLE_NONE, N: NET_ANY, B: BATTERY_ANY }]
06-06 05:40:26.596 I/Finsky  ( 5919): [319] SCH: Scheduling 1 system job(s)
06-06 05:40:26.596 I/Finsky  ( 5919): [319] SCH: Scheduling system job Id: 9216, L: 0, D: 45808504, C: false, I: false, N: 1
06-06 05:40:26.597 I/Finsky  ( 5919): [2] SCH: job service start with id 9216.
06-06 05:40:26.601 I/Finsky  ( 5919): [507] SCH: job service finished with id 9211.
06-06 05:40:26.616 I/Finsky  ( 5919): [325] SCH: Scheduling phonesky job Id: 1-1337, CT: 1749187448490, Constraints: [{ L: 14399998, D: 46786610, C: CHARGING_NONE, I: IDLE_NONE, N: NET_ANY, B: BATTERY_ANY }]
06-06 05:40:26.616 I/Finsky  ( 5919): [325] SCH: Scheduling phonesky job Id: 10-4, CT: 1749187447510, Constraints: [{ L: 1200000, D: 86400000, C: CHARGING_NONE, I: IDLE_NONE, N: NET_ANY, B: BATTERY_ANY }]
06-06 05:40:26.616 I/Finsky  ( 5919): [325] SCH: Scheduling phonesky job Id: 12-1, CT: 1749188411759, Constraints: [{ L: 15000, D: 86400000, C: CHARGING_NONE, I: IDLE_NONE, N: NET_ANY, B: BATTERY_ANY }]
06-06 05:40:26.616 I/Finsky  ( 5919): [325] SCH: Scheduling phonesky job Id: 34-91, CT: 1749187453129, Constraints: [{ L: 79199832, D: 1375199832, C: CHARGING_NONE, I: IDLE_NONE, N: NET_ANY, B: BATTERY_ANY }]
06-06 05:40:26.616 I/Finsky  ( 5919): [325] SCH: Scheduling phonesky job Id: 34-94, CT: 1749187453472, Constraints: [{ L: 604800000, D: 2591999860, C: CHARGING_NONE, I: IDLE_NONE, N: NET_ANY, B: BATTERY_ANY }]
06-06 05:40:26.620 I/Finsky  ( 5919): [335] SCH: Scheduling 1 system job(s)
06-06 05:40:26.620 I/Finsky  ( 5919): [335] SCH: Scheduling system job Id: 9221, L: 0, D: 45808480, C: false, I: false, N: 1
06-06 05:40:26.622 I/Finsky  ( 5919): [2] SCH: job service start with id 9221.
06-06 05:40:26.626 I/Finsky  ( 5919): [507] SCH: job service finished with id 9216.
06-06 05:40:26.633 I/Finsky  ( 5919): [319] SCH: Scheduling phonesky job Id: 1-1337, CT: 1749187448490, Constraints: [{ L: 14399998, D: 46786610, C: CHARGING_NONE, I: IDLE_NONE, N: NET_ANY, B: BATTERY_ANY }]
06-06 05:40:26.633 I/Finsky  ( 5919): [319] SCH: Scheduling phonesky job Id: 10-4, CT: 1749187447510, Constraints: [{ L: 1200000, D: 86400000, C: CHARGING_NONE, I: IDLE_NONE, N: NET_ANY, B: BATTERY_ANY }]
06-06 05:40:26.634 I/Finsky  ( 5919): [319] SCH: Scheduling phonesky job Id: 12-1, CT: 1749188411759, Constraints: [{ L: 15000, D: 86400000, C: CHARGING_NONE, I: IDLE_NONE, N: NET_ANY, B: BATTERY_ANY }]
06-06 05:40:26.634 I/Finsky  ( 5919): [319] SCH: Scheduling phonesky job Id: 34-91, CT: 1749187453129, Constraints: [{ L: 79199832, D: 1375199832, C: CHARGING_NONE, I: IDLE_NONE, N: NET_ANY, B: BATTERY_ANY }]
06-06 05:40:26.634 I/Finsky  ( 5919): [319] SCH: Scheduling phonesky job Id: 34-94, CT: 1749187453472, Constraints: [{ L: 604800000, D: 2591999860, C: CHARGING_NONE, I: IDLE_NONE, N: NET_ANY, B: BATTERY_ANY }]
06-06 05:40:26.636 I/Finsky  ( 5919): [335] SCH: Scheduling 1 system job(s)
06-06 05:40:26.636 I/Finsky  ( 5919): [335] SCH: Scheduling system job Id: 9226, L: 0, D: 45808464, C: false, I: false, N: 1
06-06 05:40:26.638 I/Finsky  ( 5919): [2] SCH: job service start with id 9226.
06-06 05:40:26.640 I/Finsky  ( 5919): [507] SCH: job service finished with id 9221.
06-06 05:40:26.647 I/Finsky  ( 5919): [332] SCH: Scheduling phonesky job Id: 1-1337, CT: 1749187448490, Constraints: [{ L: 14399998, D: 46786610, C: CHARGING_NONE, I: IDLE_NONE, N: NET_ANY, B: BATTERY_ANY }]
06-06 05:40:26.648 I/Finsky  ( 5919): [332] SCH: Scheduling phonesky job Id: 10-4, CT: 1749187447510, Constraints: [{ L: 1200000, D: 86400000, C: CHARGING_NONE, I: IDLE_NONE, N: NET_ANY, B: BATTERY_ANY }]
06-06 05:40:26.648 I/Finsky  ( 5919): [332] SCH: Scheduling phonesky job Id: 12-1, CT: 1749188411759, Constraints: [{ L: 15000, D: 86400000, C: CHARGING_NONE, I: IDLE_NONE, N: NET_ANY, B: BATTERY_ANY }]
06-06 05:40:26.648 I/Finsky  ( 5919): [332] SCH: Scheduling phonesky job Id: 34-91, CT: 1749187453129, Constraints: [{ L: 79199832, D: 1375199832, C: CHARGING_NONE, I: IDLE_NONE, N: NET_ANY, B: BATTERY_ANY }]
06-06 05:40:26.648 I/Finsky  ( 5919): [332] SCH: Scheduling phonesky job Id: 34-94, CT: 1749187453472, Constraints: [{ L: 604800000, D: 2591999860, C: CHARGING_NONE, I: IDLE_NONE, N: NET_ANY, B: BATTERY_ANY }]
06-06 05:40:26.652 I/Finsky  ( 5919): [319] SCH: Scheduling 1 system job(s)
06-06 05:40:26.652 I/Finsky  ( 5919): [319] SCH: Scheduling system job Id: 9231, L: 0, D: 45808448, C: false, I: false, N: 1
06-06 05:40:26.654 I/Finsky  ( 5919): [2] SCH: job service start with id 9231.
06-06 05:40:26.662 I/Finsky  ( 5919): [507] SCH: job service finished with id 9226.
06-06 05:40:26.670 I/Finsky  ( 5919): [332] SCH: Scheduling phonesky job Id: 1-1337, CT: 1749187448490, Constraints: [{ L: 14399998, D: 46786610, C: CHARGING_NONE, I: IDLE_NONE, N: NET_ANY, B: BATTERY_ANY }]
06-06 05:40:26.670 I/Finsky  ( 5919): [332] SCH: Scheduling phonesky job Id: 10-4, CT: 1749187447510, Constraints: [{ L: 1200000, D: 86400000, C: CHARGING_NONE, I: IDLE_NONE, N: NET_ANY, B: BATTERY_ANY }]
06-06 05:40:26.670 I/Finsky  ( 5919): [332] SCH: Scheduling phonesky job Id: 12-1, CT: 1749188411759, Constraints: [{ L: 15000, D: 86400000, C: CHARGING_NONE, I: IDLE_NONE, N: NET_ANY, B: BATTERY_ANY }]
06-06 05:40:26.670 I/Finsky  ( 5919): [332] SCH: Scheduling phonesky job Id: 34-91, CT: 1749187453129, Constraints: [{ L: 79199832, D: 1375199832, C: CHARGING_NONE, I: IDLE_NONE, N: NET_ANY, B: BATTERY_ANY }]
06-06 05:40:26.670 I/Finsky  ( 5919): [332] SCH: Scheduling phonesky job Id: 34-94, CT: 1749187453472, Constraints: [{ L: 604800000, D: 2591999860, C: CHARGING_NONE, I: IDLE_NONE, N: NET_ANY, B: BATTERY_ANY }]
06-06 05:40:26.672 I/Finsky  ( 5919): [319] SCH: Scheduling 1 system job(s)
06-06 05:40:26.672 I/Finsky  ( 5919): [319] SCH: Scheduling system job Id: 9236, L: 0, D: 45808428, C: false, I: false, N: 1
06-06 05:40:26.673 I/Finsky  ( 5919): [2] SCH: job service start with id 9236.
06-06 05:40:26.676 I/Finsky  ( 5919): [507] SCH: job service finished with id 9231.
06-06 05:40:26.682 I/Finsky  ( 5919): [335] SCH: Scheduling phonesky job Id: 1-1337, CT: 1749187448490, Constraints: [{ L: 14399998, D: 46786610, C: CHARGING_NONE, I: IDLE_NONE, N: NET_ANY, B: BATTERY_ANY }]
06-06 05:40:26.682 I/Finsky  ( 5919): [335] SCH: Scheduling phonesky job Id: 10-4, CT: 1749187447510, Constraints: [{ L: 1200000, D: 86400000, C: CHARGING_NONE, I: IDLE_NONE, N: NET_ANY, B: BATTERY_ANY }]
06-06 05:40:26.682 I/Finsky  ( 5919): [335] SCH: Scheduling phonesky job Id: 12-1, CT: 1749188411759, Constraints: [{ L: 15000, D: 86400000, C: CHARGING_NONE, I: IDLE_NONE, N: NET_ANY, B: BATTERY_ANY }]
06-06 05:40:26.682 I/Finsky  ( 5919): [335] SCH: Scheduling phonesky job Id: 34-91, CT: 1749187453129, Constraints: [{ L: 79199832, D: 1375199832, C: CHARGING_NONE, I: IDLE_NONE, N: NET_ANY, B: BATTERY_ANY }]
06-06 05:40:26.682 I/Finsky  ( 5919): [335] SCH: Scheduling phonesky job Id: 34-94, CT: 1749187453472, Constraints: [{ L: 604800000, D: 2591999860, C: CHARGING_NONE, I: IDLE_NONE, N: NET_ANY, B: BATTERY_ANY }]
06-06 05:40:26.684 I/Finsky  ( 5919): [319] SCH: Scheduling 1 system job(s)
06-06 05:40:26.684 I/Finsky  ( 5919): [319] SCH: Scheduling system job Id: 9241, L: 0, D: 45808416, C: false, I: false, N: 1
06-06 05:40:26.685 I/Finsky  ( 5919): [2] SCH: job service start with id 9241.
06-06 05:40:26.688 I/Finsky  ( 5919): [507] SCH: job service finished with id 9236.
06-06 05:40:26.696 I/Finsky  ( 5919): [335] SCH: Scheduling phonesky job Id: 1-1337, CT: 1749187448490, Constraints: [{ L: 14399998, D: 46786610, C: CHARGING_NONE, I: IDLE_NONE, N: NET_ANY, B: BATTERY_ANY }]
06-06 05:40:26.696 I/Finsky  ( 5919): [335] SCH: Scheduling phonesky job Id: 10-4, CT: 1749187447510, Constraints: [{ L: 1200000, D: 86400000, C: CHARGING_NONE, I: IDLE_NONE, N: NET_ANY, B: BATTERY_ANY }]
06-06 05:40:26.697 I/Finsky  ( 5919): [335] SCH: Scheduling phonesky job Id: 12-1, CT: 1749188411759, Constraints: [{ L: 15000, D: 86400000, C: CHARGING_NONE, I: IDLE_NONE, N: NET_ANY, B: BATTERY_ANY }]
06-06 05:40:26.697 I/Finsky  ( 5919): [335] SCH: Scheduling phonesky job Id: 34-91, CT: 1749187453129, Constraints: [{ L: 79199832, D: 1375199832, C: CHARGING_NONE, I: IDLE_NONE, N: NET_ANY, B: BATTERY_ANY }]
06-06 05:40:26.697 I/Finsky  ( 5919): [335] SCH: Scheduling phonesky job Id: 34-94, CT: 1749187453472, Constraints: [{ L: 604800000, D: 2591999860, C: CHARGING_NONE, I: IDLE_NONE, N: NET_ANY, B: BATTERY_ANY }]
06-06 05:40:26.700 I/Finsky  ( 5919): [319] SCH: Scheduling 1 system job(s)
06-06 05:40:26.700 I/Finsky  ( 5919): [319] SCH: Scheduling system job Id: 9246, L: 0, D: 45808400, C: false, I: false, N: 1
06-06 05:40:26.703 I/Finsky  ( 5919): [2] SCH: job service start with id 9246.
06-06 05:40:26.705 I/Finsky  ( 5919): [507] SCH: job service finished with id 9241.
06-06 05:40:26.711 I/Finsky  ( 5919): [332] SCH: Scheduling phonesky job Id: 1-1337, CT: 1749187448490, Constraints: [{ L: 14399998, D: 46786610, C: CHARGING_NONE, I: IDLE_NONE, N: NET_ANY, B: BATTERY_ANY }]
06-06 05:40:26.711 I/Finsky  ( 5919): [332] SCH: Scheduling phonesky job Id: 10-4, CT: 1749187447510, Constraints: [{ L: 1200000, D: 86400000, C: CHARGING_NONE, I: IDLE_NONE, N: NET_ANY, B: BATTERY_ANY }]
06-06 05:40:26.711 I/Finsky  ( 5919): [332] SCH: Scheduling phonesky job Id: 12-1, CT: 1749188411759, Constraints: [{ L: 15000, D: 86400000, C: CHARGING_NONE, I: IDLE_NONE, N: NET_ANY, B: BATTERY_ANY }]
06-06 05:40:26.711 I/Finsky  ( 5919): [332] SCH: Scheduling phonesky job Id: 34-91, CT: 1749187453129, Constraints: [{ L: 79199832, D: 1375199832, C: CHARGING_NONE, I: IDLE_NONE, N: NET_ANY, B: BATTERY_ANY }]
06-06 05:40:26.711 I/Finsky  ( 5919): [332] SCH: Scheduling phonesky job Id: 34-94, CT: 1749187453472, Constraints: [{ L: 604800000, D: 2591999860, C: CHARGING_NONE, I: IDLE_NONE, N: NET_ANY, B: BATTERY_ANY }]
06-06 05:40:26.716 I/Finsky  ( 5919): [319] SCH: Scheduling 1 system job(s)
06-06 05:40:26.716 I/Finsky  ( 5919): [319] SCH: Scheduling system job Id: 9251, L: 0, D: 45808384, C: false, I: false, N: 1
06-06 05:40:26.717 I/Finsky  ( 5919): [2] SCH: job service start with id 9251.
06-06 05:40:26.720 I/Finsky  ( 5919): [507] SCH: job service finished with id 9246.
06-06 05:40:26.729 I/Finsky  ( 5919): [335] SCH: Scheduling phonesky job Id: 1-1337, CT: 1749187448490, Constraints: [{ L: 14399998, D: 46786610, C: CHARGING_NONE, I: IDLE_NONE, N: NET_ANY, B: BATTERY_ANY }]
06-06 05:40:26.729 I/Finsky  ( 5919): [335] SCH: Scheduling phonesky job Id: 10-4, CT: 1749187447510, Constraints: [{ L: 1200000, D: 86400000, C: CHARGING_NONE, I: IDLE_NONE, N: NET_ANY, B: BATTERY_ANY }]
06-06 05:40:26.729 I/Finsky  ( 5919): [335] SCH: Scheduling phonesky job Id: 12-1, CT: 1749188411759, Constraints: [{ L: 15000, D: 86400000, C: CHARGING_NONE, I: IDLE_NONE, N: NET_ANY, B: BATTERY_ANY }]
06-06 05:40:26.729 I/Finsky  ( 5919): [335] SCH: Scheduling phonesky job Id: 34-91, CT: 1749187453129, Constraints: [{ L: 79199832, D: 1375199832, C: CHARGING_NONE, I: IDLE_NONE, N: NET_ANY, B: BATTERY_ANY }]
06-06 05:40:26.729 I/Finsky  ( 5919): [335] SCH: Scheduling phonesky job Id: 34-94, CT: 1749187453472, Constraints: [{ L: 604800000, D: 2591999860, C: CHARGING_NONE, I: IDLE_NONE, N: NET_ANY, B: BATTERY_ANY }]
06-06 05:40:26.732 I/Finsky  ( 5919): [319] SCH: Scheduling 1 system job(s)
06-06 05:40:26.732 I/Finsky  ( 5919): [319] SCH: Scheduling system job Id: 9256, L: 0, D: 45808368, C: false, I: false, N: 1
06-06 05:40:26.733 I/Finsky  ( 5919): [2] SCH: job service start with id 9256.
06-06 05:40:26.736 I/Finsky  ( 5919): [507] SCH: job service finished with id 9251.
06-06 05:40:26.743 I/Finsky  ( 5919): [332] SCH: Scheduling phonesky job Id: 1-1337, CT: 1749187448490, Constraints: [{ L: 14399998, D: 46786610, C: CHARGING_NONE, I: IDLE_NONE, N: NET_ANY, B: BATTERY_ANY }]
06-06 05:40:26.743 I/Finsky  ( 5919): [332] SCH: Scheduling phonesky job Id: 10-4, CT: 1749187447510, Constraints: [{ L: 1200000, D: 86400000, C: CHARGING_NONE, I: IDLE_NONE, N: NET_ANY, B: BATTERY_ANY }]
06-06 05:40:26.743 I/Finsky  ( 5919): [332] SCH: Scheduling phonesky job Id: 12-1, CT: 1749188411759, Constraints: [{ L: 15000, D: 86400000, C: CHARGING_NONE, I: IDLE_NONE, N: NET_ANY, B: BATTERY_ANY }]
06-06 05:40:26.743 I/Finsky  ( 5919): [332] SCH: Scheduling phonesky job Id: 34-91, CT: 1749187453129, Constraints: [{ L: 79199832, D: 1375199832, C: CHARGING_NONE, I: IDLE_NONE, N: NET_ANY, B: BATTERY_ANY }]
06-06 05:40:26.743 I/Finsky  ( 5919): [332] SCH: Scheduling phonesky job Id: 34-94, CT: 1749187453472, Constraints: [{ L: 604800000, D: 2591999860, C: CHARGING_NONE, I: IDLE_NONE, N: NET_ANY, B: BATTERY_ANY }]
06-06 05:40:26.744 I/Finsky  ( 5919): [319] SCH: Scheduling 1 system job(s)
06-06 05:40:26.744 I/Finsky  ( 5919): [319] SCH: Scheduling system job Id: 9261, L: 0, D: 45808356, C: false, I: false, N: 1
06-06 05:40:26.746 I/Finsky  ( 5919): [2] SCH: job service start with id 9261.
06-06 05:40:26.751 I/Finsky  ( 5919): [507] SCH: job service finished with id 9256.
06-06 05:40:26.761 I/Finsky  ( 5919): [335] SCH: Scheduling phonesky job Id: 1-1337, CT: 1749187448490, Constraints: [{ L: 14399998, D: 46786610, C: CHARGING_NONE, I: IDLE_NONE, N: NET_ANY, B: BATTERY_ANY }]
06-06 05:40:26.761 I/Finsky  ( 5919): [335] SCH: Scheduling phonesky job Id: 10-4, CT: 1749187447510, Constraints: [{ L: 1200000, D: 86400000, C: CHARGING_NONE, I: IDLE_NONE, N: NET_ANY, B: BATTERY_ANY }]
06-06 05:40:26.761 I/Finsky  ( 5919): [335] SCH: Scheduling phonesky job Id: 12-1, CT: 1749188411759, Constraints: [{ L: 15000, D: 86400000, C: CHARGING_NONE, I: IDLE_NONE, N: NET_ANY, B: BATTERY_ANY }]
06-06 05:40:26.761 I/Finsky  ( 5919): [335] SCH: Scheduling phonesky job Id: 34-91, CT: 1749187453129, Constraints: [{ L: 79199832, D: 1375199832, C: CHARGING_NONE, I: IDLE_NONE, N: NET_ANY, B: BATTERY_ANY }]
06-06 05:40:26.761 I/Finsky  ( 5919): [335] SCH: Scheduling phonesky job Id: 34-94, CT: 1749187453472, Constraints: [{ L: 604800000, D: 2591999860, C: CHARGING_NONE, I: IDLE_NONE, N: NET_ANY, B: BATTERY_ANY }]
06-06 05:40:26.766 I/Finsky  ( 5919): [332] SCH: Scheduling 1 system job(s)
06-06 05:40:26.766 I/Finsky  ( 5919): [332] SCH: Scheduling system job Id: 9266, L: 0, D: 45808334, C: false, I: false, N: 1
06-06 05:40:26.767 I/Finsky  ( 5919): [2] SCH: job service start with id 9266.
06-06 05:40:26.769 I/Finsky  ( 5919): [507] SCH: job service finished with id 9261.
06-06 05:40:26.770 I/Finsky  ( 5919): [497] SCH: Satisfied jobs for 9266 are: 12-1
06-06 05:40:26.772 I/Finsky  ( 5919): [507] SCH: Job 12-1 starting
06-06 05:40:26.773 I/Finsky  ( 5919): [2] [ContentSync] job started
06-06 05:40:26.885 I/ActivityManager( 1954): Waited long enough for: ServiceRecord{f4aacd1 u0 com.google.android.gms/.statementservice.OperationService}
06-06 05:40:27.088 I/Finsky  ( 5919): [2] App states replicator found 2 unowned apps
06-06 05:40:27.211 D/BoundBrokerSvc( 2903): onUnbind: Intent { act=com.google.android.gms.feedback.internal.IFeedbackService dat=chimera-action: cmp=com.google.android.gms/.chimera.GmsBoundBrokerService }
06-06 05:40:27.586 E/Volley  ( 5919): [351] lvw.a: Unexpected response code 429 for https://play-fe.googleapis.com/fdfe/apps/contentSync?nocache_qos=lt
06-06 05:40:27.588 I/Finsky  ( 5919): [508] Completed 1 account content syncs with 0 successful.
06-06 05:40:27.588 I/Finsky  ( 5919): [2] [ContentSync] Installation state replication failed, parameters=Id: 12-1, CT: 1749188411759, Constraints: [{ L: 15000, D: 86400000, C: CHARGING_NONE, I: IDLE_NONE, N: NET_ANY, B: BATTERY_ANY }].
06-06 05:40:27.588 I/Finsky  ( 5919): [2] [ContentSync] Scheduling replication attempt 0.
06-06 05:40:27.589 I/Finsky  ( 5919): [2] SCH: jobFinished: 12-1. TimeElapsed: 816ms.
06-06 05:40:27.593 I/Finsky  ( 5919): [497] SCH: Attempting to reschedule job: Id: 12-1, Constraints: [{ L: 20000, D: 86400000, C: CHARGING_NONE, I: IDLE_NONE, N: NET_ANY, B: BATTERY_ANY }]
06-06 05:40:27.595 I/Finsky  ( 5919): [332] SCH: Scheduling phonesky job Id: 1-1337, CT: 1749187448490, Constraints: [{ L: 14399998, D: 46786610, C: CHARGING_NONE, I: IDLE_NONE, N: NET_ANY, B: BATTERY_ANY }]
06-06 05:40:27.595 I/Finsky  ( 5919): [332] SCH: Scheduling phonesky job Id: 10-4, CT: 1749187447510, Constraints: [{ L: 1200000, D: 86400000, C: CHARGING_NONE, I: IDLE_NONE, N: NET_ANY, B: BATTERY_ANY }]
06-06 05:40:27.595 I/Finsky  ( 5919): [332] SCH: Scheduling phonesky job Id: 34-91, CT: 1749187453129, Constraints: [{ L: 79199832, D: 1375199832, C: CHARGING_NONE, I: IDLE_NONE, N: NET_ANY, B: BATTERY_ANY }]
06-06 05:40:27.595 I/Finsky  ( 5919): [332] SCH: Scheduling phonesky job Id: 34-94, CT: 1749187453472, Constraints: [{ L: 604800000, D: 2591999860, C: CHARGING_NONE, I: IDLE_NONE, N: NET_ANY, B: BATTERY_ANY }]
06-06 05:40:27.596 I/Finsky  ( 5919): [319] SCH: Scheduling 1 system job(s)
06-06 05:40:27.596 I/Finsky  ( 5919): [319] SCH: Scheduling system job Id: 9271, L: 219914, D: 45807504, C: false, I: false, N: 1
06-06 05:40:27.598 I/Finsky  ( 5919): [507] SCH: job service finished with id 9266.
06-06 05:40:27.696 I/Finsky  ( 5919): [335] SCH: Scheduling phonesky job Id: 12-1, CT: 1749188427593, Constraints: [{ L: 20000, D: 86400000, C: CHARGING_NONE, I: IDLE_NONE, N: NET_ANY, B: BATTERY_ANY }]
06-06 05:40:27.698 I/Finsky  ( 5919): [319] SCH: Scheduling 1 system job(s)
06-06 05:40:27.698 I/Finsky  ( 5919): [319] SCH: Scheduling system job Id: 9271, L: 19895, D: 45807402, C: false, I: false, N: 1
06-06 05:40:47.629 I/Finsky  ( 5919): [2] SCH: job service start with id 9271.
06-06 05:40:47.677 I/Finsky  ( 5919): [497] SCH: Satisfied jobs for 9271 are: 12-1
06-06 05:40:47.689 I/Finsky  ( 5919): [507] SCH: Job 12-1 starting
06-06 05:40:47.704 I/Finsky  ( 5919): [2] [ContentSync] job started
06-06 05:40:48.098 I/Finsky  ( 5919): [2] App states replicator found 2 unowned apps
06-06 05:40:48.679 I/Finsky  ( 5919): [508] Completed 1 account content syncs with 1 successful.
06-06 05:40:48.679 I/Finsky  ( 5919): [2] [ContentSync] Installation state replication succeeded.
06-06 05:40:48.680 I/Finsky  ( 5919): [2] SCH: jobFinished: 12-1. TimeElapsed: 988ms.
06-06 05:40:48.698 I/Finsky  ( 5919): [319] SCH: Scheduling phonesky job Id: 1-1337, CT: 1749187448490, Constraints: [{ L: 14399998, D: 46786610, C: CHARGING_NONE, I: IDLE_NONE, N: NET_ANY, B: BATTERY_ANY }]
06-06 05:40:48.698 I/Finsky  ( 5919): [319] SCH: Scheduling phonesky job Id: 10-4, CT: 1749187447510, Constraints: [{ L: 1200000, D: 86400000, C: CHARGING_NONE, I: IDLE_NONE, N: NET_ANY, B: BATTERY_ANY }]
06-06 05:40:48.699 I/Finsky  ( 5919): [319] SCH: Scheduling phonesky job Id: 34-91, CT: 1749187453129, Constraints: [{ L: 79199832, D: 1375199832, C: CHARGING_NONE, I: IDLE_NONE, N: NET_ANY, B: BATTERY_ANY }]
06-06 05:40:48.699 I/Finsky  ( 5919): [319] SCH: Scheduling phonesky job Id: 34-94, CT: 1749187453472, Constraints: [{ L: 604800000, D: 2591999860, C: CHARGING_NONE, I: IDLE_NONE, N: NET_ANY, B: BATTERY_ANY }]
06-06 05:40:48.701 I/Finsky  ( 5919): [325] SCH: Scheduling 1 system job(s)
06-06 05:40:48.702 I/Finsky  ( 5919): [325] SCH: Scheduling system job Id: 9276, L: 198809, D: 45786399, C: false, I: false, N: 1
06-06 05:40:48.708 I/Finsky  ( 5919): [507] SCH: job service finished with id 9271.
06-06 05:40:57.469 I/Finsky  ( 5919): [319] AIM: AppInfoManager-Perf > Destroying AppInfoManager ...
06-06 05:41:00.386 D/KeyguardClockSwitch( 2195): Updating clock: 541
