06-06 05:41:18.080 I/Finsky  ( 5919): [507] SCH: job service finished with id 9283.
06-06 05:41:18.097 W/Conscrypt( 2903): Could not set socket write timeout: java.net.SocketException: Socket closed
06-06 05:41:18.097 W/Conscrypt( 2903): 	at com.google.android.gms.org.conscrypt.Platform.setSocketWriteTimeout(:com.google.android.gms@251833022@25.18.33 (150400-756823100):219)
06-06 05:41:18.097 W/Conscrypt( 2903): 	at com.google.android.gms.org.conscrypt.ConscryptFileDescriptorSocket.setSoWriteTimeout(:com.google.android.gms@251833022@25.18.33 (150400-756823100):4)
06-06 05:41:18.105 W/FSA2_GoogleAccountUtil( 2903): Syncing device contacts is off.
06-06 05:41:18.120 E/FSA2_CpgSessionManager( 2903): Failed to initialize schema
06-06 05:41:18.123 I/FSA2_FirstFullSyncsDetector( 2903): First full syncs finished before.
06-06 05:41:18.128 W/ChimeraUtils( 2903): Module com.google.android.gms.people missing resource null(0)
06-06 05:41:18.167 D/BoundBrokerSvc( 2903): onBind: Intent { act=com.google.android.gms.people.contactssync.service.START dat=chimera-action: cmp=com.google.android.gms/.chimera.GmsBoundBrokerService }
06-06 05:41:18.167 D/BoundBrokerSvc( 2903): Loading bound service for intent: Intent { act=com.google.android.gms.people.contactssync.service.START dat=chimera-action: cmp=com.google.android.gms/.chimera.GmsBoundBrokerService }
06-06 05:41:18.174 I/PeopleChimeraService( 2903): onService. callbacks = cbsm@e3aee64, request = com.google.android.gms.common.internal.GetServiceRequest@91228cd
06-06 05:41:18.178 I/FSA2_SyncState( 2903): @readSyncState: # dbuh@cbe6b72d
06-06 05:41:18.226 I/FSA2_SyncState( 2903): @readSyncState: # dbuh@cbe6b72d
06-06 05:41:18.265 W/GLSUser ( 2173): [DeviceKeyStore] Cannot load key: Device key file not found.
06-06 05:41:18.289 I/d.process.acor( 2776): Background concurrent copying GC freed 9076(599KB) AllocSpace objects, 0(0B) LOS objects, 49% free, 2240KB/4481KB, paused 16us total 101.806ms
06-06 05:41:18.352 I/IntentFilterIntentOp( 2903): Verification 6 complete. Success:true. Failed hosts:. [CONTEXT service_id=244 ]
06-06 05:41:18.355 I/PackageManager( 1954): autoVerify ignored when installing for all users
06-06 05:41:18.490 I/Finsky  ( 5919): [325] Installer package name of package com.android.calendar is 
06-06 05:41:18.490 I/Finsky  ( 5919): [325] Installer package name of package com.android.camera2 is 
06-06 05:41:18.490 I/Finsky  ( 5919): [325] Installer package name of package com.android.contacts is 
06-06 05:41:18.490 I/Finsky  ( 5919): [325] Installer package name of package com.android.deskclock is 
06-06 05:41:18.490 I/Finsky  ( 5919): [325] Installer package name of package com.android.dialer is 
06-06 05:41:18.490 I/Finsky  ( 5919): [325] Installer package name of package com.android.gallery3d is 
06-06 05:41:18.490 I/Finsky  ( 5919): [325] Installer package name of package com.android.messaging is 
06-06 05:41:18.490 I/Finsky  ( 5919): [325] Installer package name of package com.android.settings is 
06-06 05:41:18.490 I/Finsky  ( 5919): [325] Installer package name of package com.amaze.filemanager is 
06-06 05:41:18.490 I/Finsky  ( 5919): [325] Installer package name of package com.android.customlocale2 is 
06-06 05:41:18.490 I/Finsky  ( 5919): [325] Installer package name of package com.android.development is 
06-06 05:41:18.490 I/Finsky  ( 5919): [325] Installer package name of package com.android.development_settings is 
06-06 05:41:18.490 I/Finsky  ( 5919): [325] Installer package name of package com.android.documentsui is 
06-06 05:41:18.490 I/Finsky  ( 5919): [325] Installer package name of package com.android.quicksearchbox is 
06-06 05:41:18.490 I/Finsky  ( 5919): [325] Installer package name of package com.genymotion.superuser is 
06-06 05:41:18.490 I/Finsky  ( 5919): [325] Installer package name of package org.chromium.webview_shell is 
06-06 05:41:18.490 I/Finsky  ( 5919): [325] Installer package name of package com.whatsapp is 
06-06 05:41:18.847 D/Sensors ( 1760): batch handle 1, but there is no batch sensor in genymotion
06-06 05:41:18.851 D/Sensors ( 1760): batch handle 3, but there is no batch sensor in genymotion
06-06 05:41:18.859 D/Sensors ( 1760): batch handle 2, but there is no batch sensor in genymotion
06-06 05:41:19.099 D/Sensors ( 1760): batch handle 1, but there is no batch sensor in genymotion
06-06 05:41:19.100 D/Sensors ( 1760): batch handle 3, but there is no batch sensor in genymotion
06-06 05:41:19.101 D/Sensors ( 1760): batch handle 1, but there is no batch sensor in genymotion
06-06 05:41:19.110 E/Finsky  ( 5919): [2] Failed to load an Item com.android.vending, missing shared fields: [4], missing type-specific fields: [0, 0, 0, 0, 0, 0, 0, 0, 64]
06-06 05:41:19.110 E/Finsky  ( 5919): [2] Required items [com.android.vending]
06-06 05:41:19.110 E/Finsky  ( 5919): [2] Requested items [[com.android.vending]]
06-06 05:41:19.110 E/Finsky  ( 5919): [2] Retrieved items []
06-06 05:41:19.164 W/GmsUrlRequestImpl( 2173): Content-Type header is overwritten.
06-06 05:41:19.828 W/GLSUser ( 2173): [AppCertManager] Exception while requesting key: 
06-06 05:41:19.828 W/GLSUser ( 2173): java.util.concurrent.ExecutionException: ccru: Parse Proto Exception with response code 400
06-06 05:41:19.828 W/GLSUser ( 2173): 	at faea.j(:com.google.android.gms@251833022@25.18.33 (150400-756823100):21)
06-06 05:41:19.828 W/GLSUser ( 2173): 	at faej.u(:com.google.android.gms@251833022@25.18.33 (150400-756823100):71)
06-06 05:41:19.828 W/GLSUser ( 2173): 	at aefs.b(:com.google.android.gms@251833022@25.18.33 (150400-756823100):439)
06-06 05:41:19.828 W/GLSUser ( 2173): 	at aefq.a(:com.google.android.gms@251833022@25.18.33 (150400-756823100):69)
06-06 05:41:19.828 W/GLSUser ( 2173): 	at aefq.fz(:com.google.android.gms@251833022@25.18.33 (150400-756823100):16)
06-06 05:41:19.828 W/GLSUser ( 2173): 	at syh.onTransact(:com.google.android.gms@251833022@25.18.33 (150400-756823100):97)
06-06 05:41:19.828 W/GLSUser ( 2173): 	at android.os.Binder.transact(Binder.java:1043)
06-06 05:41:19.828 W/GLSUser ( 2173): 	at buyd.onTransact(:com.google.android.gms@251833022@25.18.33 (150400-756823100):10)
06-06 05:41:19.828 W/GLSUser ( 2173): 	at android.os.Binder.transact(Binder.java:1043)
06-06 05:41:19.828 W/GLSUser ( 2173): 	at blnn.onTransact(:com.google.android.gms@251833022@25.18.33 (150400-756823100):148)
06-06 05:41:19.828 W/GLSUser ( 2173): 	at android.os.Binder.execTransactInternal(Binder.java:1159)
06-06 05:41:19.828 W/GLSUser ( 2173): 	at android.os.Binder.execTransact(Binder.java:1123)
06-06 05:41:19.828 W/GLSUser ( 2173): Caused by: ccru: Parse Proto Exception with response code 400
06-06 05:41:19.828 W/GLSUser ( 2173): 	at ccsz.b(:com.google.android.gms@251833022@25.18.33 (150400-756823100):80)
06-06 05:41:19.828 W/GLSUser ( 2173): 	at ccvp.d(:com.google.android.gms@251833022@25.18.33 (150400-756823100):18)
06-06 05:41:19.828 W/GLSUser ( 2173): 	at ccwd.onSucceeded(:com.google.android.gms@251833022@25.18.33 (150400-756823100):9)
06-06 05:41:19.828 W/GLSUser ( 2173): 	at m1.mb.onSucceeded(:com.google.android.gms.dynamite_cronetdynamite@251833022@25.18.33 (150400-0):3)
06-06 05:41:19.828 W/GLSUser ( 2173): 	at m1.kz.run(:com.google.android.gms.dynamite_cronetdynamite@251833022@25.18.33 (150400-0):21)
06-06 05:41:19.828 W/GLSUser ( 2173): 	at m1.kt.run(:com.google.android.gms.dynamite_cronetdynamite@251833022@25.18.33 (150400-0):31)
06-06 05:41:19.828 W/GLSUser ( 2173): 	at avvk.c(:com.google.android.gms@251833022@25.18.33 (150400-756823100):50)
06-06 05:41:19.828 W/GLSUser ( 2173): 	at avvk.run(:com.google.android.gms@251833022@25.18.33 (150400-756823100):70)
06-06 05:41:19.828 W/GLSUser ( 2173): 	at java.util.concurrent.ThreadPoolExecutor.runWorker(ThreadPoolExecutor.java:1167)
06-06 05:41:19.828 W/GLSUser ( 2173): 	at java.util.concurrent.ThreadPoolExecutor$Worker.run(ThreadPoolExecutor.java:641)
06-06 05:41:19.828 W/GLSUser ( 2173): 	at awaz.run(:com.google.android.gms@251833022@25.18.33 (150400-756823100):8)
06-06 05:41:19.828 W/GLSUser ( 2173): 	at java.lang.Thread.run(Thread.java:923)
06-06 05:41:19.828 W/GLSUser ( 2173): Caused by: frqz: Protocol message contained an invalid tag (zero).
06-06 05:41:19.828 W/GLSUser ( 2173): 	at froa.k(:com.google.android.gms@251833022@25.18.33 (150400-756823100):43)
06-06 05:41:19.828 W/GLSUser ( 2173): 	at frrz.c(:com.google.android.gms@251833022@25.18.33 (150400-756823100):398)
06-06 05:41:19.828 W/GLSUser ( 2173): 	at frrz.i(:com.google.android.gms@251833022@25.18.33 (150400-756823100):8)
06-06 05:41:19.828 W/GLSUser ( 2173): 	at frqe.y(:com.google.android.gms@251833022@25.18.33 (150400-756823100):23)
06-06 05:41:19.828 W/GLSUser ( 2173): 	at frpz.f(:com.google.android.gms@251833022@25.18.33 (150400-756823100):3)
06-06 05:41:19.828 W/GLSUser ( 2173): 	at frnw.d(:com.google.android.gms@251833022@25.18.33 (150400-756823100):1)
06-06 05:41:19.828 W/GLSUser ( 2173): 	at frnw.c(:com.google.android.gms@251833022@25.18.33 (150400-756823100):3)
06-06 05:41:19.828 W/GLSUser ( 2173): 	at frnw.n(:com.google.android.gms@251833022@25.18.33 (150400-756823100):1)
06-06 05:41:19.828 W/GLSUser ( 2173): 	at ccsz.g(:com.google.android.gms@251833022@25.18.33 (150400-756823100):69)
06-06 05:41:19.828 W/GLSUser ( 2173): 	at ccsz.b(:com.google.android.gms@251833022@25.18.33 (150400-756823100):11)
06-06 05:41:19.828 W/GLSUser ( 2173): 	... 11 more
06-06 05:41:19.833 W/GLSUser ( 2173): [DeviceKeyStore] Cannot load key: Device key file not found.
06-06 05:41:19.979 W/Conscrypt( 2903): Could not set socket write timeout: java.net.SocketException: Socket closed
06-06 05:41:19.979 W/Conscrypt( 2903): 	at com.google.android.gms.org.conscrypt.Platform.setSocketWriteTimeout(:com.google.android.gms@251833022@25.18.33 (150400-756823100):219)
06-06 05:41:19.979 W/Conscrypt( 2903): 	at com.google.android.gms.org.conscrypt.ConscryptFileDescriptorSocket.setSoWriteTimeout(:com.google.android.gms@251833022@25.18.33 (150400-756823100):4)
06-06 05:41:20.062 W/Conscrypt( 2903): Could not set socket write timeout: java.net.SocketException: Socket closed
06-06 05:41:20.062 W/Conscrypt( 2903): 	at com.google.android.gms.org.conscrypt.Platform.setSocketWriteTimeout(:com.google.android.gms@251833022@25.18.33 (150400-756823100):219)
06-06 05:41:20.062 W/Conscrypt( 2903): 	at com.google.android.gms.org.conscrypt.ConscryptFileDescriptorSocket.setSoWriteTimeout(:com.google.android.gms@251833022@25.18.33 (150400-756823100):4)
06-06 05:41:20.319 I/FSA2_GroupSyncGrpc( 2903): Received non-null API-group response
06-06 05:41:20.329 I/FSA2_SyncState( 2903): @readSyncState: # dbuh@cbe6b72d
06-06 05:41:20.367 I/FSA2_SyncState( 2903): @readSyncState: # dbuh@533dd75
06-06 05:41:20.372 W/GLSUser ( 2173): [DeviceKeyStore] Cannot load key: Device key file not found.
06-06 05:41:20.372 W/GLSUser ( 2173): [DeviceKeyStore] Cannot load key: Device key file not found.
06-06 05:41:20.393 I/NetworkScheduler.Stats( 2173): Task com.google.android.gms/com.google.android.gms.icing.proxy.IcingInternalCorporaUpdateService started execution. cause:9 exec_start_elapsed_seconds: 1048 [CONTEXT service_id=218 ]
06-06 05:41:20.396 I/NetworkScheduler.Stats( 2173): Task com.google.android.gms/com.google.android.gms.icing.proxy.IcingInternalCorporaUpdateService finished executing. cause:9 result: 1 elapsed_millis: 11 uptime_millis: 11 exec_start_elapsed_seconds: 1048 [CONTEXT service_id=218 ]
06-06 05:41:20.425 I/NetworkScheduler.Stats( 2173): Task com.google.android.gms/com.google.android.gms.games.chimera.GamesSyncServiceMainProxy started execution. cause:5 exec_start_elapsed_seconds: 1048 [CONTEXT service_id=218 ]
06-06 05:41:20.430 I/PlayGamesServices[GamesSyncAdapter]( 2903): Starting sync for fcb9e26a
06-06 05:41:20.432 I/PlayGamesServices[GamesSyncAdapter]( 2903): Sync duration for fcb9e26a: 1
06-06 05:41:20.435 I/NetworkScheduler.Stats( 2173): Task com.google.android.gms/com.google.android.gms.games.chimera.GamesSyncServiceMainProxy finished executing. cause:5 result: 1 elapsed_millis: 23 uptime_millis: 23 exec_start_elapsed_seconds: 1048 [CONTEXT service_id=218 ]
06-06 05:41:20.438 W/PlayGamesServices[UiUtils]( 2903): AppVersion: Cannot find the installed destination app.
06-06 05:41:20.438 I/GetServiceValidatorImpl( 2903): onGetService() from Client SDK version [251833000], Module version [251833022], PGA version [0], Account [Account {name=<<default account>>, type=com.google}], Calling package [com.google.android.gms], Game package [com.google.android.gms] [CONTEXT service_id=1 ]
06-06 05:41:20.440 W/GetGamesServiceReqFacto( 2903): Parsing request with ignored arguments. signInOptionsBundle [Bundle[{com.google.android.gms.signin.internal.serverClientId=null, com.google.android.gms.signin.internal.usePromptModeForAuthCode=true, com.google.android.gms.signin.internal.logSessionId=null, com.google.android.gms.signin.internal.hostedDomain=null, com.google.android.gms.signin.internal.offlineAccessRequested=false, com.google.android.gms.signin.internal.waitForAccessTokenRefresh=false, com.google.android.gms.signin.internal.clientRequestedAccount=Account {name=<<default account>>, type=com.google}, com.google.android.gms.signin.internal.idTokenRequested=false, com.google.android.gms.signin.internal.forceCodeForRefreshToken=false}]], isRetryingSignIn [false], skipWelcomePopup [false], requireGooglePlus [false]
06-06 05:41:20.440 I/GetGamesServiceReqFacto( 2903): Replacing request for `games` scope with `games_lite`
06-06 05:41:20.444 I/SignInPerformer-6( 2903): Handling request [GetGamesServiceRequest{gamePackageName=com.google.android.gms, gameUid=10132, gamePlayServicesClientLibraryVersion=251833000, sdkVariation=1052947, requestedScopes=[https://www.googleapis.com/auth/games_lite], callingIdentity=CallingIdentity{uid=10132, pid=2903, packageName=com.google.android.gms, playServicesClientLibraryVersion=251833000}, requestedAccount=Optional.absent(), forceResolveAccountKey=null, requestedServiceMode=2, initiatorCategory=1}], isFirstPartyCaller [true] [CONTEXT service_id=1 ]
06-06 05:41:20.446 I/SignInPerformer-6( 2903): Successfully brokered first-party unauthenticated GamesService [CONTEXT service_id=1 ]
06-06 05:41:20.451 I/GetGamesServiceV2Op( 2903): Successfully brokered GamesService for request flr{gamePackageName=com.google.android.gms, gameUid=10132, gamePlayServicesClientLibraryVersion=251833000, sdkVariation=1052947, requestedScopes=[https://www.googleapis.com/auth/games_lite], callingIdentity=CallingIdentity{uid=10132, pid=2903, packageName=com.google.android.gms, playServicesClientLibraryVersion=251833000}, requestedAccount=Optional.absent(), forceResolveAccountKey=null, requestedServiceMode=2, initiatorCategory=1} [CONTEXT service_id=1 ]
06-06 05:41:20.453 W/PlayGamesServices[UiUtils]( 2903): AppVersion: Cannot find the installed destination app.
06-06 05:41:20.453 W/PlayGamesServices[UiUtils]( 2903): AppVersionName: Cannot find the installed destination app.
06-06 05:41:20.545 I/FSA2_ContactSyncGrpc( 2903): Received non-null API-contact response
06-06 05:41:20.547 I/FSA2_SyncState( 2903): @readSyncState: # dbuh@533dd75
06-06 05:41:20.588 W/.gms.persisten( 2173): Profile data size exceeds 500000 bytes. It has 605571 bytes.
06-06 05:41:20.597 I/FSA2_RawContactSyncer( 2903): contact count. before sweep: -1, before sync: 0, after sync down: 0, after sync up: 0
06-06 05:41:20.597 W/FSA2_ContactsSyncAdapter( 2903): @onPerformSync Sync finished successfully
06-06 05:41:20.611 W/ChimeraUtils( 2903): Module com.google.android.gms.people missing resource null(0)
06-06 05:41:20.611 W/ChimeraUtils( 2903): Module com.google.android.gms.people missing resource null(0)
06-06 05:41:29.760 I/Finsky  ( 5919): [2] SCH: job service start with id 9276.
06-06 05:41:29.774 I/Finsky  ( 5919): [497] SCH: Satisfied jobs for 9276 are: 12-1
06-06 05:41:29.776 I/Finsky  ( 5919): [507] SCH: Job 12-1 starting
06-06 05:41:29.777 I/Finsky  ( 5919): [2] [ContentSync] job started
06-06 05:41:30.037 I/Finsky  ( 5919): [2] App states replicator found 2 unowned apps
06-06 05:41:30.483 E/Volley  ( 5919): [345] lvw.a: Unexpected response code 429 for https://play-fe.googleapis.com/fdfe/apps/contentSync?nocache_qos=lt
06-06 05:41:30.488 I/Finsky  ( 5919): [520] Completed 1 account content syncs with 0 successful.
06-06 05:41:30.488 I/Finsky  ( 5919): [2] [ContentSync] Installation state replication failed, parameters=Id: 12-1, CT: 1749188474731, Constraints: [{ L: 15000, D: 86400000, C: CHARGING_NONE, I: IDLE_NONE, N: NET_ANY, B: BATTERY_ANY }].
06-06 05:41:30.488 I/Finsky  ( 5919): [2] [ContentSync] Scheduling replication attempt 0.
06-06 05:41:30.489 I/Finsky  ( 5919): [2] SCH: jobFinished: 12-1. TimeElapsed: 713ms.
06-06 05:41:30.497 I/Finsky  ( 5919): [497] SCH: Attempting to reschedule job: Id: 12-1, Constraints: [{ L: 20000, D: 86400000, C: CHARGING_NONE, I: IDLE_NONE, N: NET_ANY, B: BATTERY_ANY }]
06-06 05:41:30.501 I/Finsky  ( 5919): [319] SCH: Scheduling phonesky job Id: 1-1337, CT: 1749187448490, Constraints: [{ L: 14399998, D: 46786610, C: CHARGING_NONE, I: IDLE_NONE, N: NET_ANY, B: BATTERY_ANY }]
06-06 05:41:30.501 I/Finsky  ( 5919): [319] SCH: Scheduling phonesky job Id: 10-4, CT: 1749187447510, Constraints: [{ L: 1200000, D: 86400000, C: CHARGING_NONE, I: IDLE_NONE, N: NET_ANY, B: BATTERY_ANY }]
06-06 05:41:30.501 I/Finsky  ( 5919): [319] SCH: Scheduling phonesky job Id: 34-91, CT: 1749187453129, Constraints: [{ L: 79199832, D: 1375199832, C: CHARGING_NONE, I: IDLE_NONE, N: NET_ANY, B: BATTERY_ANY }]
06-06 05:41:30.501 I/Finsky  ( 5919): [319] SCH: Scheduling phonesky job Id: 34-94, CT: 1749187453472, Constraints: [{ L: 604800000, D: 2591999860, C: CHARGING_NONE, I: IDLE_NONE, N: NET_ANY, B: BATTERY_ANY }]
06-06 05:41:30.503 I/Finsky  ( 5919): [325] SCH: Scheduling 1 system job(s)
06-06 05:41:30.503 I/Finsky  ( 5919): [325] SCH: Scheduling system job Id: 9289, L: 157007, D: 45744597, C: false, I: false, N: 1
06-06 05:41:30.509 I/Finsky  ( 5919): [507] SCH: job service finished with id 9276.
06-06 05:41:30.590 I/Finsky  ( 5919): [335] SCH: Scheduling phonesky job Id: 12-1, CT: 1749188490497, Constraints: [{ L: 20000, D: 86400000, C: CHARGING_NONE, I: IDLE_NONE, N: NET_ANY, B: BATTERY_ANY }]
06-06 05:41:30.592 I/Finsky  ( 5919): [332] SCH: Scheduling 1 system job(s)
06-06 05:41:30.592 I/Finsky  ( 5919): [332] SCH: Scheduling system job Id: 9289, L: 19905, D: 45744508, C: false, I: false, N: 1
06-06 05:41:30.650 D/BoundBrokerSvc( 2903): onUnbind: Intent { act=com.google.android.gms.feedback.internal.IFeedbackService dat=chimera-action: cmp=com.google.android.gms/.chimera.GmsBoundBrokerService }
06-06 05:41:40.418 I/NetworkScheduler.Stats( 2173): Task com.google.android.gms/com.google.android.gms.icing.proxy.IcingInternalCorporaUpdateService started execution. cause:9 exec_start_elapsed_seconds: 1068 [CONTEXT service_id=218 ]
06-06 05:41:40.424 I/NetworkScheduler.Stats( 2173): Task com.google.android.gms/com.google.android.gms.icing.proxy.IcingInternalCorporaUpdateService finished executing. cause:9 result: 1 elapsed_millis: 30 uptime_millis: 30 exec_start_elapsed_seconds: 1068 [CONTEXT service_id=218 ]
06-06 05:41:45.660 D/BoundBrokerSvc( 2903): onUnbind: Intent { act=com.google.android.gms.people.contactssync.service.START dat=chimera-action: cmp=com.google.android.gms/.chimera.GmsBoundBrokerService }
06-06 05:41:50.514 I/Finsky  ( 5919): [2] SCH: job service start with id 9289.
06-06 05:41:50.546 I/Finsky  ( 5919): [497] SCH: Satisfied jobs for 9289 are: 12-1
06-06 05:41:50.547 I/Finsky  ( 5919): [507] SCH: Job 12-1 starting
06-06 05:41:50.547 I/Finsky  ( 5919): [2] [ContentSync] job started
06-06 05:41:50.823 I/Finsky  ( 5919): [2] App states replicator found 2 unowned apps
06-06 05:41:51.341 E/Volley  ( 5919): [351] lvw.a: Unexpected response code 429 for https://play-fe.googleapis.com/fdfe/apps/contentSync?nocache_qos=lt
06-06 05:41:51.342 I/Finsky  ( 5919): [520] Completed 1 account content syncs with 0 successful.
06-06 05:41:51.344 I/Finsky  ( 5919): [2] [ContentSync] Installation state replication failed, parameters=Id: 12-1, CT: 1749188490497, Constraints: [{ L: 20000, D: 86400000, C: CHARGING_NONE, I: IDLE_NONE, N: NET_ANY, B: BATTERY_ANY }].
06-06 05:41:51.344 I/Finsky  ( 5919): [2] [ContentSync] Scheduling replication attempt 1.
06-06 05:41:51.345 I/Finsky  ( 5919): [2] SCH: jobFinished: 12-1. TimeElapsed: 798ms.
06-06 05:41:51.354 I/Finsky  ( 5919): [497] SCH: Attempting to reschedule job: Id: 12-1, Constraints: [{ L: 40000, D: 86400000, C: CHARGING_NONE, I: IDLE_NONE, N: NET_ANY, B: BATTERY_ANY }]
06-06 05:41:51.362 I/Finsky  ( 5919): [325] SCH: Scheduling phonesky job Id: 1-1337, CT: 1749187448490, Constraints: [{ L: 14399998, D: 46786610, C: CHARGING_NONE, I: IDLE_NONE, N: NET_ANY, B: BATTERY_ANY }]
06-06 05:41:51.362 I/Finsky  ( 5919): [325] SCH: Scheduling phonesky job Id: 10-4, CT: 1749187447510, Constraints: [{ L: 1200000, D: 86400000, C: CHARGING_NONE, I: IDLE_NONE, N: NET_ANY, B: BATTERY_ANY }]
06-06 05:41:51.362 I/Finsky  ( 5919): [325] SCH: Scheduling phonesky job Id: 34-91, CT: 1749187453129, Constraints: [{ L: 79199832, D: 1375199832, C: CHARGING_NONE, I: IDLE_NONE, N: NET_ANY, B: BATTERY_ANY }]
06-06 05:41:51.362 I/Finsky  ( 5919): [325] SCH: Scheduling phonesky job Id: 34-94, CT: 1749187453472, Constraints: [{ L: 604800000, D: 2591999860, C: CHARGING_NONE, I: IDLE_NONE, N: NET_ANY, B: BATTERY_ANY }]
06-06 05:41:51.364 I/Finsky  ( 5919): [335] SCH: Scheduling 1 system job(s)
06-06 05:41:51.364 I/Finsky  ( 5919): [335] SCH: Scheduling system job Id: 9294, L: 136146, D: 45723736, C: false, I: false, N: 1
06-06 05:41:51.368 I/Finsky  ( 5919): [507] SCH: job service finished with id 9289.
06-06 05:41:51.444 I/Finsky  ( 5919): [319] SCH: Scheduling phonesky job Id: 12-1, CT: 1749188511354, Constraints: [{ L: 40000, D: 86400000, C: CHARGING_NONE, I: IDLE_NONE, N: NET_ANY, B: BATTERY_ANY }]
06-06 05:41:51.445 I/Finsky  ( 5919): [335] SCH: Scheduling 1 system job(s)
06-06 05:41:51.445 I/Finsky  ( 5919): [335] SCH: Scheduling system job Id: 9294, L: 39909, D: 45723655, C: false, I: false, N: 1
06-06 05:41:58.117 W/gle.android.gm( 2903): Profile data size exceeds 500000 bytes. It has 605571 bytes.
06-06 05:42:00.145 D/KeyguardClockSwitch( 2195): Updating clock: 542
06-06 05:42:00.373 I/Finsky  ( 5919): [325] AIM: AppInfoManager-Perf > Destroying AppInfoManager ...
06-06 05:42:07.712 I/Finsky  ( 5919): [319] AIM: AppInfoManager-Perf > Destroying AppInfoManager ...
06-06 05:42:08.758 I/NetworkScheduler.Stats( 2173): Task com.google.android.gms/com.google.android.gms.tapandpay.gcmtask.TapAndPayGcmTaskService started execution. cause:4 exec_start_elapsed_seconds: 1097 [CONTEXT service_id=218 ]
06-06 05:42:08.772 V/NFC     ( 2173): this device does not have NFC support
06-06 05:42:08.775 W/TapAndPay( 2173): NfcAdapter is null while obtaining CardEmulation instance. [CONTEXT service_id=79 ]
06-06 05:42:08.775 W/TapAndPay( 2173): java.lang.NullPointerException: NfcAdapter is null
06-06 05:42:08.775 W/TapAndPay( 2173): 	at android.nfc.cardemulation.CardEmulation.getInstance(CardEmulation.java:150)
06-06 05:42:08.775 W/TapAndPay( 2173): 	at dnat.<init>(:com.google.android.gms@251833022@25.18.33 (150400-756823100):15)
06-06 05:42:08.775 W/TapAndPay( 2173): 	at com.google.android.gms.tapandpay.hce.task.TapAndPayAidRegistrationTaskOperation.a(:com.google.android.gms@251833022@25.18.33 (150400-756823100):81)
06-06 05:42:08.775 W/TapAndPay( 2173): 	at com.google.android.gms.tapandpay.gcmtask.TapAndPayGcmTaskChimeraService.a(:com.google.android.gms@251833022@25.18.33 (150400-756823100):32)
06-06 05:42:08.775 W/TapAndPay( 2173): 	at cczn.call(:com.google.android.gms@251833022@25.18.33 (150400-756823100):30)
06-06 05:42:08.775 W/TapAndPay( 2173): 	at java.util.concurrent.FutureTask.run(FutureTask.java:266)
06-06 05:42:08.775 W/TapAndPay( 2173): 	at avvk.c(:com.google.android.gms@251833022@25.18.33 (150400-756823100):50)
06-06 05:42:08.775 W/TapAndPay( 2173): 	at avvk.run(:com.google.android.gms@251833022@25.18.33 (150400-756823100):70)
06-06 05:42:08.775 W/TapAndPay( 2173): 	at java.util.concurrent.ThreadPoolExecutor.runWorker(ThreadPoolExecutor.java:1167)
06-06 05:42:08.775 W/TapAndPay( 2173): 	at java.util.concurrent.ThreadPoolExecutor$Worker.run(ThreadPoolExecutor.java:641)
06-06 05:42:08.775 W/TapAndPay( 2173): 	at awaz.run(:com.google.android.gms@251833022@25.18.33 (150400-756823100):8)
06-06 05:42:08.775 W/TapAndPay( 2173): 	at java.lang.Thread.run(Thread.java:923)
06-06 05:42:08.785 I/NetworkScheduler.Stats( 2173): Task com.google.android.gms/com.google.android.gms.tapandpay.gcmtask.TapAndPayGcmTaskService finished executing. cause:4 result: 3 elapsed_millis: 40 uptime_millis: 40 exec_start_elapsed_seconds: 1097 [CONTEXT service_id=218 ]
06-06 05:42:08.821 I/NetworkScheduler.Stats( 2173): Task com.google.android.gms/com.google.android.gms.auth.account.be.legacy.AuthCronService started execution. cause:5 exec_start_elapsed_seconds: 1097 [CONTEXT service_id=218 ]
06-06 05:42:08.836 I/NetworkScheduler.Stats( 2173): Task com.google.android.gms/com.google.android.gms.auth.account.be.legacy.AuthCronService finished executing. cause:5 result: 3 elapsed_millis: 29 uptime_millis: 29 exec_start_elapsed_seconds: 1097 [CONTEXT service_id=218 ]
