--------- beginning of main
06-06 06:10:04.632  6264  6264 I abb     : StartCommandInProcess(73657474696e67730067657400676c6f settings.get.glo [truncated])
06-06 06:10:04.642  6264  6834 I abb     : oneway function results will be dropped but finished with status OK and parcel size 4
06-06 06:10:04.643  6264  6264 I abb     : StartCommandInProcess(7061636b61676500696e7374616c6c00 package.install. [truncated])
--------- beginning of system
06-06 06:10:05.591  1954  2047 I ActivityManager: Killing 4344:com.android.vending:quick_launch/u0a131 (adj 955): empty for 1968s
06-06 06:10:05.630  1723  1723 I Zygote  : Process 4344 exited due to signal 9 (Killed)
06-06 06:10:05.635  1954  2080 W PackageParsing: Unknown element under <manifest>: module at /data/app/vmdl1711259646.tmp/base.apk Binary XML file line #5
06-06 06:10:05.644  1954  2080 W RuleEvaluation: Integrity rule files are not available.
06-06 06:10:05.644  1954  1997 I libprocessgroup: Successfully killed process cgroup uid 10131 pid 4344 in 42ms
06-06 06:10:05.644  1954  2047 I PackageManager: Integrity check passed for file:///data/app/vmdl1711259646.tmp
06-06 06:10:05.653  1954  2047 W PackageParsing: Unknown element under <manifest>: module at /data/app/vmdl1711259646.tmp/base.apk Binary XML file line #5
06-06 06:10:05.672  1954  2047 D CompatibilityChangeReporter: Compat change id reported: 135549675; UID 10554; state: ENABLED
06-06 06:10:05.673  1954  2047 I PackageManager: Permission ownership changed. Updating all permissions.
06-06 06:10:05.708  1954  2085 W BestClock: java.time.DateTimeException: Missing NTP fix
06-06 06:10:05.736  1954  1986 V StorageManagerService: Package null does not have legacy storage
06-06 06:10:05.747  3093  5141 I MediaProvider: Invalidating LocalCallingIdentity cache for package co.tapcart.app.id_vrUrkdLduu. Reason: op android:read_external_storage
06-06 06:10:05.750  1954  2085 W BestClock: java.time.DateTimeException: Missing NTP fix
06-06 06:10:05.752  3093  5141 I MediaProvider: Invalidating LocalCallingIdentity cache for package co.tapcart.app.id_vrUrkdLduu. Reason: op android:read_external_storage
06-06 06:10:05.753  1954  2086 W BestClock: java.time.DateTimeException: Missing NTP fix
06-06 06:10:05.755  1954  2047 I PackageDexOptimizer: Running dexopt (dexoptNeeded=1) on: /data/app/~~05v4HX3Qss6WQpqu6iPzJA==/co.tapcart.app.id_vrUrkdLduu-Z1oBXV2wczOrXQZOhEGSpQ==/base.apk pkg=co.tapcart.app.id_vrUrkdLduu isa=arm64 dexoptFlags=boot_complete,profile_guided,public,enable_hidden_api_checks targetFilter=speed-profile oatDir=/data/app/~~05v4HX3Qss6WQpqu6iPzJA==/co.tapcart.app.id_vrUrkdLduu-Z1oBXV2wczOrXQZOhEGSpQ==/oat classLoaderContext=PCL[]{PCL[/system/framework/org.apache.http.legacy.jar]}
06-06 06:10:05.757  1810  1810 V installd: DexInv: --- BEGIN '/data/app/~~05v4HX3Qss6WQpqu6iPzJA==/co.tapcart.app.id_vrUrkdLduu-Z1oBXV2wczOrXQZOhEGSpQ==/base.apk' ---
06-06 06:10:05.765  7447  7447 E installd: execv(/apex/com.android.art/bin/dex2oat32) failed: Exec format error
06-06 06:10:05.767  1810  1810 V installd: DexInv: --- END '/data/app/~~05v4HX3Qss6WQpqu6iPzJA==/co.tapcart.app.id_vrUrkdLduu-Z1oBXV2wczOrXQZOhEGSpQ==/base.apk' --- status=0x4800, process failed
06-06 06:10:05.767  1810  1810 E installd: Dex2oat invocation for /data/app/~~05v4HX3Qss6WQpqu6iPzJA==/co.tapcart.app.id_vrUrkdLduu-Z1oBXV2wczOrXQZOhEGSpQ==/base.apk failed: exec(dex2oat) (18432)
06-06 06:10:05.770  1954  2047 W PackageDexOptimizer: Failed to dexopt
06-06 06:10:05.770  1954  2047 W PackageDexOptimizer: com.android.server.pm.Installer$InstallerException: android.os.ServiceSpecificException: Dex2oat invocation for /data/app/~~05v4HX3Qss6WQpqu6iPzJA==/co.tapcart.app.id_vrUrkdLduu-Z1oBXV2wczOrXQZOhEGSpQ==/base.apk failed: exec(dex2oat) (code 18432)
06-06 06:10:05.770  1954  2047 W PackageDexOptimizer: 	at com.android.server.pm.Installer.dexopt(Installer.java:387)
06-06 06:10:05.770  1954  2047 W PackageDexOptimizer: 	at com.android.server.pm.PackageDexOptimizer.dexOptPath(PackageDexOptimizer.java:302)
06-06 06:10:05.770  1954  2047 W PackageDexOptimizer: 	at com.android.server.pm.PackageDexOptimizer.performDexOptLI(PackageDexOptimizer.java:251)
06-06 06:10:05.770  1954  2047 W PackageDexOptimizer: 	at com.android.server.pm.PackageDexOptimizer.performDexOpt(PackageDexOptimizer.java:153)
06-06 06:10:05.770  1954  2047 W PackageDexOptimizer: 	at com.android.server.pm.PackageManagerService.executePostCommitSteps(PackageManagerService.java:17079)
06-06 06:10:05.770  1954  2047 W PackageDexOptimizer: 	at com.android.server.pm.PackageManagerService.installPackagesLI(PackageManagerService.java:16925)
06-06 06:10:05.770  1954  2047 W PackageDexOptimizer: 	at com.android.server.pm.PackageManagerService.installPackagesTracedLI(PackageManagerService.java:16238)
06-06 06:10:05.770  1954  2047 W PackageDexOptimizer: 	at com.android.server.pm.PackageManagerService.lambda$processInstallRequestsAsync$22$PackageManagerService(PackageManagerService.java:14404)
06-06 06:10:05.770  1954  2047 W PackageDexOptimizer: 	at com.android.server.pm.-$$Lambda$PackageManagerService$9znobjOH7ab0F1jsW2oFdNipS-8.run(Unknown Source:6)
06-06 06:10:05.770  1954  2047 W PackageDexOptimizer: 	at android.os.Handler.handleCallback(Handler.java:938)
06-06 06:10:05.770  1954  2047 W PackageDexOptimizer: 	at android.os.Handler.dispatchMessage(Handler.java:99)
06-06 06:10:05.770  1954  2047 W PackageDexOptimizer: 	at android.os.Looper.loop(Looper.java:223)
06-06 06:10:05.770  1954  2047 W PackageDexOptimizer: 	at android.os.HandlerThread.run(HandlerThread.java:67)
06-06 06:10:05.770  1954  2047 W PackageDexOptimizer: 	at com.android.server.ServiceThread.run(ServiceThread.java:44)
06-06 06:10:05.772  1954  2047 V BackupManagerService: [UserID:0] restoreAtInstall pkg=co.tapcart.app.id_vrUrkdLduu token=c restoreSet=0
06-06 06:10:05.773  1954  2047 V BackupManagerService: [UserID:0] Finishing install immediately
06-06 06:10:05.792  1810  1810 E installd: Couldn't opendir /data/app/vmdl1711259646.tmp: No such file or directory
06-06 06:10:05.792  1810  1810 E installd: Failed to delete /data/app/vmdl1711259646.tmp: No such file or directory
06-06 06:10:05.792  6264  6834 I abb     : oneway function results will be dropped but finished with status OK and parcel size 4
06-06 06:10:05.808  3093  3093 I MediaProvider: Invalidating LocalCallingIdentity cache for package co.tapcart.app.id_vrUrkdLduu. Reason: package android.intent.action.PACKAGE_ADDED
06-06 06:10:05.813  4074  4074 I Finsky:background: [2] adrl - Received: android.intent.action.PACKAGE_ADDED, [BM6hwWIUqmp5Day9L4pueSyhiMcClg1QEFG1Jkn_GQs]
06-06 06:10:05.826  1954  2072 I InputReader: Reconfiguring input devices, changes=KEYBOARD_LAYOUTS | 
06-06 06:10:05.836  5919  5919 I Finsky  : [2] adrw - Received: android.intent.action.PACKAGE_ADDED, [BM6hwWIUqmp5Day9L4pueSyhiMcClg1QEFG1Jkn_GQs]
06-06 06:10:05.839  1954  4677 W BroadcastQueue: Background execution not allowed: receiving Intent { act=android.intent.action.PACKAGE_ADDED dat=package:co.tapcart.app.id_vrUrkdLduu flg=0x4000010 (has extras) } to com.android.packageinstaller/.PackageInstalledReceiver
06-06 06:10:05.839  1954  2086 W BestClock: java.time.DateTimeException: Missing NTP fix
06-06 06:10:05.840  1954  1995 W BroadcastQueue: Background execution not allowed: receiving Intent { act=android.intent.action.PACKAGE_ADDED dat=package:co.tapcart.app.id_vrUrkdLduu flg=0x4000010 (has extras) } to com.android.gallery3d/.app.PackagesMonitor
06-06 06:10:05.840  1954  1995 W BroadcastQueue: Background execution not allowed: receiving Intent { act=android.intent.action.PACKAGE_ADDED dat=package:co.tapcart.app.id_vrUrkdLduu flg=0x4000010 (has extras) } to com.android.vending/com.google.android.finsky.packagemonitor.impl.PackageMonitorReceiverImpl$RegisteredReceiver
06-06 06:10:05.840  1954  1995 W BroadcastQueue: Background execution not allowed: receiving Intent { act=android.intent.action.PACKAGE_ADDED dat=package:co.tapcart.app.id_vrUrkdLduu flg=0x4000010 (has extras) } to com.android.vending/com.google.android.finsky.packagemonitor.backgroundimpl.BackgroundPackageMonitorReceiverImpl$RegisteredReceiver
06-06 06:10:05.841  1954  1995 W BroadcastQueue: Background execution not allowed: receiving Intent { act=android.intent.action.PACKAGE_ADDED dat=package:co.tapcart.app.id_vrUrkdLduu flg=0x4000010 (has extras) } to com.genymotion.superuser/com.koushikdutta.superuser.PackageChangeReceiver
06-06 06:10:05.841  1954  1995 W BroadcastQueue: Background execution not allowed: receiving Intent { act=android.intent.action.PACKAGE_ADDED dat=package:co.tapcart.app.id_vrUrkdLduu flg=0x4000010 (has extras) } to com.google.android.gms/.chimera.GmsIntentOperationService$PersistentTrustedReceiver
06-06 06:10:05.841  1954  1995 W BroadcastQueue: Background execution not allowed: receiving Intent { act=android.intent.action.PACKAGE_ADDED dat=package:co.tapcart.app.id_vrUrkdLduu flg=0x4000010 (has extras) } to com.google.android.gms/.games.chimera.GamesSystemBroadcastReceiverProxy
06-06 06:10:05.841  1954  1995 W BroadcastQueue: Background execution not allowed: receiving Intent { act=android.intent.action.PACKAGE_ADDED dat=package:co.tapcart.app.id_vrUrkdLduu flg=0x4000010 (has extras) } to com.google.android.gms/.gass.chimera.PackageChangeBroadcastReceiver
06-06 06:10:05.842  1954  2093 W BestClock: java.time.DateTimeException: Missing NTP fix
06-06 06:10:05.843  1954  1986 I RoleManagerService: Granting default roles...
06-06 06:10:05.843  1954  2093 W BestClock: java.time.DateTimeException: Missing NTP fix
06-06 06:10:05.853  1954  2085 W BestClock: java.time.DateTimeException: Missing NTP fix
06-06 06:10:05.868  2340  2340 D CarrierSvcBindHelper: No carrier app for: 0
06-06 06:10:05.877  1954  2085 W BestClock: java.time.DateTimeException: Missing NTP fix
06-06 06:10:05.879  1954  2086 W BestClock: java.time.DateTimeException: Missing NTP fix
06-06 06:10:05.888  1954  1954 I Telecom : DefaultDialerCache: Refreshing default dialer for user 0: now com.android.dialer: DDC.oR@ALQ
06-06 06:10:05.894  1954  1954 V BackupManagerConstants: getFullBackupIntervalMilliseconds(...) returns 86400000
06-06 06:10:05.894  1954  1954 V BackupManagerConstants: getFullBackupRequiredNetworkType(...) returns 2
06-06 06:10:05.894  1954  1954 V BackupManagerConstants: getFullBackupRequireCharging(...) returns true
06-06 06:10:05.912  4822  5019 I PermissionControllerServiceImpl: Updating user sensitive for uid 10554
06-06 06:10:05.924  2340  2340 D CarrierConfigLoader: mHandler: 9 phoneId: 0
06-06 06:10:05.925  2173  7454 W GCM     : Unexpected forwarded intent: Intent { act=android.intent.action.PACKAGE_ADDED dat=package:co.tapcart.app.id_vrUrkdLduu flg=0x4000010 pkg=com.google.android.gms cmp=com.google.android.gms/.chimera.PersistentIntentOperationService (has extras) }
06-06 06:10:05.926  2173  7453 W NetworkScheduler: Unexpected forwarded intent: Intent { act=android.intent.action.PACKAGE_ADDED dat=package:co.tapcart.app.id_vrUrkdLduu flg=0x4000010 pkg=com.google.android.gms cmp=com.google.android.gms/.chimera.PersistentIntentOperationService (has extras) }
06-06 06:10:05.938  5919  5919 I Finsky  : [2] Do not start WearSupportService due to Wear service optimization
06-06 06:10:05.939  5919  5919 I Finsky  : [2] Clearing split related stale data.
06-06 06:10:05.940  2903  7462 I IntentFilterIntentOp: Verifying IntentFilter. verificationId:10 scheme:"https" hosts:"saalt.com saalt.onelink.me" package:"co.tapcart.app.id_vrUrkdLduu". [CONTEXT service_id=244 ]
06-06 06:10:05.941  5919  5919 I Finsky  : [2] AIM: AppInfoCacheUpdater -> invalidating apps: [co.tapcart.app.id_vrUrkdLduu]
06-06 06:10:05.942  5919  5919 I Finsky  : [2] AIM: AppInfoManager-Perf > getApps > called for 1 apps
06-06 06:10:05.946  2903  7462 I AppLinksUtilsV1: Legacy cross-profile verification enabled [CONTEXT service_id=244 ]
06-06 06:10:05.956  2903  7463 I Auth    : [SupervisedAccountIntentOperationV2] onHandleIntent: android.intent.action.PACKAGE_ADDED [CONTEXT service_id=42 ]
06-06 06:10:05.965  1954  2086 W BestClock: java.time.DateTimeException: Missing NTP fix
06-06 06:10:05.965  1954  2093 W BestClock: java.time.DateTimeException: Missing NTP fix
06-06 06:10:05.968  2903  7463 I Blockstore: [DataStoreImpl] Clearing Blockstore Data for package co.tapcart.app.id_vrUrkdLduu [CONTEXT service_id=258 ]
06-06 06:10:05.973  2903  7463 I Blockstore: [DataStoreImpl] Keyless data not found or its IsLastInstallationData = false. [CONTEXT service_id=258 ]
06-06 06:10:05.987  2903  7463 W Dck     : Disable DCK module - Android debug build without fullaccess [CONTEXT service_id=289 ]
06-06 06:10:05.987  2903  7463 W Dck     : Dck module not eligible for asynchronous downloading [CONTEXT service_id=289 ]
06-06 06:10:05.992  5919  5976 I Finsky  : [335] AIM: AppInfoManager-Perf > OnDeviceAppInfo > cacheHitCount=0, cacheMissCount=1. Missed  in cache (limit 10) : [co.tapcart.app.id_vrUrkdLduu]
06-06 06:10:06.024  5919  5919 I Finsky  : [2] DTU: Received onPackageAdded, replacing: false
06-06 06:10:06.026  5919  5961 I Finsky  : [325] AIM: Got app ownership map. App counts: . Unique apps: 0
06-06 06:10:06.026  5919  5961 E Finsky  : [325] [Counters] attempted to use a non-positive increment for: 4752
06-06 06:10:06.034  5096  5111 W oid.documentsu: Reducing the number of considered missed Gc histogram windows from 180 to 100
06-06 06:10:06.035  5919  5961 E Finsky  : [325] [Counters] attempted to use a non-positive increment for: 4753
06-06 06:10:06.053  5919  7475 I Finsky  : [626] SCH: Received scheduling request: Id: 12-1, Constraints: [{ L: 15000, D: 86400000, C: CHARGING_NONE, I: IDLE_NONE, N: NET_ANY, B: BATTERY_ANY }]
06-06 06:10:06.057  4074  7470 I Finsky:background: [433] Wrote row to frosting DB: 512
06-06 06:10:06.077  4074  7470 I Finsky:background: [433] Wrote row to frosting DB: 513
06-06 06:10:06.089  5919  5944 I Finsky  : [308] SCH: Received scheduling request: Id: 37-63, Constraints: [{ L: 0, D: 0, C: CHARGING_NONE, I: IDLE_NONE, N: NET_NONE, B: BATTERY_ANY }]
06-06 06:10:06.090  5919  5955 I Finsky  : [319] AIM: AppInfoManager-Perf > ItemModel > CacheSize=4, cacheHitCount=0, cacheMissCount=0, total appsWithNoServerDataCount=1. Missed  in cache (limit 10) : []
06-06 06:10:06.099  2903  2903 D BoundBrokerSvc: onBind: Intent { act=com.google.android.gms.common.BIND_SHARED_PREFS pkg=com.google.android.gms }
06-06 06:10:06.099  2903  2903 D BoundBrokerSvc: Loading bound service for intent: Intent { act=com.google.android.gms.common.BIND_SHARED_PREFS pkg=com.google.android.gms }
06-06 06:10:06.134  1954  1964 I system_server: Background concurrent copying GC freed 352917(15MB) AllocSpace objects, 29(1456KB) LOS objects, 50% free, 17MB/35MB, paused 24us total 344.880ms
06-06 06:10:06.140  1954  1994 W VoiceInteractionManager: no available voice recognition services found for user 0
06-06 06:10:06.144  5919  5976 I Finsky  : [335] AIM: AppInfoManager-Perf > getApps > data collection finished
06-06 06:10:06.144  5919  5976 I Finsky  : [335] AIM: AppInfoManager-Perf > maybeDestroyAppInfoManager is called. actives = 0
06-06 06:10:06.159  2903  2903 D BoundBrokerSvc: onBind: Intent { act=com.google.android.gms.feedback.internal.IFeedbackService dat=chimera-action: cmp=com.google.android.gms/.chimera.GmsBoundBrokerService }
06-06 06:10:06.159  2903  2903 D BoundBrokerSvc: Loading bound service for intent: Intent { act=com.google.android.gms.feedback.internal.IFeedbackService dat=chimera-action: cmp=com.google.android.gms/.chimera.GmsBoundBrokerService }
06-06 06:10:06.188  2903  6895 I Icing   : IndexChimeraService.getServiceInterface callingPackage=com.google.android.gms componentName=AppsCorpus serviceId=36
06-06 06:10:06.257  2903  7476 W Conscrypt: Could not set socket write timeout: java.net.SocketException: Socket closed
06-06 06:10:06.257  2903  7476 W Conscrypt: 	at com.google.android.gms.org.conscrypt.Platform.setSocketWriteTimeout(:com.google.android.gms@251833022@25.18.33 (150400-756823100):219)
06-06 06:10:06.257  2903  7476 W Conscrypt: 	at com.google.android.gms.org.conscrypt.ConscryptFileDescriptorSocket.setSoWriteTimeout(:com.google.android.gms@251833022@25.18.33 (150400-756823100):4)
06-06 06:10:06.326  5919  5970 I Finsky  : [332] Installer package name of package com.android.calendar is 
06-06 06:10:06.326  5919  5970 I Finsky  : [332] Installer package name of package com.android.camera2 is 
06-06 06:10:06.327  5919  5970 I Finsky  : [332] Installer package name of package com.android.contacts is 
06-06 06:10:06.327  5919  5970 I Finsky  : [332] Installer package name of package com.android.deskclock is 
06-06 06:10:06.327  5919  5970 I Finsky  : [332] Installer package name of package com.android.dialer is 
06-06 06:10:06.327  5919  5970 I Finsky  : [332] Installer package name of package com.android.gallery3d is 
06-06 06:10:06.327  5919  5970 I Finsky  : [332] Installer package name of package com.android.messaging is 
06-06 06:10:06.327  5919  5970 I Finsky  : [332] Installer package name of package com.android.settings is 
06-06 06:10:06.327  5919  5970 I Finsky  : [332] Installer package name of package com.amaze.filemanager is 
06-06 06:10:06.327  5919  5970 I Finsky  : [332] Installer package name of package com.android.customlocale2 is 
06-06 06:10:06.327  5919  5970 I Finsky  : [332] Installer package name of package com.android.development is 
06-06 06:10:06.327  5919  5970 I Finsky  : [332] Installer package name of package com.android.development_settings is 
06-06 06:10:06.327  5919  5970 I Finsky  : [332] Installer package name of package com.android.documentsui is 
06-06 06:10:06.327  5919  5970 I Finsky  : [332] Installer package name of package com.android.quicksearchbox is 
06-06 06:10:06.327  5919  5970 I Finsky  : [332] Installer package name of package com.genymotion.superuser is 
06-06 06:10:06.327  5919  5970 I Finsky  : [332] Installer package name of package org.chromium.webview_shell is 
06-06 06:10:06.327  5919  5970 I Finsky  : [332] Installer package name of package co.tapcart.app.id_vrUrkdLduu is 
06-06 06:10:06.332  2903  6895 I Icing   : IndexChimeraService.getServiceInterface callingPackage=com.google.android.gms componentName=null serviceId=30
06-06 06:10:06.342  2903  7480 I Icing   : Usage reports ok 0, Failed Usage reports 0, indexed 0, rejected 0
06-06 06:10:06.352  2903  7476 W Conscrypt: Could not set socket write timeout: java.net.SocketException: Socket closed
06-06 06:10:06.352  2903  7476 W Conscrypt: 	at com.google.android.gms.org.conscrypt.Platform.setSocketWriteTimeout(:com.google.android.gms@251833022@25.18.33 (150400-756823100):219)
06-06 06:10:06.353  2903  7476 W Conscrypt: 	at com.google.android.gms.org.conscrypt.ConscryptFileDescriptorSocket.setSoWriteTimeout(:com.google.android.gms@251833022@25.18.33 (150400-756823100):4)
06-06 06:10:06.353  2903  7480 I Icing   : Usage reports ok 0, Failed Usage reports 0, indexed 0, rejected 0
06-06 06:10:06.355  2903  7480 I Icing   : Indexing com.google.android.gms-apps from com.google.android.gms
06-06 06:10:06.356  2903  3250 W gle.android.gm: Profile data size exceeds 500000 bytes. It has 605571 bytes.
06-06 06:10:06.361  2903  7480 I Icing   : Indexing done com.google.android.gms-apps
06-06 06:10:06.433  5919  5961 I Finsky  : [325] SCH: Scheduling phonesky job Id: 12-1, CT: 1749190206053, Constraints: [{ L: 15000, D: 86400000, C: CHARGING_NONE, I: IDLE_NONE, N: NET_ANY, B: BATTERY_ANY }]
06-06 06:10:06.436  5919  5976 I Finsky  : [335] SCH: Scheduling 1 system job(s)
06-06 06:10:06.436  5919  5976 I Finsky  : [335] SCH: Scheduling system job Id: 9376, L: 14617, D: 44028664, C: false, I: false, N: 1
06-06 06:10:06.440  5919  5955 I Finsky  : [319] SCH: Scheduling phonesky job Id: 37-63, CT: 1749190206089, Constraints: [{ L: 0, D: 0, C: CHARGING_NONE, I: IDLE_NONE, N: NET_NONE, B: BATTERY_ANY }, { L: 0, D: 0, C: CHARGING_NONE, I: IDLE_NONE, N: NET_NONE, B: BATTERY_ANY }]
06-06 06:10:06.440  5919  5954 I Finsky  : [318] [ContentSync] finished, scheduled=true
06-06 06:10:06.440  7493  7493 D AndroidRuntime: >>>>>> START com.android.internal.os.RuntimeInit uid 0 <<<<<<
06-06 06:10:06.442  5919  5961 I Finsky  : [325] SCH: Scheduling 1 system job(s)
06-06 06:10:06.442  5919  5961 I Finsky  : [325] SCH: Scheduling system job Id: 9353, L: 0, D: 0, C: false, I: false, N: 0
06-06 06:10:06.445  5919  5919 I Finsky  : [2] SCH: job service start with id 9353.
06-06 06:10:06.447  5919  7475 I Finsky  : [626] SCH: Satisfied jobs for 9353 are: 37-63
06-06 06:10:06.449  5919  7496 I Finsky  : [634] SCH: Job 37-63 starting
06-06 06:10:06.450  5919  5919 I Finsky  : [2] Received an install/uninstall event for package co.tapcart.app.id_vrUrkdLduu with replacing being false
06-06 06:10:06.451  5919  5919 I Finsky  : [2] SCH: jobFinished: 37-63. TimeElapsed: 2ms.
06-06 06:10:06.451  5919  5961 I Finsky  : [325] Not an active Cubes user. Ignoring package install/uninstall event.
06-06 06:10:06.454  7493  7493 I AndroidRuntime: Using default boot image
06-06 06:10:06.454  7493  7493 I AndroidRuntime: Leaving lock profiling enabled
06-06 06:10:06.455  7493  7493 E cutils-trace: Error opening trace file: No such file or directory (2)
06-06 06:10:06.456  5919  5955 I Finsky  : [319] SCH: Scheduling phonesky job Id: 26-1414141414, CT: 1749187448578, Constraints: [{ L: 43200000, D: 44100000, C: CHARGING_NONE, I: IDLE_NONE, N: NET_NONE, B: BATTERY_ANY }]
06-06 06:10:06.456  5919  5955 I Finsky  : [319] SCH: Scheduling phonesky job Id: 50-1029, CT: 1749188162017, Constraints: [{ L: 85690080, D: 87490080, C: CHARGING_NONE, I: IDLE_NONE, N: NET_NONE, B: BATTERY_ANY }]
06-06 06:10:06.458  5919  5970 I Finsky  : [332] SCH: Scheduling 1 system job(s)
06-06 06:10:06.458  5919  5970 I Finsky  : [332] SCH: Scheduling system job Id: 9382, L: 40442120, D: 41342120, C: false, I: false, N: 0
06-06 06:10:06.459  7493  7493 I app_process: Core platform API reporting enabled, enforcing=false
06-06 06:10:06.460  5919  7496 I Finsky  : [634] SCH: job service finished with id 9353.
06-06 06:10:06.585  7493  7493 D app_process: Time zone APEX ICU file found: /apex/com.android.tzdata/etc/icu/icu_tzdata.dat
06-06 06:10:06.585  7493  7493 D app_process: I18n APEX ICU file found: /apex/com.android.i18n/etc/icu/icudt66l.dat
06-06 06:10:06.600  7493  7493 I app_process: The ClassLoaderContext is a special shared library.
06-06 06:10:06.617  7493  7493 W app_process: JNI RegisterNativeMethods: attempt to register 0 native methods for android.media.AudioAttributes
06-06 06:10:06.622  7493  7493 D AndroidRuntime: Calling main entry com.android.commands.monkey.Monkey
06-06 06:10:06.623  7493  7493 W Monkey  : args: [-p, 13, -v, 300]
06-06 06:10:06.623  7493  7493 W Monkey  :  arg: "-p"
06-06 06:10:06.623  7493  7493 W Monkey  :  arg: "13"
06-06 06:10:06.623  7493  7493 W Monkey  :  arg: "-v"
06-06 06:10:06.623  7493  7493 W Monkey  :  arg: "300"
06-06 06:10:06.623  7493  7493 W Monkey  : data="13"
06-06 06:10:06.640  7493  7493 I Monkey  : :Monkey: seed=1749341577880 count=300
06-06 06:10:06.640  7493  7493 I Monkey  : :AllowPackage: 13
06-06 06:10:06.640  7493  7493 I Monkey  : :IncludeCategory: android.intent.category.LAUNCHER
06-06 06:10:06.640  7493  7493 I Monkey  : :IncludeCategory: android.intent.category.MONKEY
06-06 06:10:06.645  1954  1995 W BroadcastQueue: Skipping deliver [background] BroadcastRecord{68bac8d u-1 android.net.conn.CONNECTIVITY_CHANGE} to ReceiverList{a199e42 7493 (unknown name)/0/u-1 remote:b80edb7}: process gone or crashing
06-06 06:10:06.647  7493  7493 I Monkey  : ** No activities found to run, monkey aborted.
06-06 06:10:06.647  7493  7493 I app_process: System.exit called, status: -4
06-06 06:10:06.647  7493  7493 I AndroidRuntime: VM exiting with result code -4.
06-06 06:10:06.816  5919  5919 E Finsky  : [2] Failed to load an Item com.android.vending, missing shared fields: [4], missing type-specific fields: [0, 0, 0, 0, 0, 0, 0, 0, 64]
06-06 06:10:06.816  5919  5919 E Finsky  : [2] Required items [com.android.vending]
06-06 06:10:06.816  5919  5919 E Finsky  : [2] Requested items [[com.android.vending]]
06-06 06:10:06.816  5919  5919 E Finsky  : [2] Retrieved items []
06-06 06:10:07.595  2903  7462 I IntentFilterIntentOp: Verification 10 complete. Success:false. Failed hosts:saalt.com. [CONTEXT service_id=244 ]
06-06 06:10:07.596  1954  2047 I PackageManager: autoVerify ignored when installing for all users
06-06 06:10:16.173  2173  7389 I NetworkScheduler.Stats: Task com.google.android.gms/com.google.android.gms.games.chimera.GamesSyncServiceMainProxy started execution. cause:4 exec_start_elapsed_seconds: 2784 [CONTEXT service_id=218 ]
06-06 06:10:16.176  2903  7480 I PlayGamesServices[GamesSyncAdapter]: Starting sync for fcb9e26a
06-06 06:10:16.176  2903  7480 I PlayGamesServices[GamesSyncAdapter]: Sync duration for fcb9e26a: 0
06-06 06:10:16.179  2173  7423 I NetworkScheduler.Stats: Task com.google.android.gms/com.google.android.gms.games.chimera.GamesSyncServiceMainProxy finished executing. cause:4 result: 1 elapsed_millis: 19 uptime_millis: 19 exec_start_elapsed_seconds: 2784 [CONTEXT service_id=218 ]
06-06 06:10:16.189  2903  3346 W PlayGamesServices[UiUtils]: AppVersion: Cannot find the installed destination app.
06-06 06:10:16.189  2903  3346 I GetServiceValidatorImpl: onGetService() from Client SDK version [251833000], Module version [251833022], PGA version [0], Account [Account {name=<<default account>>, type=com.google}], Calling package [com.google.android.gms], Game package [com.google.android.gms] [CONTEXT service_id=1 ]
06-06 06:10:16.190  2903  3346 W GetGamesServiceReqFacto: Parsing request with ignored arguments. signInOptionsBundle [Bundle[{com.google.android.gms.signin.internal.serverClientId=null, com.google.android.gms.signin.internal.usePromptModeForAuthCode=true, com.google.android.gms.signin.internal.logSessionId=null, com.google.android.gms.signin.internal.hostedDomain=null, com.google.android.gms.signin.internal.offlineAccessRequested=false, com.google.android.gms.signin.internal.waitForAccessTokenRefresh=false, com.google.android.gms.signin.internal.clientRequestedAccount=Account {name=<<default account>>, type=com.google}, com.google.android.gms.signin.internal.idTokenRequested=false, com.google.android.gms.signin.internal.forceCodeForRefreshToken=false}]], isRetryingSignIn [false], skipWelcomePopup [false], requireGooglePlus [false]
06-06 06:10:16.190  2903  3346 I GetGamesServiceReqFacto: Replacing request for `games` scope with `games_lite`
06-06 06:10:16.194  2903  2903 D BoundBrokerSvc: onBind: Intent { act=com.google.android.gms.semanticlocationhistory.deidentifieddata.storevisits.StoreVisitsProcessingService.ACTION_TASK_READY dat=chimera-action: cmp=com.google.android.gms/.chimera.GmsInternalBoundBrokerService }
06-06 06:10:16.194  2903  2903 D BoundBrokerSvc: Loading bound service for intent: Intent { act=com.google.android.gms.semanticlocationhistory.deidentifieddata.storevisits.StoreVisitsProcessingService.ACTION_TASK_READY dat=chimera-action: cmp=com.google.android.gms/.chimera.GmsInternalBoundBrokerService }
06-06 06:10:16.196  2903  7517 I SignInPerformer-10: Handling request [GetGamesServiceRequest{gamePackageName=com.google.android.gms, gameUid=10132, gamePlayServicesClientLibraryVersion=251833000, sdkVariation=1052947, requestedScopes=[https://www.googleapis.com/auth/games_lite], callingIdentity=CallingIdentity{uid=10132, pid=2903, packageName=com.google.android.gms, playServicesClientLibraryVersion=251833000}, requestedAccount=Optional.absent(), forceResolveAccountKey=null, requestedServiceMode=2, initiatorCategory=1}], isFirstPartyCaller [true] [CONTEXT service_id=1 ]
06-06 06:10:16.197  2903  7517 I SignInPerformer-10: Successfully brokered first-party unauthenticated GamesService [CONTEXT service_id=1 ]
06-06 06:10:16.197  2903  7517 I GetGamesServiceV2Op: Successfully brokered GamesService for request flr{gamePackageName=com.google.android.gms, gameUid=10132, gamePlayServicesClientLibraryVersion=251833000, sdkVariation=1052947, requestedScopes=[https://www.googleapis.com/auth/games_lite], callingIdentity=CallingIdentity{uid=10132, pid=2903, packageName=com.google.android.gms, playServicesClientLibraryVersion=251833000}, requestedAccount=Optional.absent(), forceResolveAccountKey=null, requestedServiceMode=2, initiatorCategory=1} [CONTEXT service_id=1 ]
06-06 06:10:16.198  2903  3346 W PlayGamesServices[UiUtils]: AppVersion: Cannot find the installed destination app.
06-06 06:10:16.199  2903  3346 W PlayGamesServices[UiUtils]: AppVersionName: Cannot find the installed destination app.
06-06 06:10:16.202  2173  2173 D BoundBrokerSvc: onRebind: Intent { act=com.google.android.gms.auth.aang.events.services.START dat=chimera-action: cmp=com.google.android.gms/.chimera.PersistentApiService }
06-06 06:10:16.206  2173  7389 I NetworkScheduler.Stats: Task com.google.android.gms/com.google.android.gms.semanticlocationhistory.deidentifieddata.storevisits.StoreVisitsProcessingService started execution. cause:5 exec_start_elapsed_seconds: 2784 [CONTEXT service_id=218 ]
06-06 06:10:16.207  2173  7516 I NetworkScheduler.Stats: Task com.google.android.gms/com.google.android.gms.semanticlocationhistory.deidentifieddata.storevisits.StoreVisitsProcessingService finished executing. cause:5 result: 1 elapsed_millis: 14 uptime_millis: 14 exec_start_elapsed_seconds: 2784 [CONTEXT service_id=218 ]
06-06 06:10:16.207  2903  2903 D BoundBrokerSvc: onUnbind: Intent { act=com.google.android.gms.semanticlocationhistory.deidentifieddata.storevisits.StoreVisitsProcessingService.ACTION_TASK_READY dat=chimera-action: cmp=com.google.android.gms/.chimera.GmsInternalBoundBrokerService }
06-06 06:10:16.210  2903  7518 I GmscoreIpa: Starting mediastore batch index [CONTEXT service_id=255 ]
06-06 06:10:16.211  2903  7480 W GmscoreIpa: Could not find package name com.google.android.mediaprovider [CONTEXT service_id=255 ]
06-06 06:10:16.211  2903  7480 W GmscoreIpa: MediaStore access denied or indexing disabled [CONTEXT service_id=255 ]
06-06 06:10:16.220  2173  7516 I NetworkScheduler.Stats: Task com.google.android.gms/com.google.android.gms.ipa.base.IpaGcmTaskService started execution. cause:5 exec_start_elapsed_seconds: 2784 [CONTEXT service_id=218 ]
06-06 06:10:16.221  2173  7516 I NetworkScheduler.Stats: Task com.google.android.gms/com.google.android.gms.ipa.base.IpaGcmTaskService finished executing. cause:5 result: 1 elapsed_millis: 11 uptime_millis: 11 exec_start_elapsed_seconds: 2784 [CONTEXT service_id=218 ]
06-06 06:10:16.226  2903  2903 D BoundBrokerSvc: onBind: Intent { act=com.google.android.gms.semanticlocationhistory.federated.regionfetcher.RegionMddDownloadScheduleService.ACTION_TASK_READY dat=chimera-action: cmp=com.google.android.gms/.chimera.GmsInternalBoundBrokerService }
06-06 06:10:16.226  2903  2903 D BoundBrokerSvc: Loading bound service for intent: Intent { act=com.google.android.gms.semanticlocationhistory.federated.regionfetcher.RegionMddDownloadScheduleService.ACTION_TASK_READY dat=chimera-action: cmp=com.google.android.gms/.chimera.GmsInternalBoundBrokerService }
06-06 06:10:16.228  2903  7480 I LocationHistory: Account-level location setting is turned off. [CONTEXT service_id=314 ]
06-06 06:10:16.229  2903  2903 D BoundBrokerSvc: onUnbind: Intent { act=com.google.android.gms.semanticlocationhistory.federated.regionfetcher.RegionMddDownloadScheduleService.ACTION_TASK_READY dat=chimera-action: cmp=com.google.android.gms/.chimera.GmsInternalBoundBrokerService }
06-06 06:10:16.230  2173  7516 I NetworkScheduler.Stats: Task com.google.android.gms/com.google.android.gms.semanticlocationhistory.federated.regionfetcher.RegionMddDownloadScheduleService started execution. cause:5 exec_start_elapsed_seconds: 2784 [CONTEXT service_id=218 ]
06-06 06:10:16.230  2173  7516 I NetworkScheduler.Stats: Task com.google.android.gms/com.google.android.gms.semanticlocationhistory.federated.regionfetcher.RegionMddDownloadScheduleService finished executing. cause:5 result: 2 elapsed_millis: 3 uptime_millis: 3 exec_start_elapsed_seconds: 2784 [CONTEXT service_id=218 ]
06-06 06:10:16.238  2903  2903 D BoundBrokerSvc: onBind: Intent { act=com.google.android.gms.semanticlocationhistory.deidentifieddata.uploads.BatchDeidentifiedDataUploadService.ACTION_TASK_READY dat=chimera-action: cmp=com.google.android.gms/.chimera.GmsInternalBoundBrokerService }
06-06 06:10:16.238  2903  2903 D BoundBrokerSvc: Loading bound service for intent: Intent { act=com.google.android.gms.semanticlocationhistory.deidentifieddata.uploads.BatchDeidentifiedDataUploadService.ACTION_TASK_READY dat=chimera-action: cmp=com.google.android.gms/.chimera.GmsInternalBoundBrokerService }
06-06 06:10:16.245  2173  7516 I NetworkScheduler.Stats: Task com.google.android.gms/com.google.android.gms.semanticlocationhistory.deidentifieddata.uploads.BatchDeidentifiedDataUploadService started execution. cause:5 exec_start_elapsed_seconds: 2784 [CONTEXT service_id=218 ]
06-06 06:10:16.247  2173  2622 I .gms.persisten: Waiting for a blocking GC ProfileSaver
06-06 06:10:16.264  2173  7389 I NetworkScheduler.Stats: Task com.google.android.gms/com.google.android.gms.mdisync.service.MdiSyncBackgroundTaskService started execution. cause:5 exec_start_elapsed_seconds: 2784 [CONTEXT service_id=218 ]
06-06 06:10:16.265  2173  7389 I NetworkScheduler.Stats: Task com.google.android.gms/com.google.android.gms.semanticlocationhistory.deidentifieddata.uploads.BatchDeidentifiedDataUploadService finished executing. cause:5 result: 1 elapsed_millis: 26 uptime_millis: 26 exec_start_elapsed_seconds: 2784 [CONTEXT service_id=218 ]
06-06 06:10:16.265  2903  2903 D BoundBrokerSvc: onUnbind: Intent { act=com.google.android.gms.semanticlocationhistory.deidentifieddata.uploads.BatchDeidentifiedDataUploadService.ACTION_TASK_READY dat=chimera-action: cmp=com.google.android.gms/.chimera.GmsInternalBoundBrokerService }
06-06 06:10:16.266  2903  7480 I MdiSyncModule: Dispatching task '2_PERIODIC'...
06-06 06:10:16.267  2903  7480 I MdiSyncModule: Running singleton-scoped task '2 PERIODIC (2_PERIODIC)'...
06-06 06:10:16.267  2173  2188 I .gms.persisten: Background concurrent copying GC freed 493294(27MB) AllocSpace objects, 3(60KB) LOS objects, 49% free, 24MB/48MB, paused 22us total 113.725ms
06-06 06:10:16.267  2173  2188 W .gms.persisten: Reducing the number of considered missed Gc histogram windows from 167 to 100
06-06 06:10:16.267  2173  2622 I .gms.persisten: WaitForGcToComplete blocked ProfileSaver on ProfileSaver for 19.696ms
06-06 06:10:16.277  2173  2622 W .gms.persisten: Profile data size exceeds 500000 bytes. It has 605571 bytes.
06-06 06:10:16.282  2173  2173 D BoundBrokerSvc: onBind: Intent { act=com.google.android.gms.scheduler.standalone.housekeeping.HousekeepingTrainTaskService.ACTION_TASK_READY dat=chimera-action: cmp=com.google.android.gms/.chimera.PersistentInternalBoundBrokerService }
06-06 06:10:16.282  2173  2173 D BoundBrokerSvc: Loading bound service for intent: Intent { act=com.google.android.gms.scheduler.standalone.housekeeping.HousekeepingTrainTaskService.ACTION_TASK_READY dat=chimera-action: cmp=com.google.android.gms/.chimera.PersistentInternalBoundBrokerService }
06-06 06:10:16.282  2903  7480 I MdiSyncModule: Singleton-scoped task '2 PERIODIC (2_PERIODIC)' finished with result '0'!
06-06 06:10:16.283  2903  7480 I MdiSyncModule: Running account-scoped task '2 PERIODIC (2_PERIODIC)'...
06-06 06:10:16.283  2173  7516 I NetworkScheduler.Stats: Task com.google.android.gms/com.google.android.gms.scheduler.standalone.housekeeping.HousekeepingTrainTaskService started execution. cause:5 exec_start_elapsed_seconds: 2784 [CONTEXT service_id=218 ]
06-06 06:10:16.295  2903  7480 I MdiSyncModule: Task '2 PERIODIC (2_PERIODIC)' finished with result '0'!
06-06 06:10:16.296  2173  7423 I NetworkScheduler.Stats: Task com.google.android.gms/com.google.android.gms.mdisync.service.MdiSyncBackgroundTaskService finished executing. cause:5 result: 1 elapsed_millis: 44 uptime_millis: 44 exec_start_elapsed_seconds: 2784 [CONTEXT service_id=218 ]
06-06 06:10:16.301  2173  7389 I NetworkScheduler.Stats: Task com.google.android.gms/com.google.android.gms.pay.gcmtask.PayGcmTaskService started execution. cause:5 exec_start_elapsed_seconds: 2784 [CONTEXT service_id=218 ]
06-06 06:10:16.303  2173  7423 I NetworkScheduler.Stats: Task com.google.android.gms/com.google.android.gms.scheduler.standalone.housekeeping.HousekeepingTrainTaskService started execution. cause:5 exec_start_elapsed_seconds: 2784 [CONTEXT service_id=218 ]
06-06 06:10:16.307  2903  2903 D BoundBrokerSvc: onBind: Intent { act=com.google.android.gms.location.fused.logging.FlpSettingsLoggerService.ACTION_TASK_READY dat=chimera-action: cmp=com.google.android.gms/.chimera.GmsInternalBoundBrokerService }
06-06 06:10:16.307  2903  2903 D BoundBrokerSvc: Loading bound service for intent: Intent { act=com.google.android.gms.location.fused.logging.FlpSettingsLoggerService.ACTION_TASK_READY dat=chimera-action: cmp=com.google.android.gms/.chimera.GmsInternalBoundBrokerService }
06-06 06:10:16.308  2173  7391 I NetworkScheduler.Stats: Task com.google.android.gms/com.google.android.gms.location.fused.logging.FlpSettingsLoggerService started execution. cause:5 exec_start_elapsed_seconds: 2784 [CONTEXT service_id=218 ]
06-06 06:10:16.309  2173  7515 I NetworkScheduler.Stats: HousekeepingTask com.google.android.gms/com.google.android.gms.location.fused.logging.FlpSettingsLoggerService finished executing. cause:0 result: 1 elapsed_millis: 2 uptime_millis: 2 exec_start_elapsed_seconds: 2784 [CONTEXT service_id=218 ]
06-06 06:10:16.310  2903  2903 D BoundBrokerSvc: onUnbind: Intent { act=com.google.android.gms.location.fused.logging.FlpSettingsLoggerService.ACTION_TASK_READY dat=chimera-action: cmp=com.google.android.gms/.chimera.GmsInternalBoundBrokerService }
06-06 06:10:16.312  2173  7391 I NetworkScheduler.Stats: HousekeepingTask com.google.android.gms/com.google.android.gms.pay.gcmtask.PayGcmTaskService finished executing. cause:0 result: 2 elapsed_millis: 24 uptime_millis: 24 exec_start_elapsed_seconds: 2784 [CONTEXT service_id=218 ]
06-06 06:10:16.314  2903  2903 D BoundBrokerSvc: onBind: Intent { act=com.google.android.gms.thunderbird.ThunderbirdSchedulerService.ACTION_TASK_READY dat=chimera-action: cmp=com.google.android.gms/.chimera.GmsInternalBoundBrokerService }
06-06 06:10:16.314  2903  2903 D BoundBrokerSvc: Loading bound service for intent: Intent { act=com.google.android.gms.thunderbird.ThunderbirdSchedulerService.ACTION_TASK_READY dat=chimera-action: cmp=com.google.android.gms/.chimera.GmsInternalBoundBrokerService }
06-06 06:10:16.316  2173  7391 I NetworkScheduler.Stats: Task com.google.android.gms/com.google.android.gms.thunderbird.ThunderbirdSchedulerService started execution. cause:5 exec_start_elapsed_seconds: 2784 [CONTEXT service_id=218 ]
06-06 06:10:16.317  2173  7515 I NetworkScheduler.Stats: HousekeepingTask com.google.android.gms/com.google.android.gms.thunderbird.ThunderbirdSchedulerService finished executing. cause:0 result: 1 elapsed_millis: 2 uptime_millis: 2 exec_start_elapsed_seconds: 2784 [CONTEXT service_id=218 ]
06-06 06:10:16.317  2903  2903 D BoundBrokerSvc: onUnbind: Intent { act=com.google.android.gms.thunderbird.ThunderbirdSchedulerService.ACTION_TASK_READY dat=chimera-action: cmp=com.google.android.gms/.chimera.GmsInternalBoundBrokerService }
06-06 06:10:16.324  2173  2173 D BoundBrokerSvc: onBind: Intent { act=com.google.android.gms.libs.gmscorelogger.GmsCoreLoggerFilesCleanupTask.ACTION_TASK_READY dat=chimera-action: cmp=com.google.android.gms/.chimera.PersistentInternalBoundBrokerService }
06-06 06:10:16.324  2173  2173 D BoundBrokerSvc: Loading bound service for intent: Intent { act=com.google.android.gms.libs.gmscorelogger.GmsCoreLoggerFilesCleanupTask.ACTION_TASK_READY dat=chimera-action: cmp=com.google.android.gms/.chimera.PersistentInternalBoundBrokerService }
06-06 06:10:16.324  2173  7515 I NetworkScheduler.Stats: Task com.google.android.gms/com.google.android.gms.wallet.service.WalletGcmTaskService started execution. cause:5 exec_start_elapsed_seconds: 2784 [CONTEXT service_id=218 ]
06-06 06:10:16.324  2903  7476 I WalletGcmTaskService: Running GcmTask w/ tag INSTANTBUY_SYNC_GCM_TASK_STEP_1
06-06 06:10:16.325  2173  7391 I NetworkScheduler.Stats: Task com.google.android.gms/com.google.android.gms.libs.gmscorelogger.GmsCoreLoggerFilesCleanupTask started execution. cause:5 exec_start_elapsed_seconds: 2784 [CONTEXT service_id=218 ]
06-06 06:10:16.325  2173  7391 I NetworkScheduler.Stats: HousekeepingTask com.google.android.gms/com.google.android.gms.libs.gmscorelogger.GmsCoreLoggerFilesCleanupTask finished executing. cause:0 result: 1 elapsed_millis: 1 uptime_millis: 1 exec_start_elapsed_seconds: 2784 [CONTEXT service_id=218 ]
06-06 06:10:16.325  2173  2173 D BoundBrokerSvc: onUnbind: Intent { act=com.google.android.gms.libs.gmscorelogger.GmsCoreLoggerFilesCleanupTask.ACTION_TASK_READY dat=chimera-action: cmp=com.google.android.gms/.chimera.PersistentInternalBoundBrokerService }
06-06 06:10:16.327  2173  7391 I NetworkScheduler.Stats: HousekeepingTask com.google.android.gms/com.google.android.gms.wallet.service.WalletGcmTaskService finished executing. cause:0 result: 1 elapsed_millis: 9 uptime_millis: 9 exec_start_elapsed_seconds: 2784 [CONTEXT service_id=218 ]
06-06 06:10:16.329  2903  2903 D BoundBrokerSvc: onBind: Intent { act=com.google.android.gms.common.stats.AvailabilityFilesCleanupTask.ACTION_TASK_READY dat=chimera-action: cmp=com.google.android.gms/.chimera.GmsInternalBoundBrokerService }
06-06 06:10:16.329  2903  2903 D BoundBrokerSvc: Loading bound service for intent: Intent { act=com.google.android.gms.common.stats.AvailabilityFilesCleanupTask.ACTION_TASK_READY dat=chimera-action: cmp=com.google.android.gms/.chimera.GmsInternalBoundBrokerService }
06-06 06:10:16.330  2173  7391 I NetworkScheduler.Stats: Task com.google.android.gms/com.google.android.gms.common.stats.AvailabilityFilesCleanupTask started execution. cause:5 exec_start_elapsed_seconds: 2784 [CONTEXT service_id=218 ]
06-06 06:10:16.330  2173  7520 I NetworkScheduler.Stats: HousekeepingTask com.google.android.gms/com.google.android.gms.common.stats.AvailabilityFilesCleanupTask finished executing. cause:0 result: 1 elapsed_millis: 1 uptime_millis: 1 exec_start_elapsed_seconds: 2784 [CONTEXT service_id=218 ]
06-06 06:10:16.331  2903  2903 D BoundBrokerSvc: onUnbind: Intent { act=com.google.android.gms.common.stats.AvailabilityFilesCleanupTask.ACTION_TASK_READY dat=chimera-action: cmp=com.google.android.gms/.chimera.GmsInternalBoundBrokerService }
06-06 06:10:16.333  2903  2903 D BoundBrokerSvc: onBind: Intent { act=com.google.android.gms.semanticlocationhistory.edit.EditUploadJob.ACTION_TASK_READY dat=chimera-action: cmp=com.google.android.gms/.chimera.GmsInternalBoundBrokerService }
06-06 06:10:16.333  2903  2903 D BoundBrokerSvc: Loading bound service for intent: Intent { act=com.google.android.gms.semanticlocationhistory.edit.EditUploadJob.ACTION_TASK_READY dat=chimera-action: cmp=com.google.android.gms/.chimera.GmsInternalBoundBrokerService }
06-06 06:10:16.334  2173  7520 I NetworkScheduler.Stats: Task com.google.android.gms/com.google.android.gms.semanticlocationhistory.edit.EditUploadJob started execution. cause:5 exec_start_elapsed_seconds: 2784 [CONTEXT service_id=218 ]
06-06 06:10:16.337  2173  7391 I NetworkScheduler.Stats: HousekeepingTask com.google.android.gms/com.google.android.gms.semanticlocationhistory.edit.EditUploadJob finished executing. cause:0 result: 1 elapsed_millis: 4 uptime_millis: 4 exec_start_elapsed_seconds: 2784 [CONTEXT service_id=218 ]
06-06 06:10:16.337  2903  2903 D BoundBrokerSvc: onUnbind: Intent { act=com.google.android.gms.semanticlocationhistory.edit.EditUploadJob.ACTION_TASK_READY dat=chimera-action: cmp=com.google.android.gms/.chimera.GmsInternalBoundBrokerService }
06-06 06:10:16.339  2173  2173 D BoundBrokerSvc: onBind: Intent { act=com.google.android.gms.westworld.AppSpecificPropertyRegistrationTask.ACTION_TASK_READY dat=chimera-action: cmp=com.google.android.gms/.chimera.PersistentInternalBoundBrokerService }
06-06 06:10:16.339  2173  2173 D BoundBrokerSvc: Loading bound service for intent: Intent { act=com.google.android.gms.westworld.AppSpecificPropertyRegistrationTask.ACTION_TASK_READY dat=chimera-action: cmp=com.google.android.gms/.chimera.PersistentInternalBoundBrokerService }
06-06 06:10:16.340  2173  7391 I NetworkScheduler.Stats: Task com.google.android.gms/com.google.android.gms.westworld.AppSpecificPropertyRegistrationTask started execution. cause:5 exec_start_elapsed_seconds: 2784 [CONTEXT service_id=218 ]
06-06 06:10:16.342  2903  2903 D BoundBrokerSvc: onBind: Intent { act=com.google.android.gms.semanticlocationhistory.db.backup.OdlhBackupService.ACTION_TASK_READY dat=chimera-action: cmp=com.google.android.gms/.chimera.GmsInternalBoundBrokerService }
06-06 06:10:16.342  2903  2903 D BoundBrokerSvc: Loading bound service for intent: Intent { act=com.google.android.gms.semanticlocationhistory.db.backup.OdlhBackupService.ACTION_TASK_READY dat=chimera-action: cmp=com.google.android.gms/.chimera.GmsInternalBoundBrokerService }
06-06 06:10:16.343  2173  7391 I NetworkScheduler.Stats: Task com.google.android.gms/com.google.android.gms.semanticlocationhistory.db.backup.OdlhBackupService started execution. cause:5 exec_start_elapsed_seconds: 2784 [CONTEXT service_id=218 ]
06-06 06:10:16.349  2173  2944 W GLSUser : [DeviceKeyStore] Cannot load key: Device key file not found.
06-06 06:10:16.381  2173  7515 I NetworkScheduler.Stats: HousekeepingTask com.google.android.gms/com.google.android.gms.westworld.AppSpecificPropertyRegistrationTask finished executing. cause:0 result: 1 elapsed_millis: 43 uptime_millis: 43 exec_start_elapsed_seconds: 2784 [CONTEXT service_id=218 ]
06-06 06:10:16.385  2173  2173 D BoundBrokerSvc: onUnbind: Intent { act=com.google.android.gms.westworld.AppSpecificPropertyRegistrationTask.ACTION_TASK_READY dat=chimera-action: cmp=com.google.android.gms/.chimera.PersistentInternalBoundBrokerService }
06-06 06:10:16.390  1760  1792 D Sensors : batch handle 1, but there is no batch sensor in genymotion
06-06 06:10:16.390  1760  1792 D Sensors : batch handle 3, but there is no batch sensor in genymotion
06-06 06:10:16.391  1760  1792 D Sensors : batch handle 2, but there is no batch sensor in genymotion
06-06 06:10:16.391  2903  2903 D BoundBrokerSvc: onBind: Intent { act=com.google.android.location.geofencer.service.RandomDailyTaskSchedulerService.ACTION_TASK_READY dat=chimera-action: cmp=com.google.android.gms/.chimera.GmsInternalBoundBrokerService }
06-06 06:10:16.391  2903  2903 D BoundBrokerSvc: Loading bound service for intent: Intent { act=com.google.android.location.geofencer.service.RandomDailyTaskSchedulerService.ACTION_TASK_READY dat=chimera-action: cmp=com.google.android.gms/.chimera.GmsInternalBoundBrokerService }
06-06 06:10:16.392  2173  7391 I NetworkScheduler.Stats: Task com.google.android.gms/com.google.android.location.geofencer.service.RandomDailyTaskSchedulerService started execution. cause:5 exec_start_elapsed_seconds: 2784 [CONTEXT service_id=218 ]
06-06 06:10:16.393  2173  7515 I NetworkScheduler.Stats: HousekeepingTask com.google.android.gms/com.google.android.location.geofencer.service.RandomDailyTaskSchedulerService finished executing. cause:0 result: 1 elapsed_millis: 2 uptime_millis: 2 exec_start_elapsed_seconds: 2784 [CONTEXT service_id=218 ]
06-06 06:10:16.393  2903  2903 D BoundBrokerSvc: onUnbind: Intent { act=com.google.android.location.geofencer.service.RandomDailyTaskSchedulerService.ACTION_TASK_READY dat=chimera-action: cmp=com.google.android.gms/.chimera.GmsInternalBoundBrokerService }
06-06 06:10:16.398  2903  2903 D BoundBrokerSvc: onBind: Intent { act=.people.service.wipeout.PeopleAndroidUriWipeoutTask.ACTION_TASK_READY dat=chimera-action: cmp=com.google.android.gms/.chimera.GmsInternalBoundBrokerService }
06-06 06:10:16.398  2903  2903 D BoundBrokerSvc: Loading bound service for intent: Intent { act=.people.service.wipeout.PeopleAndroidUriWipeoutTask.ACTION_TASK_READY dat=chimera-action: cmp=com.google.android.gms/.chimera.GmsInternalBoundBrokerService }
06-06 06:10:16.399  2173  7391 I NetworkScheduler.Stats: Task com.google.android.gms/.people.service.wipeout.PeopleAndroidUriWipeoutTask started execution. cause:5 exec_start_elapsed_seconds: 2784 [CONTEXT service_id=218 ]
06-06 06:10:16.400  2903  7480 I AndroidUriWipeoutSvc: Running AndroidUriWipeout [CONTEXT service_id=5 ]
06-06 06:10:16.400  2903  2903 D BoundBrokerSvc: onUnbind: Intent { act=.people.service.wipeout.PeopleAndroidUriWipeoutTask.ACTION_TASK_READY dat=chimera-action: cmp=com.google.android.gms/.chimera.GmsInternalBoundBrokerService }
06-06 06:10:16.400  2173  7515 I NetworkScheduler.Stats: HousekeepingTask com.google.android.gms/.people.service.wipeout.PeopleAndroidUriWipeoutTask finished executing. cause:0 result: 1 elapsed_millis: 3 uptime_millis: 3 exec_start_elapsed_seconds: 2784 [CONTEXT service_id=218 ]
06-06 06:10:16.404  2173  2173 D BoundBrokerSvc: onBind: Intent { act=com.google.android.gms.mdm.services.QrlLoggerService.ACTION_TASK_READY dat=chimera-action: cmp=com.google.android.gms/.chimera.PersistentInternalBoundBrokerService }
06-06 06:10:16.404  2173  2173 D BoundBrokerSvc: Loading bound service for intent: Intent { act=com.google.android.gms.mdm.services.QrlLoggerService.ACTION_TASK_READY dat=chimera-action: cmp=com.google.android.gms/.chimera.PersistentInternalBoundBrokerService }
