06-06 06:10:18.886  2903  2903 D BoundBrokerSvc: onUnbind: Intent { act=com.google.android.gms.semanticlocationhistory.settings.SettingsSyncService.ACTION_TASK_READY dat=chimera-action: cmp=com.google.android.gms/.chimera.GmsInternalBoundBrokerService }
06-06 06:10:18.888  2173  7577 I NetworkScheduler.Stats: Task com.google.android.gms/com.google.android.gms.scheduler.standalone.housekeeping.HousekeepingTrainTaskService finished executing. cause:5 result: 1 elapsed_millis: 2287 uptime_millis: 2287 exec_start_elapsed_seconds: 2785 [CONTEXT service_id=218 ]
06-06 06:10:18.902  2173  7423 I NetworkScheduler.Stats: Task com.google.android.gms/com.google.android.gms.tapandpay.gcmtask.TapAndPayGcmTaskService started execution. cause:5 exec_start_elapsed_seconds: 2787 [CONTEXT service_id=218 ]
06-06 06:10:18.906  2173  7389 I NetworkScheduler.Stats: Task com.google.android.gms/com.google.android.gms.tapandpay.gcmtask.TapAndPayGcmTaskService finished executing. cause:5 result: 1 elapsed_millis: 7 uptime_millis: 7 exec_start_elapsed_seconds: 2787 [CONTEXT service_id=218 ]
06-06 06:10:18.916  2173  7520 I NetworkScheduler.Stats: Task com.google.android.gms/com.google.android.gms.auth.folsom.service.FolsomPublicKeyUpdateService started execution. cause:5 exec_start_elapsed_seconds: 2787 [CONTEXT service_id=218 ]
06-06 06:10:18.916  2903  6849 I RecoverableKeyStoreGms: [FolsomSyncManager] Starting sync for event: SYNC_PERIODIC
06-06 06:10:18.919  1954  5902 E RecoverySnapshotStorage: Error reading snapshot for 10132 from disk
06-06 06:10:18.919  1954  5902 E RecoverySnapshotStorage: java.io.FileNotFoundException: /data/system/recoverablekeystore/snapshots/10132.xml: open failed: ENOENT (No such file or directory)
06-06 06:10:18.919  1954  5902 E RecoverySnapshotStorage: 	at libcore.io.IoBridge.open(IoBridge.java:492)
06-06 06:10:18.919  1954  5902 E RecoverySnapshotStorage: 	at java.io.FileInputStream.<init>(FileInputStream.java:160)
06-06 06:10:18.919  1954  5902 E RecoverySnapshotStorage: 	at com.android.server.locksettings.recoverablekeystore.storage.RecoverySnapshotStorage.readFromDisk(RecoverySnapshotStorage.java:152)
06-06 06:10:18.919  1954  5902 E RecoverySnapshotStorage: 	at com.android.server.locksettings.recoverablekeystore.storage.RecoverySnapshotStorage.get(RecoverySnapshotStorage.java:104)
06-06 06:10:18.919  1954  5902 E RecoverySnapshotStorage: 	at com.android.server.locksettings.recoverablekeystore.RecoverableKeyStoreManager.getKeyChainSnapshot(RecoverableKeyStoreManager.java:343)
06-06 06:10:18.919  1954  5902 E RecoverySnapshotStorage: 	at com.android.server.locksettings.LockSettingsService.getKeyChainSnapshot(LockSettingsService.java:2390)
06-06 06:10:18.919  1954  5902 E RecoverySnapshotStorage: 	at com.android.internal.widget.ILockSettings$Stub.onTransact(ILockSettings.java:769)
06-06 06:10:18.919  1954  5902 E RecoverySnapshotStorage: 	at android.os.Binder.execTransactInternal(Binder.java:1159)
06-06 06:10:18.919  1954  5902 E RecoverySnapshotStorage: 	at android.os.Binder.execTransact(Binder.java:1123)
06-06 06:10:18.919  1954  5902 E RecoverySnapshotStorage: Caused by: android.system.ErrnoException: open failed: ENOENT (No such file or directory)
06-06 06:10:18.919  1954  5902 E RecoverySnapshotStorage: 	at libcore.io.Linux.open(Native Method)
06-06 06:10:18.919  1954  5902 E RecoverySnapshotStorage: 	at libcore.io.ForwardingOs.open(ForwardingOs.java:166)
06-06 06:10:18.919  1954  5902 E RecoverySnapshotStorage: 	at libcore.io.BlockGuardOs.open(BlockGuardOs.java:254)
06-06 06:10:18.919  1954  5902 E RecoverySnapshotStorage: 	at libcore.io.IoBridge.open(IoBridge.java:478)
06-06 06:10:18.919  1954  5902 E RecoverySnapshotStorage: 	... 8 more
06-06 06:10:18.922  2903  6849 I RecoverableKeyStoreGms: [KeySyncController] Snapshot is null
06-06 06:10:18.926  2173  7389 I NetworkScheduler.Stats: Task com.google.android.gms/com.google.android.gms.auth.folsom.service.FolsomPublicKeyUpdateService finished executing. cause:5 result: 1 elapsed_millis: 13 uptime_millis: 13 exec_start_elapsed_seconds: 2787 [CONTEXT service_id=218 ]
06-06 06:10:19.624  2903  2903 I GmsThreadNetwork: [BorderAgentScannerImpl] Sent Border Agent mDNS service query (transactionId = 2) [CONTEXT service_id=305 ]
06-06 06:10:20.628  2903  2903 I GmsThreadNetwork: [BorderAgentScannerImpl] Sent Border Agent mDNS service query (transactionId = 3) [CONTEXT service_id=305 ]
06-06 06:10:20.966  1954  1995 I ActivityManager: Waited long enough for: ServiceRecord{a885eb u0 com.google.android.gms/.statementservice.OperationService}
06-06 06:10:21.063  5919  5919 I Finsky  : [2] SCH: job service start with id 9376.
06-06 06:10:21.067  5919  7475 I Finsky  : [626] SCH: Satisfied jobs for 9376 are: 12-1
06-06 06:10:21.068  5919  7496 I Finsky  : [634] SCH: Job 12-1 starting
06-06 06:10:21.069  5919  5919 I Finsky  : [2] [ContentSync] job started
06-06 06:10:21.151  5919  5919 I Finsky  : [2] App states replicator found 3 unowned apps
06-06 06:10:21.155  2903  2903 D BoundBrokerSvc: onBind: Intent { act=com.google.android.gms.potokens.service.START dat=chimera-action: cmp=com.google.android.gms/.chimera.GmsApiService }
06-06 06:10:21.155  2903  2903 D BoundBrokerSvc: Loading bound service for intent: Intent { act=com.google.android.gms.potokens.service.START dat=chimera-action: cmp=com.google.android.gms/.chimera.GmsApiService }
06-06 06:10:21.622  2903  6849 I GmsThreadNetwork: [BorderAgentScannerImpl] Stopping mDNS service browser [CONTEXT service_id=305 ]
06-06 06:10:21.624  1954  3311 I WifiService: releaseMulticastLock uid=10132
06-06 06:10:21.626  2903  6849 I GmsCoreXrpcWrapper: Returning a channel provider with trafficStatsTag=67143940 trafficStatsUid=-1
06-06 06:10:21.630  2903  7480 I GmsThreadNetwork: [TyboCredentialsSynchronizer] No border agents found, do not upload local credentials [CONTEXT service_id=305 ]
06-06 06:10:21.631  2173  7389 I NetworkScheduler.Stats: HousekeepingTask com.google.android.gms/com.google.android.gms.threadnetwork.credentials.firstparty.BorderRouterSyncBoundService finished executing. cause:0 result: 1 elapsed_millis: 3016 uptime_millis: 3016 exec_start_elapsed_seconds: 2787 [CONTEXT service_id=218 ]
06-06 06:10:21.632  2903  2903 D BoundBrokerSvc: onUnbind: Intent { act=com.google.android.gms.threadnetwork.credentials.firstparty.BorderRouterSyncBoundService.ACTION_TASK_READY dat=chimera-action: cmp=com.google.android.gms/.chimera.GmsInternalBoundBrokerService }
06-06 06:10:21.634  2173  2173 D BoundBrokerSvc: onUnbind: Intent { act=com.google.android.gms.scheduler.standalone.housekeeping.HousekeepingTrainTaskService.ACTION_TASK_READY dat=chimera-action: cmp=com.google.android.gms/.chimera.PersistentInternalBoundBrokerService }
06-06 06:10:21.635  2173  7520 I NetworkScheduler.Stats: Task com.google.android.gms/com.google.android.gms.scheduler.standalone.housekeeping.HousekeepingTrainTaskService finished executing. cause:5 result: 1 elapsed_millis: 3030 uptime_millis: 3030 exec_start_elapsed_seconds: 2787 [CONTEXT service_id=218 ]
06-06 06:10:21.645  5919  7581 I Finsky  : [635] Completed 1 account content syncs with 1 successful.
06-06 06:10:21.646  5919  5919 I Finsky  : [2] [ContentSync] Installation state replication succeeded.
06-06 06:10:21.646  5919  5919 I Finsky  : [2] SCH: jobFinished: 12-1. TimeElapsed: 577ms.
06-06 06:10:21.652  5919  5970 I Finsky  : [332] SCH: Scheduling phonesky job Id: 1-1337, CT: 1749187448490, Constraints: [{ L: 14399998, D: 46786610, C: CHARGING_NONE, I: IDLE_NONE, N: NET_ANY, B: BATTERY_ANY }]
06-06 06:10:21.652  5919  5970 I Finsky  : [332] SCH: Scheduling phonesky job Id: 34-91, CT: 1749187453129, Constraints: [{ L: 79199832, D: 1375199832, C: CHARGING_NONE, I: IDLE_NONE, N: NET_ANY, B: BATTERY_ANY }]
06-06 06:10:21.652  5919  5970 I Finsky  : [332] SCH: Scheduling phonesky job Id: 34-94, CT: 1749187453472, Constraints: [{ L: 604800000, D: 2591999860, C: CHARGING_NONE, I: IDLE_NONE, N: NET_ANY, B: BATTERY_ANY }]
06-06 06:10:21.653  5919  5976 I Finsky  : [335] SCH: Scheduling 1 system job(s)
06-06 06:10:21.654  5919  5976 I Finsky  : [335] SCH: Scheduling system job Id: 9384, L: 11626835, D: 44013447, C: false, I: false, N: 1
06-06 06:10:21.656  5919  7496 I Finsky  : [634] SCH: job service finished with id 9376.
06-06 06:10:26.189  4822  4836 W ssioncontrolle: Reducing the number of considered missed Gc histogram windows from 140 to 100
06-06 06:10:31.526  2903  2903 D BoundBrokerSvc: onUnbind: Intent { act=com.google.android.gms.credential.manager.service.firstparty.START dat=chimera-action: cmp=com.google.android.gms/.chimera.GmsApiService }
06-06 06:10:31.556  2903  2903 D BoundBrokerSvc: onUnbind: Intent { act=com.google.android.gms.chromesync.service.zeroparty.START dat=chimera-action: cmp=com.google.android.gms/.chimera.GmsApiService }
06-06 06:10:32.685  2903  2903 D BoundBrokerSvc: onUnbind: Intent { act=com.google.android.gms.audit.service.START dat=chimera-action: cmp=com.google.android.gms/.chimera.GmsBoundBrokerService }
06-06 06:10:32.692  2173  2173 D BoundBrokerSvc: onUnbind: Intent { act=com.google.android.gms.auth.aang.events.services.START dat=chimera-action: cmp=com.google.android.gms/.chimera.PersistentApiService }
06-06 06:10:33.584  2903  2903 D BoundBrokerSvc: onUnbind: Intent { act=com.google.android.gms.feedback.internal.IFeedbackService dat=chimera-action: cmp=com.google.android.gms/.chimera.GmsBoundBrokerService }
06-06 06:10:34.859  4489  4505 W t_app_installe: Reducing the number of considered missed Gc histogram windows from 278 to 100
06-06 06:10:36.244  2903  2903 D BoundBrokerSvc: onUnbind: Intent { act=com.google.android.gms.potokens.service.START dat=chimera-action: cmp=com.google.android.gms/.chimera.GmsApiService }
06-06 06:10:38.602  2776  2791 W d.process.acor: Reducing the number of considered missed Gc histogram windows from 149 to 100
06-06 06:10:38.754  2903  2924 W System  : A resource failed to call close. 
06-06 06:10:46.396  2903  3250 W gle.android.gm: Profile data size exceeds 500000 bytes. It has 605571 bytes.
06-06 06:11:00.013  2195  2195 D KeyguardClockSwitch: Updating clock: 611
--------- beginning of kernel
06-06 06:11:06.717     0     0 D logd    : logdr: UID=0 GID=0 PID=7589 n tail=0 logMask=99 pid=0 start=0ns timeout=0ns
