06-06 06:10:16.405  2173  7520 I NetworkScheduler.Stats: Task com.google.android.gms/com.google.android.gms.mdm.services.QrlLoggerService started execution. cause:5 exec_start_elapsed_seconds: 2784 [CONTEXT service_id=218 ]
06-06 06:10:16.406  2173  7391 I NetworkScheduler.Stats: HousekeepingTask com.google.android.gms/com.google.android.gms.mdm.services.QrlLoggerService finished executing. cause:0 result: 1 elapsed_millis: 2 uptime_millis: 2 exec_start_elapsed_seconds: 2784 [CONTEXT service_id=218 ]
06-06 06:10:16.406  2173  2173 D BoundBrokerSvc: onUnbind: Intent { act=com.google.android.gms.mdm.services.QrlLoggerService.ACTION_TASK_READY dat=chimera-action: cmp=com.google.android.gms/.chimera.PersistentInternalBoundBrokerService }
06-06 06:10:16.411  2903  2903 D BoundBrokerSvc: onBind: Intent { act=com.google.android.gms.common.stats.FeatureLoggingTask.ACTION_TASK_READY dat=chimera-action: cmp=com.google.android.gms/.chimera.GmsInternalBoundBrokerService }
06-06 06:10:16.411  2903  2903 D BoundBrokerSvc: Loading bound service for intent: Intent { act=com.google.android.gms.common.stats.FeatureLoggingTask.ACTION_TASK_READY dat=chimera-action: cmp=com.google.android.gms/.chimera.GmsInternalBoundBrokerService }
06-06 06:10:16.412  2173  7391 I NetworkScheduler.Stats: Task com.google.android.gms/com.google.android.gms.common.stats.FeatureLoggingTask started execution. cause:5 exec_start_elapsed_seconds: 2784 [CONTEXT service_id=218 ]
06-06 06:10:16.412  2903  6849 I MetricIdProvider: Unable to log feature status gaia snapshot: Facet Usage Gaia cannot log or override not enabled [CONTEXT service_id=231 ]
06-06 06:10:16.412  2903  6849 I MetricIdProvider: Unable to log feature status zwieback snapshot: Facet Usage cannot log or override not set [CONTEXT service_id=231 ]
06-06 06:10:16.412  2903  6849 I GmsCoreDailyFeatureLogg: Unable to log feature status snapshot: Cannot log gaia or zwieback [CONTEXT service_id=231 ]
06-06 06:10:16.412  2173  7522 I NetworkScheduler.Stats: HousekeepingTask com.google.android.gms/com.google.android.gms.common.stats.FeatureLoggingTask finished executing. cause:0 result: 1 elapsed_millis: 1 uptime_millis: 1 exec_start_elapsed_seconds: 2784 [CONTEXT service_id=218 ]
06-06 06:10:16.413  2903  2903 D BoundBrokerSvc: onUnbind: Intent { act=com.google.android.gms.common.stats.FeatureLoggingTask.ACTION_TASK_READY dat=chimera-action: cmp=com.google.android.gms/.chimera.GmsInternalBoundBrokerService }
06-06 06:10:16.417  2903  2903 D BoundBrokerSvc: onBind: Intent { act=com.google.android.gms.common.stats.NotificationLoggingTask.ACTION_TASK_READY dat=chimera-action: cmp=com.google.android.gms/.chimera.GmsInternalBoundBrokerService }
06-06 06:10:16.417  2903  2903 D BoundBrokerSvc: Loading bound service for intent: Intent { act=com.google.android.gms.common.stats.NotificationLoggingTask.ACTION_TASK_READY dat=chimera-action: cmp=com.google.android.gms/.chimera.GmsInternalBoundBrokerService }
06-06 06:10:16.417  2173  7522 I NetworkScheduler.Stats: Task com.google.android.gms/com.google.android.gms.common.stats.NotificationLoggingTask started execution. cause:5 exec_start_elapsed_seconds: 2784 [CONTEXT service_id=218 ]
06-06 06:10:16.418  2903  7480 W ChimeraUtils: Module com.google.android.gms.core missing resource null(0)
06-06 06:10:16.420  2173  7391 I NetworkScheduler.Stats: HousekeepingTask com.google.android.gms/com.google.android.gms.common.stats.NotificationLoggingTask finished executing. cause:0 result: 1 elapsed_millis: 3 uptime_millis: 3 exec_start_elapsed_seconds: 2784 [CONTEXT service_id=218 ]
06-06 06:10:16.420  2903  2903 D BoundBrokerSvc: onUnbind: Intent { act=com.google.android.gms.common.stats.NotificationLoggingTask.ACTION_TASK_READY dat=chimera-action: cmp=com.google.android.gms/.chimera.GmsInternalBoundBrokerService }
06-06 06:10:16.425  2173  2944 W GmsUrlRequestImpl: Content-Type header is overwritten.
06-06 06:10:16.426  1760  1792 D Sensors : batch handle 1, but there is no batch sensor in genymotion
06-06 06:10:16.426  1760  1792 D Sensors : batch handle 3, but there is no batch sensor in genymotion
06-06 06:10:16.426  1760  1792 D Sensors : batch handle 1, but there is no batch sensor in genymotion
06-06 06:10:16.429  2903  2903 D BoundBrokerSvc: onBind: Intent { act=com.google.android.gms.semanticlocationhistory.edit.EditMergeJob.ACTION_TASK_READY dat=chimera-action: cmp=com.google.android.gms/.chimera.GmsInternalBoundBrokerService }
06-06 06:10:16.429  2903  2903 D BoundBrokerSvc: Loading bound service for intent: Intent { act=com.google.android.gms.semanticlocationhistory.edit.EditMergeJob.ACTION_TASK_READY dat=chimera-action: cmp=com.google.android.gms/.chimera.GmsInternalBoundBrokerService }
06-06 06:10:16.431  2173  7391 I NetworkScheduler.Stats: Task com.google.android.gms/com.google.android.gms.semanticlocationhistory.edit.EditMergeJob started execution. cause:5 exec_start_elapsed_seconds: 2784 [CONTEXT service_id=218 ]
06-06 06:10:16.437  2173  7522 I NetworkScheduler.Stats: HousekeepingTask com.google.android.gms/com.google.android.gms.semanticlocationhistory.edit.EditMergeJob finished executing. cause:0 result: 1 elapsed_millis: 8 uptime_millis: 8 exec_start_elapsed_seconds: 2784 [CONTEXT service_id=218 ]
06-06 06:10:16.437  2903  2903 D BoundBrokerSvc: onUnbind: Intent { act=com.google.android.gms.semanticlocationhistory.edit.EditMergeJob.ACTION_TASK_READY dat=chimera-action: cmp=com.google.android.gms/.chimera.GmsInternalBoundBrokerService }
06-06 06:10:16.442  2903  2903 D BoundBrokerSvc: onBind: Intent { act=com.google.android.gms.semanticlocationhistory.db.OdlhDatabaseCleanupJob.ACTION_TASK_READY dat=chimera-action: cmp=com.google.android.gms/.chimera.GmsInternalBoundBrokerService }
06-06 06:10:16.442  2903  2903 D BoundBrokerSvc: Loading bound service for intent: Intent { act=com.google.android.gms.semanticlocationhistory.db.OdlhDatabaseCleanupJob.ACTION_TASK_READY dat=chimera-action: cmp=com.google.android.gms/.chimera.GmsInternalBoundBrokerService }
06-06 06:10:16.443  2173  7391 I NetworkScheduler.Stats: Task com.google.android.gms/com.google.android.gms.semanticlocationhistory.db.OdlhDatabaseCleanupJob started execution. cause:5 exec_start_elapsed_seconds: 2784 [CONTEXT service_id=218 ]
06-06 06:10:16.461  2173  7522 I NetworkScheduler.Stats: HousekeepingTask com.google.android.gms/com.google.android.gms.semanticlocationhistory.db.OdlhDatabaseCleanupJob finished executing. cause:0 result: 1 elapsed_millis: 18 uptime_millis: 18 exec_start_elapsed_seconds: 2784 [CONTEXT service_id=218 ]
06-06 06:10:16.461  2903  2903 D BoundBrokerSvc: onUnbind: Intent { act=com.google.android.gms.semanticlocationhistory.db.OdlhDatabaseCleanupJob.ACTION_TASK_READY dat=chimera-action: cmp=com.google.android.gms/.chimera.GmsInternalBoundBrokerService }
06-06 06:10:16.467  2173  2173 D BoundBrokerSvc: onBind: Intent { act=com.google.android.gms.personalsafety.service.PersonalSafetyLoggerService.ACTION_TASK_READY dat=chimera-action: cmp=com.google.android.gms/.chimera.PersistentInternalBoundBrokerService }
06-06 06:10:16.467  2173  2173 D BoundBrokerSvc: Loading bound service for intent: Intent { act=com.google.android.gms.personalsafety.service.PersonalSafetyLoggerService.ACTION_TASK_READY dat=chimera-action: cmp=com.google.android.gms/.chimera.PersistentInternalBoundBrokerService }
06-06 06:10:16.468  2173  7520 I NetworkScheduler.Stats: Task com.google.android.gms/com.google.android.gms.personalsafety.service.PersonalSafetyLoggerService started execution. cause:5 exec_start_elapsed_seconds: 2785 [CONTEXT service_id=218 ]
06-06 06:10:16.469  2173  7515 W Settings: Setting airplane_mode_on has moved from android.provider.Settings.System to android.provider.Settings.Global, returning read-only value.
06-06 06:10:16.470  2173  7515 W Settings: Setting airplane_mode_on has moved from android.provider.Settings.System to android.provider.Settings.Global, returning read-only value.
06-06 06:10:16.471  2173  7515 I NetworkScheduler.Stats: HousekeepingTask com.google.android.gms/com.google.android.gms.personalsafety.service.PersonalSafetyLoggerService finished executing. cause:0 result: 1 elapsed_millis: 4 uptime_millis: 4 exec_start_elapsed_seconds: 2785 [CONTEXT service_id=218 ]
06-06 06:10:16.471  2173  2173 D BoundBrokerSvc: onUnbind: Intent { act=com.google.android.gms.personalsafety.service.PersonalSafetyLoggerService.ACTION_TASK_READY dat=chimera-action: cmp=com.google.android.gms/.chimera.PersistentInternalBoundBrokerService }
06-06 06:10:16.477  2173  2173 D BoundBrokerSvc: onBind: Intent { act=com.google.android.personalsafety.settings.autolock.AutoLockLoggerService.ACTION_TASK_READY dat=chimera-action: cmp=com.google.android.gms/.chimera.PersistentInternalBoundBrokerService }
06-06 06:10:16.477  2173  2173 D BoundBrokerSvc: Loading bound service for intent: Intent { act=com.google.android.personalsafety.settings.autolock.AutoLockLoggerService.ACTION_TASK_READY dat=chimera-action: cmp=com.google.android.gms/.chimera.PersistentInternalBoundBrokerService }
06-06 06:10:16.478  2173  7515 I NetworkScheduler.Stats: Task com.google.android.gms/com.google.android.personalsafety.settings.autolock.AutoLockLoggerService started execution. cause:5 exec_start_elapsed_seconds: 2785 [CONTEXT service_id=218 ]
06-06 06:10:16.478  2173  7520 I NetworkScheduler.Stats: HousekeepingTask com.google.android.gms/com.google.android.personalsafety.settings.autolock.AutoLockLoggerService finished executing. cause:0 result: 1 elapsed_millis: 2 uptime_millis: 2 exec_start_elapsed_seconds: 2785 [CONTEXT service_id=218 ]
06-06 06:10:16.478  2173  2173 D BoundBrokerSvc: onUnbind: Intent { act=com.google.android.personalsafety.settings.autolock.AutoLockLoggerService.ACTION_TASK_READY dat=chimera-action: cmp=com.google.android.gms/.chimera.PersistentInternalBoundBrokerService }
06-06 06:10:16.484  2903  2903 D BoundBrokerSvc: onBind: Intent { act=com.google.android.gms.common.stats.permissions.PermissionStateLoggingTask.ACTION_TASK_READY dat=chimera-action: cmp=com.google.android.gms/.chimera.GmsInternalBoundBrokerService }
06-06 06:10:16.484  2903  2903 D BoundBrokerSvc: Loading bound service for intent: Intent { act=com.google.android.gms.common.stats.permissions.PermissionStateLoggingTask.ACTION_TASK_READY dat=chimera-action: cmp=com.google.android.gms/.chimera.GmsInternalBoundBrokerService }
06-06 06:10:16.484  2173  7520 I NetworkScheduler.Stats: Task com.google.android.gms/com.google.android.gms.common.stats.permissions.PermissionStateLoggingTask started execution. cause:5 exec_start_elapsed_seconds: 2785 [CONTEXT service_id=218 ]
06-06 06:10:16.485  2173  7391 I NetworkScheduler.Stats: HousekeepingTask com.google.android.gms/com.google.android.gms.common.stats.permissions.PermissionStateLoggingTask finished executing. cause:0 result: 1 elapsed_millis: 3 uptime_millis: 3 exec_start_elapsed_seconds: 2785 [CONTEXT service_id=218 ]
06-06 06:10:16.486  2903  2903 D BoundBrokerSvc: onUnbind: Intent { act=com.google.android.gms.common.stats.permissions.PermissionStateLoggingTask.ACTION_TASK_READY dat=chimera-action: cmp=com.google.android.gms/.chimera.GmsInternalBoundBrokerService }
06-06 06:10:16.490  2903  2903 D BoundBrokerSvc: onBind: Intent { act=com.google.android.gms.semanticlocation.service.SemanticLocationCleanupJob.ACTION_TASK_READY dat=chimera-action: cmp=com.google.android.gms/.chimera.GmsInternalBoundBrokerService }
06-06 06:10:16.490  2903  2903 D BoundBrokerSvc: Loading bound service for intent: Intent { act=com.google.android.gms.semanticlocation.service.SemanticLocationCleanupJob.ACTION_TASK_READY dat=chimera-action: cmp=com.google.android.gms/.chimera.GmsInternalBoundBrokerService }
06-06 06:10:16.491  2173  7391 I NetworkScheduler.Stats: Task com.google.android.gms/com.google.android.gms.semanticlocation.service.SemanticLocationCleanupJob started execution. cause:5 exec_start_elapsed_seconds: 2785 [CONTEXT service_id=218 ]
06-06 06:10:16.494  2173  7520 I NetworkScheduler.Stats: HousekeepingTask com.google.android.gms/com.google.android.gms.semanticlocation.service.SemanticLocationCleanupJob finished executing. cause:0 result: 1 elapsed_millis: 5 uptime_millis: 5 exec_start_elapsed_seconds: 2785 [CONTEXT service_id=218 ]
06-06 06:10:16.495  2903  2903 D BoundBrokerSvc: onUnbind: Intent { act=com.google.android.gms.semanticlocation.service.SemanticLocationCleanupJob.ACTION_TASK_READY dat=chimera-action: cmp=com.google.android.gms/.chimera.GmsInternalBoundBrokerService }
06-06 06:10:16.499  2903  2903 D BoundBrokerSvc: onBind: Intent { act=com.google.android.gms.semanticlocationhistory.settings.OdlhTombstonesCleanupJob.ACTION_TASK_READY dat=chimera-action: cmp=com.google.android.gms/.chimera.GmsInternalBoundBrokerService }
06-06 06:10:16.499  2903  2903 D BoundBrokerSvc: Loading bound service for intent: Intent { act=com.google.android.gms.semanticlocationhistory.settings.OdlhTombstonesCleanupJob.ACTION_TASK_READY dat=chimera-action: cmp=com.google.android.gms/.chimera.GmsInternalBoundBrokerService }
06-06 06:10:16.500  2173  7391 I NetworkScheduler.Stats: Task com.google.android.gms/com.google.android.gms.semanticlocationhistory.settings.OdlhTombstonesCleanupJob started execution. cause:5 exec_start_elapsed_seconds: 2785 [CONTEXT service_id=218 ]
06-06 06:10:16.502  2173  7515 I NetworkScheduler.Stats: HousekeepingTask com.google.android.gms/com.google.android.gms.semanticlocationhistory.settings.OdlhTombstonesCleanupJob finished executing. cause:0 result: 1 elapsed_millis: 3 uptime_millis: 3 exec_start_elapsed_seconds: 2785 [CONTEXT service_id=218 ]
06-06 06:10:16.502  2903  2903 D BoundBrokerSvc: onUnbind: Intent { act=com.google.android.gms.semanticlocationhistory.settings.OdlhTombstonesCleanupJob.ACTION_TASK_READY dat=chimera-action: cmp=com.google.android.gms/.chimera.GmsInternalBoundBrokerService }
06-06 06:10:16.506  2903  2903 D BoundBrokerSvc: onBind: Intent { act=com.google.android.gms.semanticlocationhistory.federated.FederatedScheduleService.ACTION_TASK_READY dat=chimera-action: cmp=com.google.android.gms/.chimera.GmsInternalBoundBrokerService }
06-06 06:10:16.506  2903  2903 D BoundBrokerSvc: Loading bound service for intent: Intent { act=com.google.android.gms.semanticlocationhistory.federated.FederatedScheduleService.ACTION_TASK_READY dat=chimera-action: cmp=com.google.android.gms/.chimera.GmsInternalBoundBrokerService }
06-06 06:10:16.507  2173  7515 I NetworkScheduler.Stats: Task com.google.android.gms/com.google.android.gms.semanticlocationhistory.federated.FederatedScheduleService started execution. cause:5 exec_start_elapsed_seconds: 2785 [CONTEXT service_id=218 ]
06-06 06:10:16.508  2903  6849 I LocationHistory: [FederatedScheduleService] Account-level location setting is turned off. [CONTEXT service_id=314 ]
06-06 06:10:16.509  2173  7520 I NetworkScheduler.Stats: HousekeepingTask com.google.android.gms/com.google.android.gms.semanticlocationhistory.federated.FederatedScheduleService finished executing. cause:0 result: 2 elapsed_millis: 3 uptime_millis: 3 exec_start_elapsed_seconds: 2785 [CONTEXT service_id=218 ]
06-06 06:10:16.509  2903  2903 D BoundBrokerSvc: onUnbind: Intent { act=com.google.android.gms.semanticlocationhistory.federated.FederatedScheduleService.ACTION_TASK_READY dat=chimera-action: cmp=com.google.android.gms/.chimera.GmsInternalBoundBrokerService }
06-06 06:10:16.513  2903  2903 D BoundBrokerSvc: onBind: Intent { act=com.google.android.gms.autofill.operation.GpmBiometricsValueMigrationTaskBoundService.ACTION_TASK_READY dat=chimera-action: cmp=com.google.android.gms/.chimera.GmsInternalBoundBrokerService }
06-06 06:10:16.513  2903  2903 D BoundBrokerSvc: Loading bound service for intent: Intent { act=com.google.android.gms.autofill.operation.GpmBiometricsValueMigrationTaskBoundService.ACTION_TASK_READY dat=chimera-action: cmp=com.google.android.gms/.chimera.GmsInternalBoundBrokerService }
06-06 06:10:16.515  2173  7515 I NetworkScheduler.Stats: Task com.google.android.gms/com.google.android.gms.autofill.operation.GpmBiometricsValueMigrationTaskBoundService started execution. cause:5 exec_start_elapsed_seconds: 2785 [CONTEXT service_id=218 ]
06-06 06:10:16.516  2903  2903 D BoundBrokerSvc: onBind: Intent { act=com.google.android.gms.credential.manager.service.firstparty.START dat=chimera-action: cmp=com.google.android.gms/.chimera.GmsApiService }
06-06 06:10:16.516  2903  2903 D BoundBrokerSvc: Loading bound service for intent: Intent { act=com.google.android.gms.credential.manager.service.firstparty.START dat=chimera-action: cmp=com.google.android.gms/.chimera.GmsApiService }
06-06 06:10:16.521  2173  7520 I NetworkScheduler.Stats: HousekeepingTask com.google.android.gms/com.google.android.gms.autofill.operation.GpmBiometricsValueMigrationTaskBoundService finished executing. cause:0 result: 1 elapsed_millis: 8 uptime_millis: 8 exec_start_elapsed_seconds: 2785 [CONTEXT service_id=218 ]
06-06 06:10:16.521  2903  2903 D BoundBrokerSvc: onUnbind: Intent { act=com.google.android.gms.autofill.operation.GpmBiometricsValueMigrationTaskBoundService.ACTION_TASK_READY dat=chimera-action: cmp=com.google.android.gms/.chimera.GmsInternalBoundBrokerService }
06-06 06:10:16.525  2903  2903 D BoundBrokerSvc: onBind: Intent { act=com.google.android.gms.credential.manager.tasks.PasswordChangesSubscriptionTaskBoundService.ACTION_TASK_READY dat=chimera-action: cmp=com.google.android.gms/.chimera.GmsInternalBoundBrokerService }
06-06 06:10:16.525  2903  2903 D BoundBrokerSvc: Loading bound service for intent: Intent { act=com.google.android.gms.credential.manager.tasks.PasswordChangesSubscriptionTaskBoundService.ACTION_TASK_READY dat=chimera-action: cmp=com.google.android.gms/.chimera.GmsInternalBoundBrokerService }
06-06 06:10:16.526  2903  2903 D BoundBrokerSvc: onBind: Intent { act=com.google.android.gms.chromesync.service.zeroparty.START dat=chimera-action: cmp=com.google.android.gms/.chimera.GmsApiService }
06-06 06:10:16.526  2173  7515 I NetworkScheduler.Stats: Task com.google.android.gms/com.google.android.gms.credential.manager.tasks.PasswordChangesSubscriptionTaskBoundService started execution. cause:5 exec_start_elapsed_seconds: 2785 [CONTEXT service_id=218 ]
06-06 06:10:16.526  2903  2903 D BoundBrokerSvc: Loading bound service for intent: Intent { act=com.google.android.gms.chromesync.service.zeroparty.START dat=chimera-action: cmp=com.google.android.gms/.chimera.GmsApiService }
06-06 06:10:16.528  2903  6849 I PasswordChangesSubscrip: Running a task to subscribe to password changes if needed. [CONTEXT service_id=196 ]
06-06 06:10:16.528  2903  2903 D BoundBrokerSvc: onUnbind: Intent { act=com.google.android.gms.credential.manager.tasks.PasswordChangesSubscriptionTaskBoundService.ACTION_TASK_READY dat=chimera-action: cmp=com.google.android.gms/.chimera.GmsInternalBoundBrokerService }
06-06 06:10:16.528  2173  7520 I NetworkScheduler.Stats: HousekeepingTask com.google.android.gms/com.google.android.gms.credential.manager.tasks.PasswordChangesSubscriptionTaskBoundService finished executing. cause:0 result: 1 elapsed_millis: 3 uptime_millis: 3 exec_start_elapsed_seconds: 2785 [CONTEXT service_id=218 ]
06-06 06:10:16.532  2903  2903 D BoundBrokerSvc: onBind: Intent { act=com.google.android.gms.credential.manager.tasks.PasswordSharingSubscriptionTaskBoundService.ACTION_TASK_READY dat=chimera-action: cmp=com.google.android.gms/.chimera.GmsInternalBoundBrokerService }
06-06 06:10:16.532  2903  2903 D BoundBrokerSvc: Loading bound service for intent: Intent { act=com.google.android.gms.credential.manager.tasks.PasswordSharingSubscriptionTaskBoundService.ACTION_TASK_READY dat=chimera-action: cmp=com.google.android.gms/.chimera.GmsInternalBoundBrokerService }
06-06 06:10:16.533  2173  7515 I NetworkScheduler.Stats: Task com.google.android.gms/com.google.android.gms.credential.manager.tasks.PasswordSharingSubscriptionTaskBoundService started execution. cause:5 exec_start_elapsed_seconds: 2785 [CONTEXT service_id=218 ]
06-06 06:10:16.533  2903  6849 I PasswordSharingSubscrip: Running a task to subscribe to incoming password sharing invitations if needed. [CONTEXT service_id=196 ]
06-06 06:10:16.534  2903  2903 D BoundBrokerSvc: onUnbind: Intent { act=com.google.android.gms.credential.manager.tasks.PasswordSharingSubscriptionTaskBoundService.ACTION_TASK_READY dat=chimera-action: cmp=com.google.android.gms/.chimera.GmsInternalBoundBrokerService }
06-06 06:10:16.534  2173  7520 I NetworkScheduler.Stats: HousekeepingTask com.google.android.gms/com.google.android.gms.credential.manager.tasks.PasswordSharingSubscriptionTaskBoundService finished executing. cause:0 result: 1 elapsed_millis: 2 uptime_millis: 2 exec_start_elapsed_seconds: 2785 [CONTEXT service_id=218 ]
06-06 06:10:16.540  2903  7153 I SyncManager: Executing sync(type=EVENT_DATA_READ, waitForInit) [CONTEXT service_id=80 ]
06-06 06:10:16.546  2903  7153 I SyncManager: Executing sync(type=EVENT_DATA_READ) finished in 6ms [CONTEXT service_id=80 ]
06-06 06:10:16.548  2903  2903 D BoundBrokerSvc: onBind: Intent { act=com.google.android.gms.backup.settings.notifications.PhotosBackupMissingPermissionNotificationTask.ACTION_TASK_READY dat=chimera-action: cmp=com.google.android.gms/.chimera.GmsInternalBoundBrokerService }
06-06 06:10:16.548  2903  2903 D BoundBrokerSvc: Loading bound service for intent: Intent { act=com.google.android.gms.backup.settings.notifications.PhotosBackupMissingPermissionNotificationTask.ACTION_TASK_READY dat=chimera-action: cmp=com.google.android.gms/.chimera.GmsInternalBoundBrokerService }
06-06 06:10:16.549  2173  7515 I NetworkScheduler.Stats: Task com.google.android.gms/com.google.android.gms.backup.settings.notifications.PhotosBackupMissingPermissionNotificationTask started execution. cause:5 exec_start_elapsed_seconds: 2785 [CONTEXT service_id=218 ]
06-06 06:10:16.550  2903  7480 V Backup  : [PhotosBackupMissingPermissionNotificationTask] Running Photos backup missing permission notification task.
06-06 06:10:16.551  2903  7480 V Backup  : [PhotosBackupMissingPermissionNotificationTask] Photos APK state not missing permissions.
06-06 06:10:16.552  2903  7480 V Backup  : [PhotosBackupMissingPermissionNotificationTask] Conditions for notification task not met.
06-06 06:10:16.552  2173  7520 I NetworkScheduler.Stats: HousekeepingTask com.google.android.gms/com.google.android.gms.backup.settings.notifications.PhotosBackupMissingPermissionNotificationTask finished executing. cause:0 result: 1 elapsed_millis: 4 uptime_millis: 4 exec_start_elapsed_seconds: 2785 [CONTEXT service_id=218 ]
06-06 06:10:16.553  2903  2903 D BoundBrokerSvc: onUnbind: Intent { act=com.google.android.gms.backup.settings.notifications.PhotosBackupMissingPermissionNotificationTask.ACTION_TASK_READY dat=chimera-action: cmp=com.google.android.gms/.chimera.GmsInternalBoundBrokerService }
06-06 06:10:16.557  2903  2903 D BoundBrokerSvc: onBind: Intent { act=com.google.android.gms.semanticlocationhistory.federated.regionfetcher.RegionMddMaintenanceService.ACTION_TASK_READY dat=chimera-action: cmp=com.google.android.gms/.chimera.GmsInternalBoundBrokerService }
06-06 06:10:16.557  2903  2903 D BoundBrokerSvc: Loading bound service for intent: Intent { act=com.google.android.gms.semanticlocationhistory.federated.regionfetcher.RegionMddMaintenanceService.ACTION_TASK_READY dat=chimera-action: cmp=com.google.android.gms/.chimera.GmsInternalBoundBrokerService }
06-06 06:10:16.557  2173  7520 I NetworkScheduler.Stats: Task com.google.android.gms/com.google.android.gms.semanticlocationhistory.federated.regionfetcher.RegionMddMaintenanceService started execution. cause:5 exec_start_elapsed_seconds: 2785 [CONTEXT service_id=218 ]
06-06 06:10:16.561  2173  7515 I NetworkScheduler.Stats: HousekeepingTask com.google.android.gms/com.google.android.gms.semanticlocationhistory.federated.regionfetcher.RegionMddMaintenanceService finished executing. cause:0 result: 1 elapsed_millis: 4 uptime_millis: 4 exec_start_elapsed_seconds: 2785 [CONTEXT service_id=218 ]
06-06 06:10:16.561  2903  2903 D BoundBrokerSvc: onUnbind: Intent { act=com.google.android.gms.semanticlocationhistory.federated.regionfetcher.RegionMddMaintenanceService.ACTION_TASK_READY dat=chimera-action: cmp=com.google.android.gms/.chimera.GmsInternalBoundBrokerService }
06-06 06:10:16.562  2173  7520 I NetworkScheduler.Stats: Task com.google.android.gms/com.google.android.gms.scheduler.standalone.housekeeping.HousekeepingTrainTaskService finished executing. cause:5 result: 1 elapsed_millis: 259 uptime_millis: 259 exec_start_elapsed_seconds: 2784 [CONTEXT service_id=218 ]
06-06 06:10:16.570  2173  7423 I NetworkScheduler.Stats: Task com.google.android.gms/com.google.android.gms.scheduler.standalone.housekeeping.HousekeepingTrainTaskService started execution. cause:5 exec_start_elapsed_seconds: 2785 [CONTEXT service_id=218 ]
06-06 06:10:16.574  2903  2903 D BoundBrokerSvc: onBind: Intent { act=com.google.android.gms.smartdevice.logging.CleanBufferedLogsService.ACTION_TASK_READY dat=chimera-action: cmp=com.google.android.gms/.chimera.GmsInternalBoundBrokerService }
06-06 06:10:16.574  2903  2903 D BoundBrokerSvc: Loading bound service for intent: Intent { act=com.google.android.gms.smartdevice.logging.CleanBufferedLogsService.ACTION_TASK_READY dat=chimera-action: cmp=com.google.android.gms/.chimera.GmsInternalBoundBrokerService }
06-06 06:10:16.576  2173  7515 I NetworkScheduler.Stats: Task com.google.android.gms/com.google.android.gms.smartdevice.logging.CleanBufferedLogsService started execution. cause:5 exec_start_elapsed_seconds: 2785 [CONTEXT service_id=218 ]
06-06 06:10:16.576  2903  6849 I SmartDevice: [CleanBufferedLogsService] Running task upload_buffered_logs_periodic
06-06 06:10:16.576  2903  6849 I ConsentLogging: [LoggingStore] No events available for subdirectory
06-06 06:10:16.576  2903  6849 W SmartDevice: [SmartDeviceBufferedLogs] No buffered logs for source SMART_SETUP after SUW is complete
06-06 06:10:16.577  2903  6849 I ConsentLogging: [LoggingStore] No events available for subdirectory
06-06 06:10:16.577  2903  6849 W SmartDevice: [SmartDeviceBufferedLogs] No buffered logs for source ANDROID_AUTH after SUW is complete
06-06 06:10:16.577  2173  7389 I NetworkScheduler.Stats: HousekeepingTask com.google.android.gms/com.google.android.gms.smartdevice.logging.CleanBufferedLogsService finished executing. cause:0 result: 1 elapsed_millis: 3 uptime_millis: 3 exec_start_elapsed_seconds: 2785 [CONTEXT service_id=218 ]
06-06 06:10:16.577  2903  2903 D BoundBrokerSvc: onUnbind: Intent { act=com.google.android.gms.smartdevice.logging.CleanBufferedLogsService.ACTION_TASK_READY dat=chimera-action: cmp=com.google.android.gms/.chimera.GmsInternalBoundBrokerService }
06-06 06:10:16.581  2903  2903 D BoundBrokerSvc: onBind: Intent { act=com.google.android.gms.semanticlocationhistory.pulp.PulpMddMaintenanceService.ACTION_TASK_READY dat=chimera-action: cmp=com.google.android.gms/.chimera.GmsInternalBoundBrokerService }
06-06 06:10:16.581  2903  2903 D BoundBrokerSvc: Loading bound service for intent: Intent { act=com.google.android.gms.semanticlocationhistory.pulp.PulpMddMaintenanceService.ACTION_TASK_READY dat=chimera-action: cmp=com.google.android.gms/.chimera.GmsInternalBoundBrokerService }
06-06 06:10:16.581  2173  7515 I NetworkScheduler.Stats: Task com.google.android.gms/com.google.android.gms.semanticlocationhistory.pulp.PulpMddMaintenanceService started execution. cause:5 exec_start_elapsed_seconds: 2785 [CONTEXT service_id=218 ]
06-06 06:10:16.585  2173  7389 I NetworkScheduler.Stats: HousekeepingTask com.google.android.gms/com.google.android.gms.semanticlocationhistory.pulp.PulpMddMaintenanceService finished executing. cause:0 result: 1 elapsed_millis: 4 uptime_millis: 4 exec_start_elapsed_seconds: 2785 [CONTEXT service_id=218 ]
06-06 06:10:16.585  2903  2903 D BoundBrokerSvc: onUnbind: Intent { act=com.google.android.gms.semanticlocationhistory.pulp.PulpMddMaintenanceService.ACTION_TASK_READY dat=chimera-action: cmp=com.google.android.gms/.chimera.GmsInternalBoundBrokerService }
06-06 06:10:16.588  2903  2903 D BoundBrokerSvc: onBind: Intent { act=com.google.android.gms.semanticlocationhistory.pulp.PulpMddDownloadScheduleService.ACTION_TASK_READY dat=chimera-action: cmp=com.google.android.gms/.chimera.GmsInternalBoundBrokerService }
06-06 06:10:16.588  2903  2903 D BoundBrokerSvc: Loading bound service for intent: Intent { act=com.google.android.gms.semanticlocationhistory.pulp.PulpMddDownloadScheduleService.ACTION_TASK_READY dat=chimera-action: cmp=com.google.android.gms/.chimera.GmsInternalBoundBrokerService }
06-06 06:10:16.589  2173  7389 I NetworkScheduler.Stats: Task com.google.android.gms/com.google.android.gms.semanticlocationhistory.pulp.PulpMddDownloadScheduleService started execution. cause:5 exec_start_elapsed_seconds: 2785 [CONTEXT service_id=218 ]
06-06 06:10:16.590  2173  7515 I NetworkScheduler.Stats: HousekeepingTask com.google.android.gms/com.google.android.gms.semanticlocationhistory.pulp.PulpMddDownloadScheduleService finished executing. cause:0 result: 1 elapsed_millis: 2 uptime_millis: 2 exec_start_elapsed_seconds: 2785 [CONTEXT service_id=218 ]
06-06 06:10:16.590  2903  2903 D BoundBrokerSvc: onUnbind: Intent { act=com.google.android.gms.semanticlocationhistory.pulp.PulpMddDownloadScheduleService.ACTION_TASK_READY dat=chimera-action: cmp=com.google.android.gms/.chimera.GmsInternalBoundBrokerService }
06-06 06:10:16.592  2173  7515 I NetworkScheduler.Stats: Task com.google.android.gms/com.google.android.gms.scheduler.standalone.housekeeping.HousekeepingTrainTaskService finished executing. cause:5 result: 1 elapsed_millis: 23 uptime_millis: 23 exec_start_elapsed_seconds: 2785 [CONTEXT service_id=218 ]
06-06 06:10:16.601  2173  7423 I NetworkScheduler.Stats: Task com.google.android.gms/com.google.android.gms.scheduler.standalone.housekeeping.HousekeepingTrainTaskService started execution. cause:5 exec_start_elapsed_seconds: 2785 [CONTEXT service_id=218 ]
06-06 06:10:16.606  2903  2903 D BoundBrokerSvc: onBind: Intent { act=com.google.android.gms.semanticlocationhistory.deidentifieddata.historicalbusyness.TransientHistoricalBusynessProcessingService.ACTION_TASK_READY dat=chimera-action: cmp=com.google.android.gms/.chimera.GmsInternalBoundBrokerService }
06-06 06:10:16.606  2903  2903 D BoundBrokerSvc: Loading bound service for intent: Intent { act=com.google.android.gms.semanticlocationhistory.deidentifieddata.historicalbusyness.TransientHistoricalBusynessProcessingService.ACTION_TASK_READY dat=chimera-action: cmp=com.google.android.gms/.chimera.GmsInternalBoundBrokerService }
06-06 06:10:16.607  2173  7389 I NetworkScheduler.Stats: Task com.google.android.gms/com.google.android.gms.semanticlocationhistory.deidentifieddata.historicalbusyness.TransientHistoricalBusynessProcessingService started execution. cause:5 exec_start_elapsed_seconds: 2785 [CONTEXT service_id=218 ]
06-06 06:10:16.610  2173  7515 I NetworkScheduler.Stats: HousekeepingTask com.google.android.gms/com.google.android.gms.semanticlocationhistory.deidentifieddata.historicalbusyness.TransientHistoricalBusynessProcessingService finished executing. cause:0 result: 1 elapsed_millis: 5 uptime_millis: 5 exec_start_elapsed_seconds: 2785 [CONTEXT service_id=218 ]
06-06 06:10:16.610  2903  2903 D BoundBrokerSvc: onUnbind: Intent { act=com.google.android.gms.semanticlocationhistory.deidentifieddata.historicalbusyness.TransientHistoricalBusynessProcessingService.ACTION_TASK_READY dat=chimera-action: cmp=com.google.android.gms/.chimera.GmsInternalBoundBrokerService }
06-06 06:10:16.616  2903  2903 D BoundBrokerSvc: onBind: Intent { act=com.google.android.gms.auth.blockstore.service.cloudsync.CloudSyncBackupTaskService.ACTION_TASK_READY dat=chimera-action: cmp=com.google.android.gms/.chimera.GmsInternalBoundBrokerService }
06-06 06:10:16.616  2903  2903 D BoundBrokerSvc: Loading bound service for intent: Intent { act=com.google.android.gms.auth.blockstore.service.cloudsync.CloudSyncBackupTaskService.ACTION_TASK_READY dat=chimera-action: cmp=com.google.android.gms/.chimera.GmsInternalBoundBrokerService }
06-06 06:10:16.617  2173  7389 I NetworkScheduler.Stats: Task com.google.android.gms/com.google.android.gms.auth.blockstore.service.cloudsync.CloudSyncBackupTaskService started execution. cause:5 exec_start_elapsed_seconds: 2785 [CONTEXT service_id=218 ]
06-06 06:10:16.617  2903  7480 I Blockstore: [CloudSyncBackupTaskService] triggering a cloud sync back up. [CONTEXT service_id=258 ]
06-06 06:10:16.619  2903  6849 I Blockstore: [EncryptedCloudSyncManager] User is not opted into Cloud backup. Should skip cloud sync. [CONTEXT service_id=258 ]
06-06 06:10:16.619  2903  7153 I Blockstore: [EncryptedCloudSyncManager] Should not back up to cloud. Skipping. [CONTEXT service_id=258 ]
06-06 06:10:16.619  2903  7153 I Blockstore: [CloudSyncBackupTaskService] sync result: SYNC_SKIPPED_NOT_ELIGIBLE, upload attempted: false, encryption type: UNKNOWN, uploaded size: 0 bytes [CONTEXT service_id=258 ]
06-06 06:10:16.620  2903  7153 I Blockstore: [CloudSyncBackupTaskService] No app uses Blockstore cloud backup. Skip logging. [CONTEXT service_id=258 ]
06-06 06:10:16.622  2173  7515 I NetworkScheduler.Stats: HousekeepingTask com.google.android.gms/com.google.android.gms.auth.blockstore.service.cloudsync.CloudSyncBackupTaskService finished executing. cause:0 result: 1 elapsed_millis: 6 uptime_millis: 6 exec_start_elapsed_seconds: 2785 [CONTEXT service_id=218 ]
06-06 06:10:16.622  2903  2903 D BoundBrokerSvc: onUnbind: Intent { act=com.google.android.gms.auth.blockstore.service.cloudsync.CloudSyncBackupTaskService.ACTION_TASK_READY dat=chimera-action: cmp=com.google.android.gms/.chimera.GmsInternalBoundBrokerService }
06-06 06:10:16.629  2173  7515 I NetworkScheduler.Stats: Task com.google.android.gms/com.google.android.gms.pay.gcmtask.PayGcmTaskService started execution. cause:5 exec_start_elapsed_seconds: 2785 [CONTEXT service_id=218 ]
06-06 06:10:16.630  1954  1972 E AccountManagerService: Couldn't determine the packageUid for android.content.pm.PackageManager$NameNotFoundException: 
06-06 06:10:16.630  2173  7389 I NetworkScheduler.Stats: HousekeepingTask com.google.android.gms/com.google.android.gms.pay.gcmtask.PayGcmTaskService finished executing. cause:0 result: 1 elapsed_millis: 5 uptime_millis: 5 exec_start_elapsed_seconds: 2785 [CONTEXT service_id=218 ]
06-06 06:10:16.638  2173  7389 I NetworkScheduler.Stats: Task com.google.android.gms/com.google.android.gms.pay.gcmtask.PayGcmTaskService started execution. cause:5 exec_start_elapsed_seconds: 2785 [CONTEXT service_id=218 ]
06-06 06:10:16.639  2173  7515 I NetworkScheduler.Stats: HousekeepingTask com.google.android.gms/com.google.android.gms.pay.gcmtask.PayGcmTaskService finished executing. cause:0 result: 1 elapsed_millis: 5 uptime_millis: 5 exec_start_elapsed_seconds: 2785 [CONTEXT service_id=218 ]
06-06 06:10:16.646  2173  7389 I NetworkScheduler.Stats: Task com.google.android.gms/com.google.android.gms.auth.account.be.accountstate.GcmTaskService started execution. cause:5 exec_start_elapsed_seconds: 2785 [CONTEXT service_id=218 ]
06-06 06:10:16.647  2173  7389 I NetworkScheduler.Stats: HousekeepingTask com.google.android.gms/com.google.android.gms.auth.account.be.accountstate.GcmTaskService finished executing. cause:0 result: 1 elapsed_millis: 5 uptime_millis: 5 exec_start_elapsed_seconds: 2785 [CONTEXT service_id=218 ]
06-06 06:10:16.650  2903  2903 D BoundBrokerSvc: onBind: Intent { act=com.google.android.gms.semanticlocationhistory.db.OdlhUserEditSyncJob.ACTION_TASK_READY dat=chimera-action: cmp=com.google.android.gms/.chimera.GmsInternalBoundBrokerService }
06-06 06:10:16.650  2903  2903 D BoundBrokerSvc: Loading bound service for intent: Intent { act=com.google.android.gms.semanticlocationhistory.db.OdlhUserEditSyncJob.ACTION_TASK_READY dat=chimera-action: cmp=com.google.android.gms/.chimera.GmsInternalBoundBrokerService }
06-06 06:10:16.651  2173  7389 I NetworkScheduler.Stats: Task com.google.android.gms/com.google.android.gms.semanticlocationhistory.db.OdlhUserEditSyncJob started execution. cause:5 exec_start_elapsed_seconds: 2785 [CONTEXT service_id=218 ]
06-06 06:10:16.653  2173  7391 I NetworkScheduler.Stats: HousekeepingTask com.google.android.gms/com.google.android.gms.semanticlocationhistory.db.OdlhUserEditSyncJob finished executing. cause:0 result: 1 elapsed_millis: 3 uptime_millis: 3 exec_start_elapsed_seconds: 2785 [CONTEXT service_id=218 ]
06-06 06:10:16.653  2903  2903 D BoundBrokerSvc: onUnbind: Intent { act=com.google.android.gms.semanticlocationhistory.db.OdlhUserEditSyncJob.ACTION_TASK_READY dat=chimera-action: cmp=com.google.android.gms/.chimera.GmsInternalBoundBrokerService }
06-06 06:10:16.660  2173  7389 I NetworkScheduler.Stats: Task com.google.android.gms/com.google.android.gms.gcm.HeartbeatAlarm$ConnectionInfoPersistService started execution. cause:5 exec_start_elapsed_seconds: 2785 [CONTEXT service_id=218 ]
06-06 06:10:16.662  2173  7389 I NetworkScheduler.Stats: HousekeepingTask com.google.android.gms/com.google.android.gms.gcm.HeartbeatAlarm$ConnectionInfoPersistService finished executing. cause:0 result: 1 elapsed_millis: 5 uptime_millis: 5 exec_start_elapsed_seconds: 2785 [CONTEXT service_id=218 ]
06-06 06:10:16.669  2173  7515 I NetworkScheduler.Stats: Task com.google.android.gms/com.google.android.gms.auth.folsom.service.FolsomPublicKeyUpdateService started execution. cause:5 exec_start_elapsed_seconds: 2785 [CONTEXT service_id=218 ]
06-06 06:10:16.675  2173  7389 I NetworkScheduler.Stats: HousekeepingTask com.google.android.gms/com.google.android.gms.auth.folsom.service.FolsomPublicKeyUpdateService finished executing. cause:0 result: 1 elapsed_millis: 7 uptime_millis: 7 exec_start_elapsed_seconds: 2785 [CONTEXT service_id=218 ]
06-06 06:10:16.678  2903  2903 D BoundBrokerSvc: onBind: Intent { act=com.google.android.gms.significantplaces.service.SettingsLoggingService.ACTION_TASK_READY dat=chimera-action: cmp=com.google.android.gms/.chimera.GmsInternalBoundBrokerService }
06-06 06:10:16.678  2903  2903 D BoundBrokerSvc: Loading bound service for intent: Intent { act=com.google.android.gms.significantplaces.service.SettingsLoggingService.ACTION_TASK_READY dat=chimera-action: cmp=com.google.android.gms/.chimera.GmsInternalBoundBrokerService }
06-06 06:10:16.679  2173  7515 I NetworkScheduler.Stats: Task com.google.android.gms/com.google.android.gms.significantplaces.service.SettingsLoggingService started execution. cause:5 exec_start_elapsed_seconds: 2785 [CONTEXT service_id=218 ]
06-06 06:10:16.683  2173  7389 I NetworkScheduler.Stats: HousekeepingTask com.google.android.gms/com.google.android.gms.significantplaces.service.SettingsLoggingService finished executing. cause:0 result: 1 elapsed_millis: 5 uptime_millis: 5 exec_start_elapsed_seconds: 2785 [CONTEXT service_id=218 ]
06-06 06:10:16.684  2903  2903 D BoundBrokerSvc: onUnbind: Intent { act=com.google.android.gms.significantplaces.service.SettingsLoggingService.ACTION_TASK_READY dat=chimera-action: cmp=com.google.android.gms/.chimera.GmsInternalBoundBrokerService }
06-06 06:10:16.687  3542  3542 D BoundBrokerSvc: onBind: Intent { act=com.google.android.gms.droidguard.DroidGuardFastRefreshGmsTaskBoundService.ACTION_TASK_READY dat=chimera-action: cmp=com.google.android.gms/.chimera.UnstableInternalBoundBrokerService }
06-06 06:10:16.687  3542  3542 D BoundBrokerSvc: Loading bound service for intent: Intent { act=com.google.android.gms.droidguard.DroidGuardFastRefreshGmsTaskBoundService.ACTION_TASK_READY dat=chimera-action: cmp=com.google.android.gms/.chimera.UnstableInternalBoundBrokerService }
06-06 06:10:16.690  2173  7389 I NetworkScheduler.Stats: Task com.google.android.gms/com.google.android.gms.droidguard.DroidGuardFastRefreshGmsTaskBoundService started execution. cause:5 exec_start_elapsed_seconds: 2785 [CONTEXT service_id=218 ]
06-06 06:10:16.692  3542  3754 W id.gms.unstabl: Profile data size exceeds 500000 bytes. It has 605571 bytes.
06-06 06:10:16.693  2173  7515 I NetworkScheduler.Stats: HousekeepingTask com.google.android.gms/com.google.android.gms.droidguard.DroidGuardFastRefreshGmsTaskBoundService finished executing. cause:0 result: 2 elapsed_millis: 7 uptime_millis: 7 exec_start_elapsed_seconds: 2785 [CONTEXT service_id=218 ]
06-06 06:10:16.696  3542  3542 D BoundBrokerSvc: onUnbind: Intent { act=com.google.android.gms.droidguard.DroidGuardFastRefreshGmsTaskBoundService.ACTION_TASK_READY dat=chimera-action: cmp=com.google.android.gms/.chimera.UnstableInternalBoundBrokerService }
06-06 06:10:16.700  2173  7515 I NetworkScheduler.Stats: Task com.google.android.gms/com.google.android.gms.security.safebrowsing.SafeBrowsingUpdateTaskService started execution. cause:5 exec_start_elapsed_seconds: 2785 [CONTEXT service_id=218 ]
06-06 06:10:16.701  2173  7389 I NetworkScheduler.Stats: HousekeepingTask com.google.android.gms/com.google.android.gms.security.safebrowsing.SafeBrowsingUpdateTaskService finished executing. cause:0 result: 1 elapsed_millis: 4 uptime_millis: 4 exec_start_elapsed_seconds: 2785 [CONTEXT service_id=218 ]
06-06 06:10:16.708  2173  7389 I NetworkScheduler.Stats: Task com.google.android.gms/com.google.android.gms.auth.account.be.accountstate.GcmTaskService started execution. cause:5 exec_start_elapsed_seconds: 2785 [CONTEXT service_id=218 ]
06-06 06:10:16.862  2173  2944 W GLSUser : [AppCertManager] Exception while requesting key: 
06-06 06:10:16.862  2173  2944 W GLSUser : java.util.concurrent.ExecutionException: ccru: Parse Proto Exception with response code 400
06-06 06:10:16.862  2173  2944 W GLSUser : 	at faea.j(:com.google.android.gms@251833022@25.18.33 (150400-756823100):21)
06-06 06:10:16.862  2173  2944 W GLSUser : 	at faej.u(:com.google.android.gms@251833022@25.18.33 (150400-756823100):71)
06-06 06:10:16.862  2173  2944 W GLSUser : 	at aefs.b(:com.google.android.gms@251833022@25.18.33 (150400-756823100):439)
06-06 06:10:16.862  2173  2944 W GLSUser : 	at aefq.a(:com.google.android.gms@251833022@25.18.33 (150400-756823100):69)
06-06 06:10:16.862  2173  2944 W GLSUser : 	at aefq.fz(:com.google.android.gms@251833022@25.18.33 (150400-756823100):16)
06-06 06:10:16.862  2173  2944 W GLSUser : 	at syh.onTransact(:com.google.android.gms@251833022@25.18.33 (150400-756823100):97)
06-06 06:10:16.862  2173  2944 W GLSUser : 	at android.os.Binder.transact(Binder.java:1043)
06-06 06:10:16.862  2173  2944 W GLSUser : 	at buyd.onTransact(:com.google.android.gms@251833022@25.18.33 (150400-756823100):10)
06-06 06:10:16.862  2173  2944 W GLSUser : 	at android.os.Binder.transact(Binder.java:1043)
06-06 06:10:16.862  2173  2944 W GLSUser : 	at blnn.onTransact(:com.google.android.gms@251833022@25.18.33 (150400-756823100):148)
06-06 06:10:16.862  2173  2944 W GLSUser : 	at android.os.Binder.execTransactInternal(Binder.java:1159)
06-06 06:10:16.862  2173  2944 W GLSUser : 	at android.os.Binder.execTransact(Binder.java:1123)
06-06 06:10:16.862  2173  2944 W GLSUser : Caused by: ccru: Parse Proto Exception with response code 400
06-06 06:10:16.862  2173  2944 W GLSUser : 	at ccsz.b(:com.google.android.gms@251833022@25.18.33 (150400-756823100):80)
06-06 06:10:16.862  2173  2944 W GLSUser : 	at ccvp.d(:com.google.android.gms@251833022@25.18.33 (150400-756823100):18)
06-06 06:10:16.862  2173  2944 W GLSUser : 	at ccwd.onSucceeded(:com.google.android.gms@251833022@25.18.33 (150400-756823100):9)
06-06 06:10:16.862  2173  2944 W GLSUser : 	at m1.mb.onSucceeded(:com.google.android.gms.dynamite_cronetdynamite@251833022@25.18.33 (150400-0):3)
06-06 06:10:16.862  2173  2944 W GLSUser : 	at m1.kz.run(:com.google.android.gms.dynamite_cronetdynamite@251833022@25.18.33 (150400-0):21)
06-06 06:10:16.862  2173  2944 W GLSUser : 	at m1.kt.run(:com.google.android.gms.dynamite_cronetdynamite@251833022@25.18.33 (150400-0):31)
06-06 06:10:16.862  2173  2944 W GLSUser : 	at avvk.c(:com.google.android.gms@251833022@25.18.33 (150400-756823100):50)
06-06 06:10:16.862  2173  2944 W GLSUser : 	at avvk.run(:com.google.android.gms@251833022@25.18.33 (150400-756823100):70)
06-06 06:10:16.862  2173  2944 W GLSUser : 	at java.util.concurrent.ThreadPoolExecutor.runWorker(ThreadPoolExecutor.java:1167)
06-06 06:10:16.862  2173  2944 W GLSUser : 	at java.util.concurrent.ThreadPoolExecutor$Worker.run(ThreadPoolExecutor.java:641)
06-06 06:10:16.862  2173  2944 W GLSUser : 	at awaz.run(:com.google.android.gms@251833022@25.18.33 (150400-756823100):8)
06-06 06:10:16.862  2173  2944 W GLSUser : 	at java.lang.Thread.run(Thread.java:923)
06-06 06:10:16.862  2173  2944 W GLSUser : Caused by: frqz: Protocol message contained an invalid tag (zero).
06-06 06:10:16.862  2173  2944 W GLSUser : 	at froa.k(:com.google.android.gms@251833022@25.18.33 (150400-756823100):43)
06-06 06:10:16.862  2173  2944 W GLSUser : 	at frrz.c(:com.google.android.gms@251833022@25.18.33 (150400-756823100):398)
06-06 06:10:16.862  2173  2944 W GLSUser : 	at frrz.i(:com.google.android.gms@251833022@25.18.33 (150400-756823100):8)
06-06 06:10:16.862  2173  2944 W GLSUser : 	at frqe.y(:com.google.android.gms@251833022@25.18.33 (150400-756823100):23)
06-06 06:10:16.862  2173  2944 W GLSUser : 	at frpz.f(:com.google.android.gms@251833022@25.18.33 (150400-756823100):3)
06-06 06:10:16.862  2173  2944 W GLSUser : 	at frnw.d(:com.google.android.gms@251833022@25.18.33 (150400-756823100):1)
06-06 06:10:16.862  2173  2944 W GLSUser : 	at frnw.c(:com.google.android.gms@251833022@25.18.33 (150400-756823100):3)
06-06 06:10:16.862  2173  2944 W GLSUser : 	at frnw.n(:com.google.android.gms@251833022@25.18.33 (150400-756823100):1)
06-06 06:10:16.862  2173  2944 W GLSUser : 	at ccsz.g(:com.google.android.gms@251833022@25.18.33 (150400-756823100):69)
06-06 06:10:16.862  2173  2944 W GLSUser : 	at ccsz.b(:com.google.android.gms@251833022@25.18.33 (150400-756823100):11)
06-06 06:10:16.862  2173  2944 W GLSUser : 	... 11 more
06-06 06:10:16.862  2173  2944 W GLSUser : [DeviceKeyStore] Cannot load key: Device key file not found.
06-06 06:10:16.916  2173  7391 I Auth    : [GcmTaskChimeraService] Sync reported at ACCOUNT_SYNC has status of SUCCESS. [CONTEXT service_id=153 ]
06-06 06:10:16.916  2173  7391 I NetworkScheduler.Stats: HousekeepingTask com.google.android.gms/com.google.android.gms.auth.account.be.accountstate.GcmTaskService finished executing. cause:0 result: 1 elapsed_millis: 212 uptime_millis: 212 exec_start_elapsed_seconds: 2785 [CONTEXT service_id=218 ]
06-06 06:10:16.921  2903  2903 D BoundBrokerSvc: onBind: Intent { act=com.google.android.gms.significantplaces.service.StalePlacesCleaningService.ACTION_TASK_READY dat=chimera-action: cmp=com.google.android.gms/.chimera.GmsInternalBoundBrokerService }
06-06 06:10:16.921  2903  2903 D BoundBrokerSvc: Loading bound service for intent: Intent { act=com.google.android.gms.significantplaces.service.StalePlacesCleaningService.ACTION_TASK_READY dat=chimera-action: cmp=com.google.android.gms/.chimera.GmsInternalBoundBrokerService }
06-06 06:10:16.922  2173  7389 I NetworkScheduler.Stats: Task com.google.android.gms/com.google.android.gms.significantplaces.service.StalePlacesCleaningService started execution. cause:5 exec_start_elapsed_seconds: 2785 [CONTEXT service_id=218 ]
06-06 06:10:16.923  2173  7391 I NetworkScheduler.Stats: HousekeepingTask com.google.android.gms/com.google.android.gms.significantplaces.service.StalePlacesCleaningService finished executing. cause:0 result: 1 elapsed_millis: 2 uptime_millis: 2 exec_start_elapsed_seconds: 2785 [CONTEXT service_id=218 ]
06-06 06:10:16.924  2903  2903 D BoundBrokerSvc: onUnbind: Intent { act=com.google.android.gms.significantplaces.service.StalePlacesCleaningService.ACTION_TASK_READY dat=chimera-action: cmp=com.google.android.gms/.chimera.GmsInternalBoundBrokerService }
06-06 06:10:16.927  2903  2903 D BoundBrokerSvc: onBind: Intent { act=com.google.android.gms.backup.settings.notifications.BackupNotificationsTask.ACTION_TASK_READY dat=chimera-action: cmp=com.google.android.gms/.chimera.GmsInternalBoundBrokerService }
06-06 06:10:16.927  2903  2903 D BoundBrokerSvc: Loading bound service for intent: Intent { act=com.google.android.gms.backup.settings.notifications.BackupNotificationsTask.ACTION_TASK_READY dat=chimera-action: cmp=com.google.android.gms/.chimera.GmsInternalBoundBrokerService }
06-06 06:10:16.928  2903  2903 D BoundBrokerSvc: onBind: Intent { act=com.google.android.gms.audit.service.START dat=chimera-action: cmp=com.google.android.gms/.chimera.GmsBoundBrokerService }
06-06 06:10:16.928  2903  2903 D BoundBrokerSvc: Loading bound service for intent: Intent { act=com.google.android.gms.audit.service.START dat=chimera-action: cmp=com.google.android.gms/.chimera.GmsBoundBrokerService }
06-06 06:10:16.929  2903  7526 I BackupNotificationsTask: Running backup notifications task. [CONTEXT service_id=229 ]
06-06 06:10:16.929  2173  7391 I NetworkScheduler.Stats: Task com.google.android.gms/com.google.android.gms.backup.settings.notifications.BackupNotificationsTask started execution. cause:5 exec_start_elapsed_seconds: 2785 [CONTEXT service_id=218 ]
06-06 06:10:16.929  2903  7526 W ChimeraUtils: Module com.google.android.gms.backup_settings missing resource null(0)
06-06 06:10:16.930  2903  7526 I PhotosOptInNotification: Running PhotosOptInNotificationLoggingSubTask. [CONTEXT service_id=229 ]
06-06 06:10:16.930  2903  7526 I BackupNotificationsDevi: isAndroidBackupEnabled false photosApkState NOT_INSTALLED photosBackupState null gmsCoreNotificationState 1 isPhotosOptInShownInSuw null storageQuotaInfo null [CONTEXT service_id=229 ]
