06-06 06:10:16.931  2173  7389 I NetworkScheduler.Stats: HousekeepingTask com.google.android.gms/com.google.android.gms.backup.settings.notifications.BackupNotificationsTask finished executing. cause:0 result: 1 elapsed_millis: 4 uptime_millis: 4 exec_start_elapsed_seconds: 2785 [CONTEXT service_id=218 ]
06-06 06:10:16.933  2903  2903 D BoundBrokerSvc: onUnbind: Intent { act=com.google.android.gms.backup.settings.notifications.BackupNotificationsTask.ACTION_TASK_READY dat=chimera-action: cmp=com.google.android.gms/.chimera.GmsInternalBoundBrokerService }
06-06 06:10:16.937  2903  2903 D BoundBrokerSvc: onBind: Intent { act=com.google.android.gms.semanticlocationhistory.settings.LocationHistoryActiveProcessingService.ACTION_TASK_READY dat=chimera-action: cmp=com.google.android.gms/.chimera.GmsInternalBoundBrokerService }
06-06 06:10:16.937  2903  2903 D BoundBrokerSvc: Loading bound service for intent: Intent { act=com.google.android.gms.semanticlocationhistory.settings.LocationHistoryActiveProcessingService.ACTION_TASK_READY dat=chimera-action: cmp=com.google.android.gms/.chimera.GmsInternalBoundBrokerService }
06-06 06:10:16.939  2173  7389 I NetworkScheduler.Stats: Task com.google.android.gms/com.google.android.gms.semanticlocationhistory.settings.LocationHistoryActiveProcessingService started execution. cause:5 exec_start_elapsed_seconds: 2785 [CONTEXT service_id=218 ]
06-06 06:10:16.942  2173  2944 W GLSUser : [DeviceKeyStore] Cannot load key: Device key file not found.
06-06 06:10:16.942  2173  2944 W GLSUser : [DeviceKeyStore] Cannot load key: Device key file not found.
06-06 06:10:16.956  2903  2920 W gle.android.gm: Reducing the number of considered missed Gc histogram windows from 139 to 100
06-06 06:10:16.957  2903  2924 W System  : A resource failed to call close. 
06-06 06:10:16.957  2903  2924 W System  : A resource failed to call close. 
06-06 06:10:16.966  2903  7479 W Conscrypt: Could not set socket write timeout: java.net.SocketException: Socket closed
06-06 06:10:16.966  2903  7479 W Conscrypt: 	at com.google.android.gms.org.conscrypt.Platform.setSocketWriteTimeout(:com.google.android.gms@251833022@25.18.33 (150400-756823100):219)
06-06 06:10:16.966  2903  7479 W Conscrypt: 	at com.google.android.gms.org.conscrypt.ConscryptFileDescriptorSocket.setSoWriteTimeout(:com.google.android.gms@251833022@25.18.33 (150400-756823100):4)
06-06 06:10:17.022  2903  7134 W Conscrypt: Could not set socket write timeout: java.net.SocketException: Socket closed
06-06 06:10:17.022  2903  7134 W Conscrypt: 	at com.google.android.gms.org.conscrypt.Platform.setSocketWriteTimeout(:com.google.android.gms@251833022@25.18.33 (150400-756823100):219)
06-06 06:10:17.022  2903  7134 W Conscrypt: 	at com.google.android.gms.org.conscrypt.ConscryptFileDescriptorSocket.setSoWriteTimeout(:com.google.android.gms@251833022@25.18.33 (150400-756823100):4)
06-06 06:10:17.046  2903  7479 W Conscrypt: Could not set socket write timeout: java.net.SocketException: Socket closed
06-06 06:10:17.046  2903  7479 W Conscrypt: 	at com.google.android.gms.org.conscrypt.Platform.setSocketWriteTimeout(:com.google.android.gms@251833022@25.18.33 (150400-756823100):219)
06-06 06:10:17.046  2903  7479 W Conscrypt: 	at com.google.android.gms.org.conscrypt.ConscryptFileDescriptorSocket.setSoWriteTimeout(:com.google.android.gms@251833022@25.18.33 (150400-756823100):4)
06-06 06:10:17.102  2903  7134 W Conscrypt: Could not set socket write timeout: java.net.SocketException: Socket closed
06-06 06:10:17.102  2903  7134 W Conscrypt: 	at com.google.android.gms.org.conscrypt.Platform.setSocketWriteTimeout(:com.google.android.gms@251833022@25.18.33 (150400-756823100):219)
06-06 06:10:17.102  2903  7134 W Conscrypt: 	at com.google.android.gms.org.conscrypt.ConscryptFileDescriptorSocket.setSoWriteTimeout(:com.google.android.gms@251833022@25.18.33 (150400-756823100):4)
06-06 06:10:17.650  2903  7476 E gjwb    : *~*~*~ Previous channel {0} was garbage collected without being shut down! ~*~*~*
06-06 06:10:17.650  2903  7476 E gjwb    :     Make sure to call shutdown()/shutdownNow()
06-06 06:10:17.650  2903  7476 E gjwb    : java.lang.RuntimeException: ManagedChannel allocation site
06-06 06:10:17.650  2903  7476 E gjwb    : 	at gjwa.<init>(:com.google.android.gms@251833022@25.18.33 (150400-756823100):21)
06-06 06:10:17.650  2903  7476 E gjwb    : 	at gjwb.<init>(:com.google.android.gms@251833022@25.18.33 (150400-756823100):10)
06-06 06:10:17.650  2903  7476 E gjwb    : 	at gjvz.a(:com.google.android.gms@251833022@25.18.33 (150400-756823100):259)
06-06 06:10:17.650  2903  7476 E gjwb    : 	at gjhb.a(:com.google.android.gms@251833022@25.18.33 (150400-756823100):5)
06-06 06:10:17.650  2903  7476 E gjwb    : 	at cdzt.h(:com.google.android.gms@251833022@25.18.33 (150400-756823100):81)
06-06 06:10:17.650  2903  7476 E gjwb    : 	at fdqf.a(:com.google.android.gms@251833022@25.18.33 (150400-756823100):182)
06-06 06:10:17.650  2903  7476 E gjwb    : 	at esod.a(:com.google.android.gms@251833022@25.18.33 (150400-756823100):13)
06-06 06:10:17.650  2903  7476 E gjwb    : 	at faik.a(:com.google.android.gms@251833022@25.18.33 (150400-756823100):3)
06-06 06:10:17.650  2903  7476 E gjwb    : 	at fahl.run(:com.google.android.gms@251833022@25.18.33 (150400-756823100):19)
06-06 06:10:17.650  2903  7476 E gjwb    : 	at faim.run(:com.google.android.gms@251833022@25.18.33 (150400-756823100):5)
06-06 06:10:17.650  2903  7476 E gjwb    : 	at avvk.c(:com.google.android.gms@251833022@25.18.33 (150400-756823100):50)
06-06 06:10:17.650  2903  7476 E gjwb    : 	at avvk.run(:com.google.android.gms@251833022@25.18.33 (150400-756823100):70)
06-06 06:10:17.650  2903  7476 E gjwb    : 	at java.util.concurrent.ThreadPoolExecutor.runWorker(ThreadPoolExecutor.java:1167)
06-06 06:10:17.650  2903  7476 E gjwb    : 	at java.util.concurrent.ThreadPoolExecutor$Worker.run(ThreadPoolExecutor.java:641)
06-06 06:10:17.650  2903  7476 E gjwb    : 	at awaz.run(:com.google.android.gms@251833022@25.18.33 (150400-756823100):8)
06-06 06:10:17.650  2903  7476 E gjwb    : 	at java.lang.Thread.run(Thread.java:923)
06-06 06:10:17.650  2903  7476 E gjwb    : *~*~*~ Previous channel {0} was garbage collected without being shut down! ~*~*~*
06-06 06:10:17.650  2903  7476 E gjwb    :     Make sure to call shutdown()/shutdownNow()
06-06 06:10:17.650  2903  7476 E gjwb    : java.lang.RuntimeException: ManagedChannel allocation site
06-06 06:10:17.650  2903  7476 E gjwb    : 	at gjwa.<init>(:com.google.android.gms@251833022@25.18.33 (150400-756823100):21)
06-06 06:10:17.650  2903  7476 E gjwb    : 	at gjwb.<init>(:com.google.android.gms@251833022@25.18.33 (150400-756823100):10)
06-06 06:10:17.650  2903  7476 E gjwb    : 	at gjvz.a(:com.google.android.gms@251833022@25.18.33 (150400-756823100):259)
06-06 06:10:17.650  2903  7476 E gjwb    : 	at gjhb.a(:com.google.android.gms@251833022@25.18.33 (150400-756823100):5)
06-06 06:10:17.650  2903  7476 E gjwb    : 	at gjlq.a(:com.google.android.gms@251833022@25.18.33 (150400-756823100):14)
06-06 06:10:17.650  2903  7476 E gjwb    : 	at amms.b(:com.google.android.gms@251833022@25.18.33 (150400-756823100):63)
06-06 06:10:17.650  2903  7476 E gjwb    : 	at amms.a(:com.google.android.gms@251833022@25.18.33 (150400-756823100):3)
06-06 06:10:17.650  2903  7476 E gjwb    : 	at aogu.b(:com.google.android.gms@251833022@25.18.33 (150400-756823100):87)
06-06 06:10:17.650  2903  7476 E gjwb    : 	at com.google.android.gms.backup.settings.notifications.BackupNotificationsTask.d(:com.google.android.gms@251833022@25.18.33 (150400-756823100):76)
06-06 06:10:17.650  2903  7476 E gjwb    : 	at aogq.jB(:com.google.android.gms@251833022@25.18.33 (150400-756823100):25)
06-06 06:10:17.650  2903  7476 E gjwb    : 	at gklq.v(:com.google.android.gms@251833022@25.18.33 (150400-756823100):12)
06-06 06:10:17.650  2903  7476 E gjwb    : 	at gkvb.run(:com.google.android.gms@251833022@25.18.33 (150400-756823100):112)
06-06 06:10:17.650  2903  7476 E gjwb    : 	at avvk.c(:com.google.android.gms@251833022@25.18.33 (150400-756823100):50)
06-06 06:10:17.650  2903  7476 E gjwb    : 	at avvk.run(:com.google.android.gms@251833022@25.18.33 (150400-756823100):70)
06-06 06:10:17.650  2903  7476 E gjwb    : 	at java.util.concurrent.ThreadPoolExecutor.runWorker(ThreadPoolExecutor.java:1167)
06-06 06:10:17.650  2903  7476 E gjwb    : 	at java.util.concurrent.ThreadPoolExecutor$Worker.run(ThreadPoolExecutor.java:641)
06-06 06:10:17.650  2903  7476 E gjwb    : 	at awaz.run(:com.google.android.gms@251833022@25.18.33 (150400-756823100):8)
06-06 06:10:17.650  2903  7476 E gjwb    : 	at java.lang.Thread.run(Thread.java:923)
06-06 06:10:17.650  2903  7476 E gjwb    : *~*~*~ Previous channel {0} was garbage collected without being shut down! ~*~*~*
06-06 06:10:17.650  2903  7476 E gjwb    :     Make sure to call shutdown()/shutdownNow()
06-06 06:10:17.650  2903  7476 E gjwb    : java.lang.RuntimeException: ManagedChannel allocation site
06-06 06:10:17.650  2903  7476 E gjwb    : 	at gjwa.<init>(:com.google.android.gms@251833022@25.18.33 (150400-756823100):21)
06-06 06:10:17.650  2903  7476 E gjwb    : 	at gjwb.<init>(:com.google.android.gms@251833022@25.18.33 (150400-756823100):10)
06-06 06:10:17.650  2903  7476 E gjwb    : 	at gjvz.a(:com.google.android.gms@251833022@25.18.33 (150400-756823100):259)
06-06 06:10:17.650  2903  7476 E gjwb    : 	at gjhb.a(:com.google.android.gms@251833022@25.18.33 (150400-756823100):5)
06-06 06:10:17.650  2903  7476 E gjwb    : 	at avqc.a(:com.google.android.gms@251833022@25.18.33 (150400-756823100):70)
06-06 06:10:17.650  2903  7476 E gjwb    : 	at avpt.u(:com.google.android.gms@251833022@25.18.33 (150400-756823100):120)
06-06 06:10:17.650  2903  7476 E gjwb    : 	at avpt.e(:com.google.android.gms@251833022@25.18.33 (150400-756823100):5)
06-06 06:10:17.650  2903  7476 E gjwb    : 	at dmiy.a(:com.google.android.gms@251833022@25.18.33 (150400-756823100):45)
06-06 06:10:17.650  2903  7476 E gjwb    : 	at dmia.c(:com.google.android.gms@251833022@25.18.33 (150400-756823100):7)
06-06 06:10:17.650  2903  7476 E gjwb    : 	at dmia.a(:com.google.android.gms@251833022@25.18.33 (150400-756823100):3)
06-06 06:10:17.650  2903  7476 E gjwb    : 	at arcj.run(:com.google.android.gms@251833022@25.18.33 (150400-756823100):5)
06-06 06:10:17.650  2903  7476 E gjwb    : 	at avvk.c(:com.google.android.gms@251833022@25.18.33 (150400-756823100):50)
06-06 06:10:17.650  2903  7476 E gjwb    : 	at avvk.run(:com.google.android.gms@251833022@25.18.33 (150400-756823100):70)
06-06 06:10:17.650  2903  7476 E gjwb    : 	at java.util.concurrent.ThreadPoolExecutor.runWorker(ThreadPoolExecutor.java:1167)
06-06 06:10:17.650  2903  7476 E gjwb    : 	at java.util.concurrent.ThreadPoolExecutor$Worker.run(ThreadPoolExecutor.java:641)
06-06 06:10:17.650  2903  7476 E gjwb    : 	at awaz.run(:com.google.android.gms@251833022@25.18.33 (150400-756823100):8)
06-06 06:10:17.650  2903  7476 E gjwb    : 	at java.lang.Thread.run(Thread.java:923)
06-06 06:10:17.656  2173  7515 I NetworkScheduler.Stats: HousekeepingTask com.google.android.gms/com.google.android.gms.semanticlocationhistory.settings.LocationHistoryActiveProcessingService finished executing. cause:0 result: 1 elapsed_millis: 719 uptime_millis: 719 exec_start_elapsed_seconds: 2785 [CONTEXT service_id=218 ]
06-06 06:10:17.657  2903  2903 D BoundBrokerSvc: onUnbind: Intent { act=com.google.android.gms.semanticlocationhistory.settings.LocationHistoryActiveProcessingService.ACTION_TASK_READY dat=chimera-action: cmp=com.google.android.gms/.chimera.GmsInternalBoundBrokerService }
06-06 06:10:17.660  2903  2903 D BoundBrokerSvc: onUnbind: Intent { act=com.google.android.gms.semanticlocationhistory.db.backup.OdlhBackupService.ACTION_TASK_READY dat=chimera-action: cmp=com.google.android.gms/.chimera.GmsInternalBoundBrokerService }
06-06 06:10:17.661  2173  7515 I NetworkScheduler.Stats: HousekeepingTask com.google.android.gms/com.google.android.gms.semanticlocationhistory.db.backup.OdlhBackupService finished executing. cause:0 result: 1 elapsed_millis: 1317 uptime_millis: 1317 exec_start_elapsed_seconds: 2784 [CONTEXT service_id=218 ]
06-06 06:10:17.670  2903  2903 D BoundBrokerSvc: onBind: Intent { act=com.google.android.gms.semanticlocationhistory.deidentifieddata.wifi.WifiPlaceVisitProcessingService.ACTION_TASK_READY dat=chimera-action: cmp=com.google.android.gms/.chimera.GmsInternalBoundBrokerService }
06-06 06:10:17.670  2903  2903 D BoundBrokerSvc: Loading bound service for intent: Intent { act=com.google.android.gms.semanticlocationhistory.deidentifieddata.wifi.WifiPlaceVisitProcessingService.ACTION_TASK_READY dat=chimera-action: cmp=com.google.android.gms/.chimera.GmsInternalBoundBrokerService }
06-06 06:10:17.673  2173  7389 I NetworkScheduler.Stats: Task com.google.android.gms/com.google.android.gms.semanticlocationhistory.deidentifieddata.wifi.WifiPlaceVisitProcessingService started execution. cause:5 exec_start_elapsed_seconds: 2786 [CONTEXT service_id=218 ]
06-06 06:10:16.638  1954  1972 E AccountManagerService: Couldn't determine the packageUid for android.content.pm.PackageManager$NameNotFoundException: 
06-06 06:10:17.674  1954  4853 D CompatibilityChangeReporter: Compat change id reported: 135634846; UID 10132; state: DISABLED
06-06 06:10:17.674  1954  4853 D CompatibilityChangeReporter: Compat change id reported: 135754954; UID 10132; state: ENABLED
06-06 06:10:17.674  1954  1996 D CompatibilityChangeReporter: Compat change id reported: 143937733; UID 10132; state: ENABLED
06-06 06:10:17.677  2903  2903 D BoundBrokerSvc: onBind: Intent { act=com.google.android.gms.backup.transport.snapshot.DeviceStateSnapshotLoggingTask.ACTION_TASK_READY dat=chimera-action: cmp=com.google.android.gms/.chimera.GmsInternalBoundBrokerService }
06-06 06:10:17.677  2903  2903 D BoundBrokerSvc: Loading bound service for intent: Intent { act=com.google.android.gms.backup.transport.snapshot.DeviceStateSnapshotLoggingTask.ACTION_TASK_READY dat=chimera-action: cmp=com.google.android.gms/.chimera.GmsInternalBoundBrokerService }
06-06 06:10:17.679  2173  7515 I NetworkScheduler.Stats: Task com.google.android.gms/com.google.android.gms.backup.transport.snapshot.DeviceStateSnapshotLoggingTask started execution. cause:5 exec_start_elapsed_seconds: 2786 [CONTEXT service_id=218 ]
06-06 06:10:17.679  2903  7527 V Backup  : [DeviceStateSnapshotLoggingTask] Running
06-06 06:10:17.685  1723  1723 D Zygote  : Forked child process 7529
06-06 06:10:17.687  1954  1996 I ActivityManager: Start proc 7529:com.google.process.gapps/u0a132 for content provider {com.google.android.gsf/com.google.android.gsf.settings.GoogleSettingsProvider}
06-06 06:10:17.692  7529  7529 I Zygote  : seccomp disabled by setenforce 0
06-06 06:10:17.699  1838  1857 I adbd    : jdwp connection from 7529
06-06 06:10:17.709  7529  7529 I e.process.gapp: The ClassLoaderContext is a special shared library.
06-06 06:10:17.739  7529  7529 W e.process.gapp: Method Landroid/car/vms/VmsClient;.setSubscriptions is abstract, but the declaring class is neither abstract nor an interface in dex file /system/system_ext/priv-app/GoogleServicesFramework/GoogleServicesFramework.apk
06-06 06:10:17.739  7529  7529 W e.process.gapp: Method Landroidx/appcompat/graphics/drawable/DrawableContainer;.cloneConstantState is abstract, but the declaring class is neither abstract nor an interface in dex file /system/system_ext/priv-app/GoogleServicesFramework/GoogleServicesFramework.apk
06-06 06:10:17.739  7529  7529 W e.process.gapp: Method Landroidx/appcompat/widget/ScrollingTabContainerView;.setAllowCollapse is abstract, but the declaring class is neither abstract nor an interface in dex file /system/system_ext/priv-app/GoogleServicesFramework/GoogleServicesFramework.apk
06-06 06:10:17.740  7529  7529 W e.process.gapp: Method Landroidx/fragment/app/FragmentFactory;.instantiate is abstract, but the declaring class is neither abstract nor an interface in dex file /system/system_ext/priv-app/GoogleServicesFramework/GoogleServicesFramework.apk
06-06 06:10:17.740  7529  7529 W e.process.gapp: Method Landroidx/lifecycle/SavedStateHandle;.savedStateProvider is abstract, but the declaring class is neither abstract nor an interface in dex file /system/system_ext/priv-app/GoogleServicesFramework/GoogleServicesFramework.apk
06-06 06:10:17.740  7529  7529 W e.process.gapp: Method Landroidx/loader/content/Loader;.abandon is abstract, but the declaring class is neither abstract nor an interface in dex file /system/system_ext/priv-app/GoogleServicesFramework/GoogleServicesFramework.apk
06-06 06:10:17.740  7529  7529 W e.process.gapp: Method Landroidx/loader/content/Loader;.cancelLoad is abstract, but the declaring class is neither abstract nor an interface in dex file /system/system_ext/priv-app/GoogleServicesFramework/GoogleServicesFramework.apk
06-06 06:10:17.740  7529  7529 W e.process.gapp: Method Landroidx/loader/content/Loader;.dataToString is abstract, but the declaring class is neither abstract nor an interface in dex file /system/system_ext/priv-app/GoogleServicesFramework/GoogleServicesFramework.apk
06-06 06:10:17.740  7529  7529 W e.process.gapp: Method Landroidx/loader/content/Loader;.dump is abstract, but the declaring class is neither abstract nor an interface in dex file /system/system_ext/priv-app/GoogleServicesFramework/GoogleServicesFramework.apk
06-06 06:10:17.740  7529  7529 W e.process.gapp: Method Landroidx/loader/content/Loader;.reset is abstract, but the declaring class is neither abstract nor an interface in dex file /system/system_ext/priv-app/GoogleServicesFramework/GoogleServicesFramework.apk
06-06 06:10:17.740  7529  7529 W e.process.gapp: Method Landroidx/loader/content/Loader;.stopLoading is abstract, but the declaring class is neither abstract nor an interface in dex file /system/system_ext/priv-app/GoogleServicesFramework/GoogleServicesFramework.apk
06-06 06:10:17.740  7529  7529 W e.process.gapp: Method Landroidx/loader/content/Loader;.unregisterListener is abstract, but the declaring class is neither abstract nor an interface in dex file /system/system_ext/priv-app/GoogleServicesFramework/GoogleServicesFramework.apk
06-06 06:10:17.740  7529  7529 W e.process.gapp: Method Landroidx/preference/PreferenceManager;.getEditor is abstract, but the declaring class is neither abstract nor an interface in dex file /system/system_ext/priv-app/GoogleServicesFramework/GoogleServicesFramework.apk
06-06 06:10:17.740  7529  7529 W e.process.gapp: Method Landroidx/preference/PreferenceManager;.getPreferenceDataStore is abstract, but the declaring class is neither abstract nor an interface in dex file /system/system_ext/priv-app/GoogleServicesFramework/GoogleServicesFramework.apk
06-06 06:10:17.740  7529  7529 W e.process.gapp: Method Landroidx/preference/PreferenceManager;.getSharedPreferences is abstract, but the declaring class is neither abstract nor an interface in dex file /system/system_ext/priv-app/GoogleServicesFramework/GoogleServicesFramework.apk
06-06 06:10:17.740  7529  7529 W e.process.gapp: Method Landroidx/preference/PreferenceManager;.shouldCommit is abstract, but the declaring class is neither abstract nor an interface in dex file /system/system_ext/priv-app/GoogleServicesFramework/GoogleServicesFramework.apk
06-06 06:10:17.740  7529  7529 W e.process.gapp: Method Lcom/google/android/pano/widget/MetadataView$MetadataHolder;.equals is abstract, but the declaring class is neither abstract nor an interface in dex file /system/system_ext/priv-app/GoogleServicesFramework/GoogleServicesFramework.apk
06-06 06:10:17.740  7529  7529 W e.process.gapp: Method Landroidx/loader/app/LoaderManagerImpl$LoaderObserver;.dump is abstract, but the declaring class is neither abstract nor an interface in dex file /system/system_ext/priv-app/GoogleServicesFramework/GoogleServicesFramework.apk
06-06 06:10:17.740  7529  7529 W e.process.gapp: Method Landroidx/loader/app/LoaderManagerImpl$LoaderObserver;.hasDeliveredData is abstract, but the declaring class is neither abstract nor an interface in dex file /system/system_ext/priv-app/GoogleServicesFramework/GoogleServicesFramework.apk
06-06 06:10:17.740  7529  7529 W e.process.gapp: Method Landroidx/loader/app/LoaderManagerImpl$LoaderObserver;.reset is abstract, but the declaring class is neither abstract nor an interface in dex file /system/system_ext/priv-app/GoogleServicesFramework/GoogleServicesFramework.apk
06-06 06:10:17.740  7529  7529 W e.process.gapp: Method Landroidx/recyclerview/widget/LinearSmoothScroller;.calculateTimeForScrolling is abstract, but the declaring class is neither abstract nor an interface in dex file /system/system_ext/priv-app/GoogleServicesFramework/GoogleServicesFramework.apk
06-06 06:10:17.740  7529  7529 W e.process.gapp: Method Lcom/google/wireless/gdata/parser/xml/XmlGDataParser;.createEntry is abstract, but the declaring class is neither abstract nor an interface in dex file /system/system_ext/priv-app/GoogleServicesFramework/GoogleServicesFramework.apk
06-06 06:10:17.740  7529  7529 W e.process.gapp: Method Lcom/google/wireless/gdata/parser/xml/XmlGDataParser;.createFeed is abstract, but the declaring class is neither abstract nor an interface in dex file /system/system_ext/priv-app/GoogleServicesFramework/GoogleServicesFramework.apk
06-06 06:10:17.740  7529  7529 W e.process.gapp: Method Lcom/google/wireless/gdata/parser/xml/XmlGDataParser;.handleExtraElementInEntry is abstract, but the declaring class is neither abstract nor an interface in dex file /system/system_ext/priv-app/GoogleServicesFramework/GoogleServicesFramework.apk
06-06 06:10:17.740  7529  7529 W e.process.gapp: Method Lcom/google/wireless/gdata/serializer/xml/XmlEntryGDataSerializer;.declareExtraEntryNamespaces is abstract, but the declaring class is neither abstract nor an interface in dex file /system/system_ext/priv-app/GoogleServicesFramework/GoogleServicesFramework.apk
06-06 06:10:17.740  7529  7529 W e.process.gapp: Method Lcom/google/wireless/gdata/serializer/xml/XmlEntryGDataSerializer;.serializeExtraEntryContents is abstract, but the declaring class is neither abstract nor an interface in dex file /system/system_ext/priv-app/GoogleServicesFramework/GoogleServicesFramework.apk
06-06 06:10:17.740  7529  7529 W e.process.gapp: Method Lcom/google/common/collect/Maps$SortedKeySet;.map is abstract, but the declaring class is neither abstract nor an interface in dex file /system/system_ext/priv-app/GoogleServicesFramework/GoogleServicesFramework.apk
06-06 06:10:17.745  7529  7529 D NetworkSecurityConfig: No Network Security Config specified, using platform default
06-06 06:10:17.759  1954  2288 D CompatibilityChangeReporter: Compat change id reported: 135634846; UID 10132; state: DISABLED
06-06 06:10:17.759  1954  2288 D CompatibilityChangeReporter: Compat change id reported: 135754954; UID 10132; state: ENABLED
06-06 06:10:17.759  1954  1996 D CompatibilityChangeReporter: Compat change id reported: 143937733; UID 10132; state: ENABLED
06-06 06:10:17.745  7529  7529 D NetworkSecurityConfig: No Network Security Config specified, using platform default
06-06 06:10:17.762  1723  1723 D Zygote  : Forked child process 7551
06-06 06:10:17.762  1954  1996 I ActivityManager: Start proc 7551:com.google.process.gservices/u0a132 for content provider {com.google.android.gsf/com.google.android.gsf.gservices.GservicesProvider}
06-06 06:10:17.764  7551  7551 I Zygote  : seccomp disabled by setenforce 0
06-06 06:10:17.765  1838  1857 I adbd    : jdwp connection from 7551
06-06 06:10:17.769  7551  7551 I ocess.gservice: The ClassLoaderContext is a special shared library.
06-06 06:10:17.776  7551  7551 W ocess.gservice: Method Landroid/car/vms/VmsClient;.setSubscriptions is abstract, but the declaring class is neither abstract nor an interface in dex file /system/system_ext/priv-app/GoogleServicesFramework/GoogleServicesFramework.apk
06-06 06:10:17.776  7551  7551 W ocess.gservice: Method Landroidx/appcompat/graphics/drawable/DrawableContainer;.cloneConstantState is abstract, but the declaring class is neither abstract nor an interface in dex file /system/system_ext/priv-app/GoogleServicesFramework/GoogleServicesFramework.apk
06-06 06:10:17.776  7551  7551 W ocess.gservice: Method Landroidx/appcompat/widget/ScrollingTabContainerView;.setAllowCollapse is abstract, but the declaring class is neither abstract nor an interface in dex file /system/system_ext/priv-app/GoogleServicesFramework/GoogleServicesFramework.apk
06-06 06:10:17.776  7551  7551 W ocess.gservice: Method Landroidx/fragment/app/FragmentFactory;.instantiate is abstract, but the declaring class is neither abstract nor an interface in dex file /system/system_ext/priv-app/GoogleServicesFramework/GoogleServicesFramework.apk
06-06 06:10:17.776  7551  7551 W ocess.gservice: Method Landroidx/lifecycle/SavedStateHandle;.savedStateProvider is abstract, but the declaring class is neither abstract nor an interface in dex file /system/system_ext/priv-app/GoogleServicesFramework/GoogleServicesFramework.apk
06-06 06:10:17.776  7551  7551 W ocess.gservice: Method Landroidx/loader/content/Loader;.abandon is abstract, but the declaring class is neither abstract nor an interface in dex file /system/system_ext/priv-app/GoogleServicesFramework/GoogleServicesFramework.apk
06-06 06:10:17.776  7551  7551 W ocess.gservice: Method Landroidx/loader/content/Loader;.cancelLoad is abstract, but the declaring class is neither abstract nor an interface in dex file /system/system_ext/priv-app/GoogleServicesFramework/GoogleServicesFramework.apk
06-06 06:10:17.776  7551  7551 W ocess.gservice: Method Landroidx/loader/content/Loader;.dataToString is abstract, but the declaring class is neither abstract nor an interface in dex file /system/system_ext/priv-app/GoogleServicesFramework/GoogleServicesFramework.apk
06-06 06:10:17.776  7551  7551 W ocess.gservice: Method Landroidx/loader/content/Loader;.dump is abstract, but the declaring class is neither abstract nor an interface in dex file /system/system_ext/priv-app/GoogleServicesFramework/GoogleServicesFramework.apk
06-06 06:10:17.776  7551  7551 W ocess.gservice: Method Landroidx/loader/content/Loader;.reset is abstract, but the declaring class is neither abstract nor an interface in dex file /system/system_ext/priv-app/GoogleServicesFramework/GoogleServicesFramework.apk
06-06 06:10:17.776  7551  7551 W ocess.gservice: Method Landroidx/loader/content/Loader;.stopLoading is abstract, but the declaring class is neither abstract nor an interface in dex file /system/system_ext/priv-app/GoogleServicesFramework/GoogleServicesFramework.apk
06-06 06:10:17.776  7551  7551 W ocess.gservice: Method Landroidx/loader/content/Loader;.unregisterListener is abstract, but the declaring class is neither abstract nor an interface in dex file /system/system_ext/priv-app/GoogleServicesFramework/GoogleServicesFramework.apk
06-06 06:10:17.776  7551  7551 W ocess.gservice: Method Landroidx/preference/PreferenceManager;.getEditor is abstract, but the declaring class is neither abstract nor an interface in dex file /system/system_ext/priv-app/GoogleServicesFramework/GoogleServicesFramework.apk
06-06 06:10:17.776  7551  7551 W ocess.gservice: Method Landroidx/preference/PreferenceManager;.getPreferenceDataStore is abstract, but the declaring class is neither abstract nor an interface in dex file /system/system_ext/priv-app/GoogleServicesFramework/GoogleServicesFramework.apk
06-06 06:10:17.776  7551  7551 W ocess.gservice: Method Landroidx/preference/PreferenceManager;.getSharedPreferences is abstract, but the declaring class is neither abstract nor an interface in dex file /system/system_ext/priv-app/GoogleServicesFramework/GoogleServicesFramework.apk
06-06 06:10:17.776  7551  7551 W ocess.gservice: Method Landroidx/preference/PreferenceManager;.shouldCommit is abstract, but the declaring class is neither abstract nor an interface in dex file /system/system_ext/priv-app/GoogleServicesFramework/GoogleServicesFramework.apk
06-06 06:10:17.776  7551  7551 W ocess.gservice: Method Lcom/google/android/pano/widget/MetadataView$MetadataHolder;.equals is abstract, but the declaring class is neither abstract nor an interface in dex file /system/system_ext/priv-app/GoogleServicesFramework/GoogleServicesFramework.apk
06-06 06:10:17.776  7551  7551 W ocess.gservice: Method Landroidx/loader/app/LoaderManagerImpl$LoaderObserver;.dump is abstract, but the declaring class is neither abstract nor an interface in dex file /system/system_ext/priv-app/GoogleServicesFramework/GoogleServicesFramework.apk
06-06 06:10:17.777  7551  7551 W ocess.gservice: Method Landroidx/loader/app/LoaderManagerImpl$LoaderObserver;.hasDeliveredData is abstract, but the declaring class is neither abstract nor an interface in dex file /system/system_ext/priv-app/GoogleServicesFramework/GoogleServicesFramework.apk
06-06 06:10:17.777  7551  7551 W ocess.gservice: Method Landroidx/loader/app/LoaderManagerImpl$LoaderObserver;.reset is abstract, but the declaring class is neither abstract nor an interface in dex file /system/system_ext/priv-app/GoogleServicesFramework/GoogleServicesFramework.apk
06-06 06:10:17.777  7551  7551 W ocess.gservice: Method Landroidx/recyclerview/widget/LinearSmoothScroller;.calculateTimeForScrolling is abstract, but the declaring class is neither abstract nor an interface in dex file /system/system_ext/priv-app/GoogleServicesFramework/GoogleServicesFramework.apk
06-06 06:10:17.777  7551  7551 W ocess.gservice: Method Lcom/google/wireless/gdata/parser/xml/XmlGDataParser;.createEntry is abstract, but the declaring class is neither abstract nor an interface in dex file /system/system_ext/priv-app/GoogleServicesFramework/GoogleServicesFramework.apk
06-06 06:10:17.777  7551  7551 W ocess.gservice: Method Lcom/google/wireless/gdata/parser/xml/XmlGDataParser;.createFeed is abstract, but the declaring class is neither abstract nor an interface in dex file /system/system_ext/priv-app/GoogleServicesFramework/GoogleServicesFramework.apk
06-06 06:10:17.777  7551  7551 W ocess.gservice: Method Lcom/google/wireless/gdata/parser/xml/XmlGDataParser;.handleExtraElementInEntry is abstract, but the declaring class is neither abstract nor an interface in dex file /system/system_ext/priv-app/GoogleServicesFramework/GoogleServicesFramework.apk
06-06 06:10:17.777  7551  7551 W ocess.gservice: Method Lcom/google/wireless/gdata/serializer/xml/XmlEntryGDataSerializer;.declareExtraEntryNamespaces is abstract, but the declaring class is neither abstract nor an interface in dex file /system/system_ext/priv-app/GoogleServicesFramework/GoogleServicesFramework.apk
06-06 06:10:17.777  7551  7551 W ocess.gservice: Method Lcom/google/wireless/gdata/serializer/xml/XmlEntryGDataSerializer;.serializeExtraEntryContents is abstract, but the declaring class is neither abstract nor an interface in dex file /system/system_ext/priv-app/GoogleServicesFramework/GoogleServicesFramework.apk
06-06 06:10:17.777  7551  7551 W ocess.gservice: Method Lcom/google/common/collect/Maps$SortedKeySet;.map is abstract, but the declaring class is neither abstract nor an interface in dex file /system/system_ext/priv-app/GoogleServicesFramework/GoogleServicesFramework.apk
06-06 06:10:17.779  7551  7551 D NetworkSecurityConfig: No Network Security Config specified, using platform default
06-06 06:10:17.779  7551  7551 D NetworkSecurityConfig: No Network Security Config specified, using platform default
06-06 06:10:17.780  7551  7551 I GservicesProvider: Gservices pushing to system: true; secure/global: true
06-06 06:10:17.787  7529  7529 I GoogleHttpClient: GMS http client unavailable, use old client
06-06 06:10:17.792  2173  7389 I NetworkScheduler.Stats: HousekeepingTask com.google.android.gms/com.google.android.gms.semanticlocationhistory.deidentifieddata.wifi.WifiPlaceVisitProcessingService finished executing. cause:0 result: 2 elapsed_millis: 122 uptime_millis: 122 exec_start_elapsed_seconds: 2786 [CONTEXT service_id=218 ]
06-06 06:10:17.793  2903  2903 D BoundBrokerSvc: onUnbind: Intent { act=com.google.android.gms.semanticlocationhistory.deidentifieddata.wifi.WifiPlaceVisitProcessingService.ACTION_TASK_READY dat=chimera-action: cmp=com.google.android.gms/.chimera.GmsInternalBoundBrokerService }
06-06 06:10:17.797  2903  2903 D BoundBrokerSvc: onBind: Intent { act=com.google.android.gms.semanticlocationhistory.deidentifieddata.historicalbusyness.HistoricalBusynessProcessingService.ACTION_TASK_READY dat=chimera-action: cmp=com.google.android.gms/.chimera.GmsInternalBoundBrokerService }
06-06 06:10:17.797  2903  2903 D BoundBrokerSvc: Loading bound service for intent: Intent { act=com.google.android.gms.semanticlocationhistory.deidentifieddata.historicalbusyness.HistoricalBusynessProcessingService.ACTION_TASK_READY dat=chimera-action: cmp=com.google.android.gms/.chimera.GmsInternalBoundBrokerService }
06-06 06:10:17.798  2173  7515 I NetworkScheduler.Stats: Task com.google.android.gms/com.google.android.gms.semanticlocationhistory.deidentifieddata.historicalbusyness.HistoricalBusynessProcessingService started execution. cause:5 exec_start_elapsed_seconds: 2786 [CONTEXT service_id=218 ]
06-06 06:10:17.801  2173  7389 I NetworkScheduler.Stats: HousekeepingTask com.google.android.gms/com.google.android.gms.semanticlocationhistory.deidentifieddata.historicalbusyness.HistoricalBusynessProcessingService finished executing. cause:0 result: 1 elapsed_millis: 4 uptime_millis: 4 exec_start_elapsed_seconds: 2786 [CONTEXT service_id=218 ]
06-06 06:10:17.801  2903  2903 D BoundBrokerSvc: onUnbind: Intent { act=com.google.android.gms.semanticlocationhistory.deidentifieddata.historicalbusyness.HistoricalBusynessProcessingService.ACTION_TASK_READY dat=chimera-action: cmp=com.google.android.gms/.chimera.GmsInternalBoundBrokerService }
06-06 06:10:17.802  2173  2173 W SystemServiceRegistry: No service published for: persistent_data_block
06-06 06:10:17.804  2903  7527 D Backup  : [BackupHttpRequestUtil] Routing request of type GET_APP_BACKUP_STATS
06-06 06:10:17.804  2903  7527 D Backup  : [BackupHttpRequestUtil] Legacy Server request url: https://android.googleapis.com/backup
06-06 06:10:17.805  2903  7527 D Backup  : [BackupHttpRequestUtil] sending request: 186 bytes
06-06 06:10:17.805  2903  2903 D BoundBrokerSvc: onBind: Intent { act=com.google.android.gms.semanticlocationhistory.settings.SettingsSyncService.ACTION_TASK_READY dat=chimera-action: cmp=com.google.android.gms/.chimera.GmsInternalBoundBrokerService }
06-06 06:10:17.805  2903  2903 D BoundBrokerSvc: Loading bound service for intent: Intent { act=com.google.android.gms.semanticlocationhistory.settings.SettingsSyncService.ACTION_TASK_READY dat=chimera-action: cmp=com.google.android.gms/.chimera.GmsInternalBoundBrokerService }
06-06 06:10:17.806  2173  7515 I NetworkScheduler.Stats: Task com.google.android.gms/com.google.android.gms.semanticlocationhistory.settings.SettingsSyncService started execution. cause:5 exec_start_elapsed_seconds: 2786 [CONTEXT service_id=218 ]
06-06 06:10:17.808  2173  3466 W GLSUser : [DeviceKeyStore] Cannot load key: Device key file not found.
06-06 06:10:17.808  2173  3466 W GLSUser : [DeviceKeyStore] Cannot load key: Device key file not found.
06-06 06:10:17.890  2903  7479 W Conscrypt: Could not set socket write timeout: java.net.SocketException: Socket closed
06-06 06:10:17.890  2903  7479 W Conscrypt: 	at com.google.android.gms.org.conscrypt.Platform.setSocketWriteTimeout(:com.google.android.gms@251833022@25.18.33 (150400-756823100):219)
06-06 06:10:17.890  2903  7479 W Conscrypt: 	at com.google.android.gms.org.conscrypt.ConscryptFileDescriptorSocket.setSoWriteTimeout(:com.google.android.gms@251833022@25.18.33 (150400-756823100):4)
06-06 06:10:17.897  2903  7527 W Conscrypt: Could not set socket write timeout: java.net.SocketException: Socket closed
06-06 06:10:17.899  2903  7527 W Conscrypt: 	at com.google.android.gms.org.conscrypt.Platform.setSocketWriteTimeout(:com.google.android.gms@251833022@25.18.33 (150400-756823100):219)
06-06 06:10:17.899  2903  7527 W Conscrypt: 	at com.google.android.gms.org.conscrypt.ConscryptFileDescriptorSocket.setSoWriteTimeout(:com.google.android.gms@251833022@25.18.33 (150400-756823100):4)
06-06 06:10:17.972  2903  7479 W Conscrypt: Could not set socket write timeout: java.net.SocketException: Socket closed
06-06 06:10:17.972  2903  7479 W Conscrypt: 	at com.google.android.gms.org.conscrypt.Platform.setSocketWriteTimeout(:com.google.android.gms@251833022@25.18.33 (150400-756823100):219)
06-06 06:10:17.972  2903  7479 W Conscrypt: 	at com.google.android.gms.org.conscrypt.ConscryptFileDescriptorSocket.setSoWriteTimeout(:com.google.android.gms@251833022@25.18.33 (150400-756823100):4)
06-06 06:10:17.982  2903  7527 W Conscrypt: Could not set socket write timeout: java.net.SocketException: Socket closed
06-06 06:10:17.982  2903  7527 W Conscrypt: 	at com.google.android.gms.org.conscrypt.Platform.setSocketWriteTimeout(:com.google.android.gms@251833022@25.18.33 (150400-756823100):219)
06-06 06:10:17.982  2903  7527 W Conscrypt: 	at com.google.android.gms.org.conscrypt.ConscryptFileDescriptorSocket.setSoWriteTimeout(:com.google.android.gms@251833022@25.18.33 (150400-756823100):4)
06-06 06:10:18.465  2903  7527 I Backup  : [BackupHttpRequestUtil] Http Response Code: 200
06-06 06:10:18.470  2173  3466 W GLSUser : [DeviceKeyStore] Cannot load key: Device key file not found.
06-06 06:10:18.470  2173  3466 W GLSUser : [DeviceKeyStore] Cannot load key: Device key file not found.
06-06 06:10:18.473  2903  7527 V Backup  : [ClearcutLoggerWithVerifier] Logging to Clearcut eventCode: 15, event: # ewob@789e413c
06-06 06:10:18.475  2173  7391 I NetworkScheduler.Stats: HousekeepingTask com.google.android.gms/com.google.android.gms.backup.transport.snapshot.DeviceStateSnapshotLoggingTask finished executing. cause:0 result: 1 elapsed_millis: 798 uptime_millis: 798 exec_start_elapsed_seconds: 2786 [CONTEXT service_id=218 ]
06-06 06:10:18.475  2903  2903 D BoundBrokerSvc: onUnbind: Intent { act=com.google.android.gms.backup.transport.snapshot.DeviceStateSnapshotLoggingTask.ACTION_TASK_READY dat=chimera-action: cmp=com.google.android.gms/.chimera.GmsInternalBoundBrokerService }
06-06 06:10:18.479  2173  7389 I NetworkScheduler.Stats: Task com.google.android.gms/com.google.android.gms.scheduler.standalone.housekeeping.HousekeepingTrainTaskService finished executing. cause:5 result: 1 elapsed_millis: 2197 uptime_millis: 2197 exec_start_elapsed_seconds: 2784 [CONTEXT service_id=218 ]
06-06 06:10:18.495  2173  7391 I NetworkScheduler.Stats: Task com.google.android.gms/com.google.android.gms.scheduler.standalone.housekeeping.HousekeepingTrainTaskService started execution. cause:5 exec_start_elapsed_seconds: 2787 [CONTEXT service_id=218 ]
06-06 06:10:18.504  2173  7516 I NetworkScheduler.Stats: Task com.google.android.gms/com.google.android.gms.gass.chimera.SchedulePeriodicTasksService started execution. cause:5 exec_start_elapsed_seconds: 2787 [CONTEXT service_id=218 ]
06-06 06:10:18.505  2173  7514 I NetworkScheduler.Stats: HousekeepingTask com.google.android.gms/com.google.android.gms.gass.chimera.SchedulePeriodicTasksService finished executing. cause:0 result: 1 elapsed_millis: 5 uptime_millis: 5 exec_start_elapsed_seconds: 2787 [CONTEXT service_id=218 ]
06-06 06:10:18.506  2173  7514 I NetworkScheduler.Stats: Task com.google.android.gms/com.google.android.gms.scheduler.standalone.housekeeping.HousekeepingTrainTaskService finished executing. cause:5 result: 1 elapsed_millis: 11 uptime_millis: 11 exec_start_elapsed_seconds: 2787 [CONTEXT service_id=218 ]
06-06 06:10:18.515  2173  7516 I NetworkScheduler.Stats: Task com.google.android.gms/com.google.android.gms.scheduler.standalone.housekeeping.HousekeepingTrainTaskService started execution. cause:5 exec_start_elapsed_seconds: 2787 [CONTEXT service_id=218 ]
06-06 06:10:18.523  2173  7391 I NetworkScheduler.Stats: Task com.google.android.gms/com.google.android.gms.ipa.base.IpaGcmTaskService started execution. cause:5 exec_start_elapsed_seconds: 2787 [CONTEXT service_id=218 ]
06-06 06:10:18.523  2173  7514 I NetworkScheduler.Stats: HousekeepingTask com.google.android.gms/com.google.android.gms.ipa.base.IpaGcmTaskService finished executing. cause:0 result: 1 elapsed_millis: 4 uptime_millis: 4 exec_start_elapsed_seconds: 2787 [CONTEXT service_id=218 ]
06-06 06:10:18.525  2173  7514 I NetworkScheduler.Stats: Task com.google.android.gms/com.google.android.gms.scheduler.standalone.housekeeping.HousekeepingTrainTaskService finished executing. cause:5 result: 1 elapsed_millis: 9 uptime_millis: 9 exec_start_elapsed_seconds: 2787 [CONTEXT service_id=218 ]
06-06 06:10:18.532  2173  7389 I NetworkScheduler.Stats: Task com.google.android.gms/com.google.android.gms.scheduler.standalone.housekeeping.HousekeepingTrainTaskService started execution. cause:5 exec_start_elapsed_seconds: 2787 [CONTEXT service_id=218 ]
06-06 06:10:18.538  2173  7516 I NetworkScheduler.Stats: Task com.google.android.gms/com.google.android.gms.icing.proxy.IcingInternalCorporaUpdateService started execution. cause:5 exec_start_elapsed_seconds: 2787 [CONTEXT service_id=218 ]
06-06 06:10:18.540  2173  7514 I NetworkScheduler.Stats: HousekeepingTask com.google.android.gms/com.google.android.gms.icing.proxy.IcingInternalCorporaUpdateService finished executing. cause:0 result: 1 elapsed_millis: 4 uptime_millis: 4 exec_start_elapsed_seconds: 2787 [CONTEXT service_id=218 ]
06-06 06:10:18.546  2173  7516 I NetworkScheduler.Stats: Task com.google.android.gms/com.google.android.gms.people.service.DeletedNullContactsCleanupService started execution. cause:5 exec_start_elapsed_seconds: 2787 [CONTEXT service_id=218 ]
06-06 06:10:18.554  2903  7527 I DeletedNullContactsCleanup: Scheduling the service.
06-06 06:10:18.555  2173  7522 I NetworkScheduler.Stats: HousekeepingTask com.google.android.gms/com.google.android.gms.people.service.DeletedNullContactsCleanupService finished executing. cause:0 result: 1 elapsed_millis: 12 uptime_millis: 12 exec_start_elapsed_seconds: 2787 [CONTEXT service_id=218 ]
06-06 06:10:18.562  2903  7153 I Icing   : IndexChimeraService.getServiceInterface callingPackage=com.google.android.gms componentName=AppsCorpus serviceId=32
06-06 06:10:18.563  2903  7153 I Icing   : Query from package: com.google.android.gms, component: AppsCorpus, restrict package: com.google.android.gms, start: 0, num: 100
06-06 06:10:18.566  2903  7153 I Icing   : IndexChimeraService.getServiceInterface callingPackage=com.google.android.gms componentName=AppsCorpus serviceId=36
06-06 06:10:18.570  2173  7522 I NetworkScheduler.Stats: Task com.google.android.gms/com.google.android.gms.people.service.BackupAndSyncOptInValidationService started execution. cause:5 exec_start_elapsed_seconds: 2787 [CONTEXT service_id=218 ]
06-06 06:10:18.571  2903  6875 I Icing   : IndexChimeraService.getServiceInterface callingPackage=com.google.android.gms componentName=null serviceId=30
06-06 06:10:18.572  2903  7527 I Icing   : Usage reports ok 0, Failed Usage reports 0, indexed 0, rejected 0
06-06 06:10:18.574  2903  7526 I BackupAndSyncValidation: Scheduling the service.
06-06 06:10:18.575  2903  7527 I Icing   : Usage reports ok 0, Failed Usage reports 0, indexed 0, rejected 0
06-06 06:10:18.575  2173  7516 I NetworkScheduler.Stats: HousekeepingTask com.google.android.gms/com.google.android.gms.people.service.BackupAndSyncOptInValidationService finished executing. cause:0 result: 1 elapsed_millis: 14 uptime_millis: 14 exec_start_elapsed_seconds: 2787 [CONTEXT service_id=218 ]
06-06 06:10:18.576  2173  7576 I NetworkScheduler.Stats: Task com.google.android.gms/com.google.android.gms.scheduler.standalone.housekeeping.HousekeepingTrainTaskService finished executing. cause:5 result: 1 elapsed_millis: 44 uptime_millis: 44 exec_start_elapsed_seconds: 2787 [CONTEXT service_id=218 ]
06-06 06:10:18.577  2903  7527 I Icing   : Usage reports ok 0, Failed Usage reports 0, indexed 0, rejected 0
06-06 06:10:18.578  2903  7527 I Icing   : Indexing com.google.android.gms-apps from com.google.android.gms
06-06 06:10:18.586  2173  7391 I NetworkScheduler.Stats: Task com.google.android.gms/com.google.android.gms.scheduler.standalone.housekeeping.HousekeepingTrainTaskService started execution. cause:5 exec_start_elapsed_seconds: 2787 [CONTEXT service_id=218 ]
06-06 06:10:18.590  2903  2903 D BoundBrokerSvc: onBind: Intent { act=com.google.android.gms.semanticlocationhistory.monitoring.MonitoringService.ACTION_TASK_READY dat=chimera-action: cmp=com.google.android.gms/.chimera.GmsInternalBoundBrokerService }
06-06 06:10:18.590  2903  2903 D BoundBrokerSvc: Loading bound service for intent: Intent { act=com.google.android.gms.semanticlocationhistory.monitoring.MonitoringService.ACTION_TASK_READY dat=chimera-action: cmp=com.google.android.gms/.chimera.GmsInternalBoundBrokerService }
06-06 06:10:18.591  2173  7577 I NetworkScheduler.Stats: Task com.google.android.gms/com.google.android.gms.semanticlocationhistory.monitoring.MonitoringService started execution. cause:5 exec_start_elapsed_seconds: 2787 [CONTEXT service_id=218 ]
06-06 06:10:18.593  2173  7389 I NetworkScheduler.Stats: HousekeepingTask com.google.android.gms/com.google.android.gms.semanticlocationhistory.monitoring.MonitoringService finished executing. cause:0 result: 1 elapsed_millis: 3 uptime_millis: 3 exec_start_elapsed_seconds: 2787 [CONTEXT service_id=218 ]
06-06 06:10:18.593  2903  2903 D BoundBrokerSvc: onUnbind: Intent { act=com.google.android.gms.semanticlocationhistory.monitoring.MonitoringService.ACTION_TASK_READY dat=chimera-action: cmp=com.google.android.gms/.chimera.GmsInternalBoundBrokerService }
06-06 06:10:18.595  2173  7389 I NetworkScheduler.Stats: Task com.google.android.gms/com.google.android.gms.scheduler.standalone.housekeeping.HousekeepingTrainTaskService finished executing. cause:5 result: 1 elapsed_millis: 9 uptime_millis: 9 exec_start_elapsed_seconds: 2787 [CONTEXT service_id=218 ]
06-06 06:10:18.599  2903  7527 I Icing   : Indexing done com.google.android.gms-apps
06-06 06:10:18.604  2173  7391 I NetworkScheduler.Stats: Task com.google.android.gms/com.google.android.gms.scheduler.standalone.housekeeping.HousekeepingTrainTaskService started execution. cause:5 exec_start_elapsed_seconds: 2787 [CONTEXT service_id=218 ]
06-06 06:10:18.610  2173  7577 I NetworkScheduler.Stats: Task com.google.android.gms/com.google.android.gms.telephonyspam.sync.SpamListSyncTaskService started execution. cause:5 exec_start_elapsed_seconds: 2787 [CONTEXT service_id=218 ]
06-06 06:10:18.610  2903  7480 I TelephonySpamChimeraSer: Running Telephony Spam Chimera Service [CONTEXT service_id=150 ]
06-06 06:10:18.611  2903  7480 I TelephonySpamChimeraSer: Cleaning SIP Header local table of old entries [CONTEXT service_id=150 ]
06-06 06:10:18.611  2903  7480 I SpamListSync: Call spam module disabled. Skipping cleaning cache sip header table. [CONTEXT service_id=150 ]
06-06 06:10:18.611  2903  7480 I TelephonySpamChimeraSer: Syncing Call Spam List [CONTEXT service_id=150 ]
06-06 06:10:18.611  2903  7480 I SpamListSync: SpamListSyncChimeraService.syncSpamList called with tag: telephonyspam.SpamListSyncTask, extras: Bundle[{SpamList Type=0, Action=1.0}] [CONTEXT service_id=150 ]
06-06 06:10:18.611  2903  7480 I SpamListSync: Call spam module disabled. Skipping spam list syncing. [CONTEXT service_id=150 ]
06-06 06:10:18.612  2173  7389 I NetworkScheduler.Stats: HousekeepingTask com.google.android.gms/com.google.android.gms.telephonyspam.sync.SpamListSyncTaskService finished executing. cause:0 result: 1 elapsed_millis: 4 uptime_millis: 4 exec_start_elapsed_seconds: 2787 [CONTEXT service_id=218 ]
06-06 06:10:18.615  2903  2903 D BoundBrokerSvc: onBind: Intent { act=com.google.android.gms.threadnetwork.credentials.firstparty.BorderRouterSyncBoundService.ACTION_TASK_READY dat=chimera-action: cmp=com.google.android.gms/.chimera.GmsInternalBoundBrokerService }
06-06 06:10:18.615  2903  2903 D BoundBrokerSvc: Loading bound service for intent: Intent { act=com.google.android.gms.threadnetwork.credentials.firstparty.BorderRouterSyncBoundService.ACTION_TASK_READY dat=chimera-action: cmp=com.google.android.gms/.chimera.GmsInternalBoundBrokerService }
06-06 06:10:18.616  2173  7389 I NetworkScheduler.Stats: Task com.google.android.gms/com.google.android.gms.threadnetwork.credentials.firstparty.BorderRouterSyncBoundService started execution. cause:5 exec_start_elapsed_seconds: 2787 [CONTEXT service_id=218 ]
06-06 06:10:18.617  2903  7527 I GmsThreadNetwork: [BorderRouterSyncBoundService] Border Router sync service run task [CONTEXT service_id=305 ]
06-06 06:10:18.618  2903  7527 I GmsThreadNetwork: [BorderRouterSynchronizer] Start syncing 1P Border Routers [CONTEXT service_id=305 ]
06-06 06:10:18.619  2903  7480 I GmsThreadNetwork: [BorderAgentScannerImpl] Started mDNS service browser [CONTEXT service_id=305 ]
06-06 06:10:18.621  1954  5902 I WifiService: acquireMulticastLock uid=10132
06-06 06:10:18.622  2903  2903 I GmsThreadNetwork: [BorderAgentScannerImpl] Sent Border Agent mDNS service query (transactionId = 1) [CONTEXT service_id=305 ]
06-06 06:10:18.884  2903  6849 I LocationHistory: [SettingsSync] Synced ODLH settings for all accounts. [CONTEXT service_id=314 ]
06-06 06:10:18.885  2173  7577 I NetworkScheduler.Stats: HousekeepingTask com.google.android.gms/com.google.android.gms.semanticlocationhistory.settings.SettingsSyncService finished executing. cause:0 result: 1 elapsed_millis: 1080 uptime_millis: 1080 exec_start_elapsed_seconds: 2786 [CONTEXT service_id=218 ]
